Component: ARM Compiler 5.06 update 1 (build 61) Tool: armlink [4d35a8]

==============================================================================

Section Cross References

    main.o(i.advertising_init) refers to memseta.o(.text) for __aeabi_memclr4
    main.o(i.advertising_init) refers to ble_advertising.o(i.ble_advertising_init) for ble_advertising_init
    main.o(i.advertising_init) refers to app_error.o(i.app_error_handler_bare) for app_error_handler_bare
    main.o(i.advertising_init) refers to ble_advertising.o(i.ble_advertising_conn_cfg_tag_set) for ble_advertising_conn_cfg_tag_set
    main.o(i.advertising_init) refers to main.o(.data) for m_adv_uuids
    main.o(i.advertising_init) refers to main.o(i.on_adv_evt) for on_adv_evt
    main.o(i.advertising_init) refers to main.o(.bss) for m_advertising
    main.o(i.advertising_start) refers to ble_advertising.o(i.ble_advertising_start) for ble_advertising_start
    main.o(i.advertising_start) refers to app_error.o(i.app_error_handler_bare) for app_error_handler_bare
    main.o(i.advertising_start) refers to main.o(.bss) for m_advertising
    main.o(i.ble_evt_handler) refers to nrf_log_frontend.o(i.nrf_log_frontend_std_0) for nrf_log_frontend_std_0
    main.o(i.ble_evt_handler) refers to bsp.o(i.bsp_indication_set) for bsp_indication_set
    main.o(i.ble_evt_handler) refers to app_error.o(i.app_error_handler_bare) for app_error_handler_bare
    main.o(i.ble_evt_handler) refers to nrf_ble_qwr.o(i.nrf_ble_qwr_conn_handle_assign) for nrf_ble_qwr_conn_handle_assign
    main.o(i.ble_evt_handler) refers to main.o(.data) for m_conn_handle
    main.o(i.ble_evt_handler) refers to nrf_log_frontend.o(log_const_data) for m_nrf_log_app_logs_data_const
    main.o(i.ble_evt_handler) refers to main.o(.bss) for m_qwr
    main.o(i.ble_ondisconnect) refers to systime.o(.data) for AsynFinished
    main.o(i.ble_ondisconnect) refers to main.o(.data) for m_conn_handle
    main.o(i.ble_rec_start_no_sync) refers to main.o(i.nrf_gpio_pin_clear) for nrf_gpio_pin_clear
    main.o(i.ble_rec_start_no_sync) refers to nrf_log_frontend.o(i.nrf_log_frontend_std_0) for nrf_log_frontend_std_0
    main.o(i.ble_rec_start_no_sync) refers to main.o(i.nrf_delay_ms) for nrf_delay_ms
    main.o(i.ble_rec_start_no_sync) refers to main.o(i.nrf_gpio_pin_set) for nrf_gpio_pin_set
    main.o(i.ble_rec_start_no_sync) refers to time_sync.o(.data) for SYNCStartFlag
    main.o(i.ble_rec_start_no_sync) refers to nrf_log_frontend.o(log_const_data) for m_nrf_log_app_logs_data_const
    main.o(i.ble_rec_start_sync) refers to time_sync.o(i.ts_tx_start) for ts_tx_start
    main.o(i.ble_rec_start_sync) refers to app_error.o(i.app_error_handler_bare) for app_error_handler_bare
    main.o(i.ble_rec_start_sync) refers to main.o(i.nrf_gpio_pin_set) for nrf_gpio_pin_set
    main.o(i.ble_rec_start_sync) refers to nrf_log_frontend.o(i.nrf_log_frontend_std_0) for nrf_log_frontend_std_0
    main.o(i.ble_rec_start_sync) refers to time_sync.o(.data) for SYNCStartFlag
    main.o(i.ble_rec_start_sync) refers to nrf_log_frontend.o(log_const_data) for m_nrf_log_app_logs_data_const
    main.o(i.ble_rec_stop_sync) refers to time_sync.o(i.ts_tx_stop) for ts_tx_stop
    main.o(i.ble_rec_stop_sync) refers to app_error.o(i.app_error_handler_bare) for app_error_handler_bare
    main.o(i.ble_rec_stop_sync) refers to main.o(i.nrf_gpio_pin_clear) for nrf_gpio_pin_clear
    main.o(i.ble_rec_stop_sync) refers to nrf_log_frontend.o(i.nrf_log_frontend_std_0) for nrf_log_frontend_std_0
    main.o(i.ble_rec_stop_sync) refers to main.o(i.nrf_delay_ms) for nrf_delay_ms
    main.o(i.ble_rec_stop_sync) refers to main.o(i.nrf_gpio_pin_set) for nrf_gpio_pin_set
    main.o(i.ble_rec_stop_sync) refers to time_sync.o(.data) for SYNCStartFlag
    main.o(i.ble_rec_stop_sync) refers to nrf_log_frontend.o(log_const_data) for m_nrf_log_app_logs_data_const
    main.o(i.ble_rec_sync_handle) refers to time_sync.o(i.ts_tx_stop) for ts_tx_stop
    main.o(i.ble_rec_sync_handle) refers to app_error.o(i.app_error_handler_bare) for app_error_handler_bare
    main.o(i.ble_rec_sync_handle) refers to main.o(i.nrf_gpio_pin_clear) for nrf_gpio_pin_clear
    main.o(i.ble_rec_sync_handle) refers to nrf_log_frontend.o(i.nrf_log_frontend_std_0) for nrf_log_frontend_std_0
    main.o(i.ble_rec_sync_handle) refers to main.o(i.nrf_delay_ms) for nrf_delay_ms
    main.o(i.ble_rec_sync_handle) refers to main.o(i.nrf_gpio_pin_set) for nrf_gpio_pin_set
    main.o(i.ble_rec_sync_handle) refers to time_sync.o(i.ts_tx_start) for ts_tx_start
    main.o(i.ble_rec_sync_handle) refers to main.o(.data) for m_send_sync_pkt
    main.o(i.ble_rec_sync_handle) refers to time_sync.o(.data) for SYNCStartFlag
    main.o(i.ble_rec_sync_handle) refers to nrf_log_frontend.o(log_const_data) for m_nrf_log_app_logs_data_const
    main.o(i.ble_send_synctime) refers to utility.o(i.CheckSum) for CheckSum
[...]
    PWM2_IRQHandler                          0x000263f7   Thumb Code     0  arm_startup_nrf52.o(.text)
    QDEC_IRQHandler                          0x000263f7   Thumb Code     0  arm_startup_nrf52.o(.text)
    RNG_IRQHandler                           0x000263f7   Thumb Code     0  arm_startup_nrf52.o(.text)
    RTC0_IRQHandler                          0x000263f7   Thumb Code     0  arm_startup_nrf52.o(.text)
    SAADC_IRQHandler                         0x000263f7   Thumb Code     0  arm_startup_nrf52.o(.text)
    SPIM0_SPIS0_TWIM0_TWIS0_SPI0_TWI0_IRQHandler 0x000263f7   Thumb Code     0  arm_startup_nrf52.o(.text)
    SPIM1_SPIS1_TWIM1_TWIS1_SPI1_TWI1_IRQHandler 0x000263f7   Thumb Code     0  arm_startup_nrf52.o(.text)
    SPIM2_SPIS2_SPI2_IRQHandler              0x000263f7   Thumb Code     0  arm_startup_nrf52.o(.text)
    SWI0_EGU0_IRQHandler                     0x000263f7   Thumb Code     0  arm_startup_nrf52.o(.text)
    SWI1_EGU1_IRQHandler                     0x000263f7   Thumb Code     0  arm_startup_nrf52.o(.text)
    SWI4_EGU4_IRQHandler                     0x000263f7   Thumb Code     0  arm_startup_nrf52.o(.text)
    SWI5_EGU5_IRQHandler                     0x000263f7   Thumb Code     0  arm_startup_nrf52.o(.text)
    TEMP_IRQHandler                          0x000263f7   Thumb Code     0  arm_startup_nrf52.o(.text)
    TIMER3_IRQHandler                        0x000263f7   Thumb Code     0  arm_startup_nrf52.o(.text)
    TIMER4_IRQHandler                        0x000263f7   Thumb Code     0  arm_startup_nrf52.o(.text)
    WDT_IRQHandler                           0x000263f7   Thumb Code     0  arm_startup_nrf52.o(.text)
    __aeabi_uldivmod                         0x00026401   Thumb Code    98  uldiv.o(.text)
    __aeabi_llsl                             0x00026463   Thumb Code    30  llshl.o(.text)
    _ll_shift_l                              0x00026463   Thumb Code     0  llshl.o(.text)
    __aeabi_llsr                             0x00026481   Thumb Code    32  llushr.o(.text)
    _ll_ushift_r                             0x00026481   Thumb Code     0  llushr.o(.text)
    __rt_ctype_table                         0x000264a1   Thumb Code     4  ctype_o.o(.text)
    __aeabi_memcpy                           0x000264a9   Thumb Code    36  memcpya.o(.text)
    __aeabi_memcpy4                          0x000264a9   Thumb Code     0  memcpya.o(.text)
    __aeabi_memcpy8                          0x000264a9   Thumb Code     0  memcpya.o(.text)
    __aeabi_memset                           0x000264cd   Thumb Code    14  memseta.o(.text)
    __aeabi_memset4                          0x000264cd   Thumb Code     0  memseta.o(.text)
    __aeabi_memset8                          0x000264cd   Thumb Code     0  memseta.o(.text)
    __aeabi_memclr                           0x000264db   Thumb Code     4  memseta.o(.text)
    __aeabi_memclr4                          0x000264db   Thumb Code     0  memseta.o(.text)
    __aeabi_memclr8                          0x000264db   Thumb Code     0  memseta.o(.text)
    _memset$wrapper                          0x000264df   Thumb Code    18  memseta.o(.text)
    strlen                                   0x000264f1   Thumb Code    14  strlen.o(.text)
    strcpy                                   0x000264ff   Thumb Code    18  strcpy.o(.text)
    __scatterload                            0x00026511   Thumb Code    28  init.o(.text)
    __scatterload_rt2                        0x00026511   Thumb Code     0  init.o(.text)
    __decompress                             0x00026535   Thumb Code     0  __dczerorl2.o(.text)
    __decompress1                            0x00026535   Thumb Code    86  __dczerorl2.o(.text)
    GPIOTE_IRQHandler                        0x0002658d   Thumb Code   528  nrfx_gpiote.o(i.GPIOTE_IRQHandler)
    POWER_CLOCK_IRQHandler                   0x000267c1   Thumb Code    80  nrfx_clock.o(i.POWER_CLOCK_IRQHandler)
    RADIO_IRQHandler                         0x00026815   Thumb Code   112  time_sync.o(i.RADIO_IRQHandler)
    RTC1_IRQHandler                          0x000268a1   Thumb Code    14  drv_rtc.o(i.RTC1_IRQHandler)
    RTC2_IRQHandler                          0x000268b9   Thumb Code    14  nrfx_rtc.o(i.RTC2_IRQHandler)
    SEGGER_RTT_Init                          0x000268cd   Thumb Code     8  segger_rtt.o(i.SEGGER_RTT_Init)
    SEGGER_RTT_WriteNoLock                   0x000268d5   Thumb Code   126  segger_rtt.o(i.SEGGER_RTT_WriteNoLock)
    SWI2_EGU2_IRQHandler                     0x00026959   Thumb Code     8  nrf_sdh.o(i.SWI2_EGU2_IRQHandler)
    SWI3_EGU3_IRQHandler                     0x00026961   Thumb Code   198  time_sync.o(i.SWI3_EGU3_IRQHandler)
    SystemCoreClockUpdate                    0x00026aa1   Thumb Code     8  system_nrf52.o(i.SystemCoreClockUpdate)
    SystemInit                               0x00026ab1   Thumb Code   596  system_nrf52.o(i.SystemInit)
    TIMER0_IRQHandler                        0x00026d49   Thumb Code    14  nrfx_timer.o(i.TIMER0_IRQHandler)
    TIMER1_IRQHandler                        0x00026d61   Thumb Code    14  nrfx_timer.o(i.TIMER1_IRQHandler)
    TIMER2_IRQHandler                        0x00026d79   Thumb Code    14  nrfx_timer.o(i.TIMER2_IRQHandler)
    UARTE0_UART0_IRQHandler                  0x00026d91   Thumb Code    10  nrfx_prs.o(i.UARTE0_UART0_IRQHandler)
    __scatterload_copy                       0x00026eeb   Thumb Code    14  handlers.o(i.__scatterload_copy)
    __scatterload_null                       0x00026ef9   Thumb Code     2  handlers.o(i.__scatterload_null)
    __scatterload_zeroinit                   0x00026efb   Thumb Code    14  handlers.o(i.__scatterload_zeroinit)
    app_error_fault_handler                  0x000270c9   Thumb Code   144  app_error_weak.o(i.app_error_fault_handler)
    app_error_handler_bare                   0x00027185   Thumb Code    28  app_error.o(i.app_error_handler_bare)
    app_fifo_get                             0x000271a1   Thumb Code    30  app_fifo.o(i.app_fifo_get)
    app_fifo_init                            0x000271bf   Thumb Code    36  app_fifo.o(i.app_fifo_init)
    app_fifo_put                             0x000271e3   Thumb Code    34  app_fifo.o(i.app_fifo_put)
    app_timer_cnt_get                        0x00027205   Thumb Code    10  app_timer2.o(i.app_timer_cnt_get)
    app_timer_create                         0x00027215   Thumb Code    32  app_timer2.o(i.app_timer_create)
    app_timer_init                           0x00027235   Thumb Code    78  app_timer2.o(i.app_timer_init)
    app_timer_start                          0x000272a1   Thumb Code    54  app_timer2.o(i.app_timer_start)
    app_timer_stop                           0x000272d7   Thumb Code    20  app_timer2.o(i.app_timer_stop)
    app_uart_close                           0x000272ed   Thumb Code    42  app_uart_fifo.o(i.app_uart_close)
    app_uart_get                             0x00027321   Thumb Code    66  app_uart_fifo.o(i.app_uart_get)
    app_uart_init                            0x00027375   Thumb Code   188  app_uart_fifo.o(i.app_uart_init)
    app_uart_put                             0x00027451   Thumb Code    90  app_uart_fifo.o(i.app_uart_put)
    app_util_critical_region_enter           0x000274bd   Thumb Code    12  app_util_platform.o(i.app_util_critical_region_enter)
    app_util_critical_region_exit            0x000274c9   Thumb Code    62  app_util_platform.o(i.app_util_critical_region_exit)
    blcm_link_ctx_get                        0x00027699   Thumb Code   108  ble_link_ctx_manager.o(i.blcm_link_ctx_get)
    ble_advdata_encode                       0x00027705   Thumb Code   364  ble_advdata.o(i.ble_advdata_encode)
    ble_advdata_parse                        0x00027871   Thumb Code    40  ble_advdata.o(i.ble_advdata_parse)
    ble_advdata_search                       0x00027899   Thumb Code    78  ble_advdata.o(i.ble_advdata_search)
    ble_advertising_conn_cfg_tag_set         0x000278e7   Thumb Code     6  ble_advertising.o(i.ble_advertising_conn_cfg_tag_set)
    ble_advertising_init                     0x000278ed   Thumb Code   264  ble_advertising.o(i.ble_advertising_init)
    ble_advertising_on_ble_evt               0x000279f5   Thumb Code    60  ble_advertising.o(i.ble_advertising_on_ble_evt)
    ble_advertising_start                    0x00027a31   Thumb Code   372  ble_advertising.o(i.ble_advertising_start)
    ble_conn_params_init                     0x00027ba5   Thumb Code   136  ble_conn_params.o(i.ble_conn_params_init)
    ble_conn_state_conn_idx                  0x00027c41   Thumb Code    20  ble_conn_state.o(i.ble_conn_state_conn_idx)
    ble_conn_state_valid                     0x00027c55   Thumb Code    22  ble_conn_state.o(i.ble_conn_state_valid)
    ble_srv_is_notification_enabled          0x000281b1   Thumb Code    18  ble_srv_common.o(i.ble_srv_is_notification_enabled)
    ble_uart_send_data                       0x00028355   Thumb Code    62  main.o(i.ble_uart_send_data)
    ble_uarts_data_send                      0x0002839d   Thumb Code   122  my_ble_uarts.o(i.ble_uarts_data_send)
    ble_uarts_init                           0x00028419   Thumb Code   262  my_ble_uarts.o(i.ble_uarts_init)
    ble_uarts_on_ble_evt                     0x00028525   Thumb Code    68  my_ble_uarts.o(i.ble_uarts_on_ble_evt)
    bsp_board_led_invert                     0x00028569   Thumb Code    44  boards.o(i.bsp_board_led_invert)
    bsp_board_led_off                        0x00028599   Thumb Code    16  boards.o(i.bsp_board_led_off)
    bsp_board_led_on                         0x000285ad   Thumb Code    16  boards.o(i.bsp_board_led_on)
    bsp_board_led_state_get                  0x000285c1   Thumb Code    44  boards.o(i.bsp_board_led_state_get)
    bsp_board_leds_off                       0x000285f1   Thumb Code    20  boards.o(i.bsp_board_leds_off)
    bsp_board_leds_on                        0x00028605   Thumb Code    20  boards.o(i.bsp_board_leds_on)
    bsp_board_pin_to_button_idx              0x00028619   Thumb Code    32  boards.o(i.bsp_board_pin_to_button_idx)
    bsp_event_to_button_action_assign        0x00028701   Thumb Code    86  bsp.o(i.bsp_event_to_button_action_assign)
    bsp_indication_set                       0x0002875d   Thumb Code    28  bsp.o(i.bsp_indication_set)
    buffer_is_empty                          0x00028c15   Thumb Code    20  nrf_log_frontend.o(i.buffer_is_empty)
    characteristic_add                       0x00028c49   Thumb Code   456  ble_srv_common.o(i.characteristic_add)
    conn_handle_list_get                     0x00028eb7   Thumb Code    60  ble_conn_state.o(i.conn_handle_list_get)
    drv_rtc_compare_disable                  0x000291c9   Thumb Code    22  drv_rtc.o(i.drv_rtc_compare_disable)
    drv_rtc_compare_pending                  0x000291df   Thumb Code    26  drv_rtc.o(i.drv_rtc_compare_pending)
    drv_rtc_compare_set                      0x000291f9   Thumb Code    92  drv_rtc.o(i.drv_rtc_compare_set)
    drv_rtc_counter_get                      0x00029255   Thumb Code    12  drv_rtc.o(i.drv_rtc_counter_get)
    drv_rtc_init                             0x00029261   Thumb Code   204  drv_rtc.o(i.drv_rtc_init)
    drv_rtc_irq_trigger                      0x0002937d   Thumb Code    28  drv_rtc.o(i.drv_rtc_irq_trigger)
    drv_rtc_overflow_enable                  0x0002939d   Thumb Code    18  drv_rtc.o(i.drv_rtc_overflow_enable)
    drv_rtc_overflow_pending                 0x000293af   Thumb Code    16  drv_rtc.o(i.drv_rtc_overflow_pending)
    drv_rtc_start                            0x000293bf   Thumb Code    14  drv_rtc.o(i.drv_rtc_start)
    drv_rtc_stop                             0x000293cd   Thumb Code    14  drv_rtc.o(i.drv_rtc_stop)
    drv_rtc_windowed_compare_set             0x000293db   Thumb Code   260  drv_rtc.o(i.drv_rtc_windowed_compare_set)
    gatt_evt_handler                         0x0002993d   Thumb Code    62  main.o(i.gatt_evt_handler)
    main                                     0x00029fd9   Thumb Code   128  main.o(i.main)
    nrf_atfifo_init                          0x0002a2c1   Thumb Code    40  nrf_atfifo.o(i.nrf_atfifo_init)
    nrf_atfifo_item_alloc                    0x0002a2e9   Thumb Code    28  nrf_atfifo.o(i.nrf_atfifo_item_alloc)
    nrf_atfifo_item_free                     0x0002a305   Thumb Code    28  nrf_atfifo.o(i.nrf_atfifo_item_free)
    nrf_atfifo_item_get                      0x0002a321   Thumb Code    28  nrf_atfifo.o(i.nrf_atfifo_item_get)
    nrf_atfifo_item_put                      0x0002a33d   Thumb Code    28  nrf_atfifo.o(i.nrf_atfifo_item_put)
    nrf_atflags_clear                        0x0002a359   Thumb Code    30  nrf_atflags.o(i.nrf_atflags_clear)
    nrf_atflags_get                          0x0002a377   Thumb Code    30  nrf_atflags.o(i.nrf_atflags_get)
    nrf_atflags_set                          0x0002a395   Thumb Code    30  nrf_atflags.o(i.nrf_atflags_set)
    nrf_atomic_flag_clear_fetch              0x0002a3b3   Thumb Code    14  nrf_atomic.o(i.nrf_atomic_flag_clear_fetch)
    nrf_atomic_flag_set                      0x0002a3c1   Thumb Code    14  nrf_atomic.o(i.nrf_atomic_flag_set)
    nrf_atomic_u32_add                       0x0002a3cf   Thumb Code    22  nrf_atomic.o(i.nrf_atomic_u32_add)
    nrf_atomic_u32_and                       0x0002a3e5   Thumb Code    22  nrf_atomic.o(i.nrf_atomic_u32_and)
    nrf_atomic_u32_fetch_and                 0x0002a3fb   Thumb Code    22  nrf_atomic.o(i.nrf_atomic_u32_fetch_and)
    nrf_atomic_u32_fetch_store               0x0002a411   Thumb Code    22  nrf_atomic.o(i.nrf_atomic_u32_fetch_store)
    nrf_atomic_u32_or                        0x0002a427   Thumb Code    22  nrf_atomic.o(i.nrf_atomic_u32_or)
    nrf_atomic_u32_sub                       0x0002a43d   Thumb Code    22  nrf_atomic.o(i.nrf_atomic_u32_sub)
    nrf_balloc_alloc                         0x0002a453   Thumb Code    82  nrf_balloc.o(i.nrf_balloc_alloc)
    nrf_balloc_free                          0x0002a4b5   Thumb Code    48  nrf_balloc.o(i.nrf_balloc_free)
    nrf_balloc_init                          0x0002a4f1   Thumb Code    60  nrf_balloc.o(i.nrf_balloc_init)
    nrf_ble_gatt_att_mtu_periph_set          0x0002a559   Thumb Code    30  nrf_ble_gatt.o(i.nrf_ble_gatt_att_mtu_periph_set)
    nrf_ble_gatt_init                        0x0002a577   Thumb Code    52  nrf_ble_gatt.o(i.nrf_ble_gatt_init)
    nrf_ble_gatt_on_ble_evt                  0x0002a5ad   Thumb Code   202  nrf_ble_gatt.o(i.nrf_ble_gatt_on_ble_evt)
    nrf_ble_qwr_conn_handle_assign           0x0002a6b5   Thumb Code    32  nrf_ble_qwr.o(i.nrf_ble_qwr_conn_handle_assign)
    nrf_ble_qwr_init                         0x0002a6d5   Thumb Code    50  nrf_ble_qwr.o(i.nrf_ble_qwr_init)
    nrf_ble_qwr_on_ble_evt                   0x0002a707   Thumb Code   124  nrf_ble_qwr.o(i.nrf_ble_qwr_on_ble_evt)
    nrf_drv_clock_init                       0x0002a7ed   Thumb Code    54  nrf_drv_clock.o(i.nrf_drv_clock_init)
    nrf_drv_clock_lfclk_release              0x0002a82d   Thumb Code    42  nrf_drv_clock.o(i.nrf_drv_clock_lfclk_release)
    nrf_drv_uart_init                        0x0002a85d   Thumb Code   118  nrf_drv_uart.o(i.nrf_drv_uart_init)
    nrf_fprintf                              0x0002a971   Thumb Code    42  nrf_fprintf.o(i.nrf_fprintf)
    nrf_fprintf_buffer_flush                 0x0002a99b   Thumb Code    28  nrf_fprintf.o(i.nrf_fprintf_buffer_flush)
    nrf_fprintf_fmt                          0x0002a9b7   Thumb Code   496  nrf_fprintf_format.o(i.nrf_fprintf_fmt)
    nrf_log_backend_add                      0x0002adcd   Thumb Code    78  nrf_log_frontend.o(i.nrf_log_backend_add)
    nrf_log_backend_rtt_init                 0x0002ae23   Thumb Code     8  nrf_log_backend_rtt.o(i.nrf_log_backend_rtt_init)
    nrf_log_backend_serial_put               0x0002ae4d   Thumb Code   242  nrf_log_backend_serial.o(i.nrf_log_backend_serial_put)
    nrf_log_color_id_get                     0x0002af41   Thumb Code    52  nrf_log_frontend.o(i.nrf_log_color_id_get)
    nrf_log_default_backends_init            0x0002af79   Thumb Code    34  nrf_log_default_backends.o(i.nrf_log_default_backends_init)
    nrf_log_frontend_dequeue                 0x0002afa1   Thumb Code   756  nrf_log_frontend.o(i.nrf_log_frontend_dequeue)
    nrf_log_frontend_std_0                   0x0002b2b9   Thumb Code    20  nrf_log_frontend.o(i.nrf_log_frontend_std_0)
    nrf_log_frontend_std_1                   0x0002b2cd   Thumb Code    24  nrf_log_frontend.o(i.nrf_log_frontend_std_1)
    nrf_log_frontend_std_2                   0x0002b2e5   Thumb Code    32  nrf_log_frontend.o(i.nrf_log_frontend_std_2)
    nrf_log_hexdump_entry_process            0x0002b305   Thumb Code   164  nrf_log_str_formatter.o(i.nrf_log_hexdump_entry_process)
    nrf_log_init                             0x0002b3c1   Thumb Code    68  nrf_log_frontend.o(i.nrf_log_init)
    nrf_log_module_cnt_get                   0x0002b419   Thumb Code    10  nrf_log_frontend.o(i.nrf_log_module_cnt_get)
    nrf_log_module_name_get                  0x0002b42d   Thumb Code    30  nrf_log_frontend.o(i.nrf_log_module_name_get)
    nrf_log_panic                            0x0002b451   Thumb Code    50  nrf_log_frontend.o(i.nrf_log_panic)
    nrf_log_std_entry_process                0x0002b489   Thumb Code   200  nrf_log_str_formatter.o(i.nrf_log_std_entry_process)
    nrf_memobj_alloc                         0x0002b551   Thumb Code   122  nrf_memobj.o(i.nrf_memobj_alloc)
    nrf_memobj_free                          0x0002b5cb   Thumb Code    64  nrf_memobj.o(i.nrf_memobj_free)
    nrf_memobj_get                           0x0002b60b   Thumb Code    16  nrf_memobj.o(i.nrf_memobj_get)
    nrf_memobj_pool_init                     0x0002b61b   Thumb Code    12  nrf_memobj.o(i.nrf_memobj_pool_init)
    nrf_memobj_put                           0x0002b627   Thumb Code    30  nrf_memobj.o(i.nrf_memobj_put)
    nrf_memobj_read                          0x0002b645   Thumb Code    34  nrf_memobj.o(i.nrf_memobj_read)
    nrf_memobj_write                         0x0002b667   Thumb Code    34  nrf_memobj.o(i.nrf_memobj_write)
    nrf_pwr_mgmt_init                        0x0002b689   Thumb Code    46  nrf_pwr_mgmt.o(i.nrf_pwr_mgmt_init)
    nrf_pwr_mgmt_run                         0x0002b6c9   Thumb Code   100  nrf_pwr_mgmt.o(i.nrf_pwr_mgmt_run)
    nrf_ringbuf_init                         0x0002b741   Thumb Code    28  nrf_ringbuf.o(i.nrf_ringbuf_init)
    nrf_sdh_ble_app_ram_start_get            0x0002b7c5   Thumb Code    18  nrf_sdh_ble.o(i.nrf_sdh_ble_app_ram_start_get)
    nrf_sdh_ble_default_cfg_set              0x0002b7dd   Thumb Code   382  nrf_sdh_ble.o(i.nrf_sdh_ble_default_cfg_set)
    nrf_sdh_ble_enable                       0x0002b97d   Thumb Code   144  nrf_sdh_ble.o(i.nrf_sdh_ble_enable)
    nrf_sdh_enable_request                   0x0002bb3d   Thumb Code   112  nrf_sdh.o(i.nrf_sdh_enable_request)
    nrf_sdh_evts_poll                        0x0002bbc1   Thumb Code    44  nrf_sdh.o(i.nrf_sdh_evts_poll)
    nrf_sdh_is_enabled                       0x0002bbf1   Thumb Code     6  nrf_sdh.o(i.nrf_sdh_is_enabled)
    nrf_section_iter_init                    0x0002bc57   Thumb Code    20  nrf_section_iter.o(i.nrf_section_iter_init)
    nrf_section_iter_next                    0x0002bc99   Thumb Code    46  nrf_section_iter.o(i.nrf_section_iter_next)
    nrf_sortlist_add                         0x0002bcc7   Thumb Code    40  nrf_sortlist.o(i.nrf_sortlist_add)
    nrf_sortlist_peek                        0x0002bcef   Thumb Code     8  nrf_sortlist.o(i.nrf_sortlist_peek)
    nrf_sortlist_pop                         0x0002bcf7   Thumb Code    24  nrf_sortlist.o(i.nrf_sortlist_pop)
    nrf_sortlist_remove                      0x0002bd0f   Thumb Code    38  nrf_sortlist.o(i.nrf_sortlist_remove)
    nrf_strerror_find                        0x0002bd35   Thumb Code    60  nrf_strerror.o(i.nrf_strerror_find)
    nrf_strerror_get                         0x0002bd75   Thumb Code    22  nrf_strerror.o(i.nrf_strerror_get)
    nrfx_clock_enable                        0x0002be8d   Thumb Code    16  nrfx_clock.o(i.nrfx_clock_enable)
    nrfx_clock_init                          0x0002bea1   Thumb Code    30  nrfx_clock.o(i.nrfx_clock_init)
    nrfx_clock_lfclk_stop                    0x0002bec5   Thumb Code    26  nrfx_clock.o(i.nrfx_clock_lfclk_stop)
    nrfx_prs_acquire                         0x0002bfcd   Thumb Code    78  nrfx_prs.o(i.nrfx_prs_acquire)
    nrfx_prs_release                         0x0002c01b   Thumb Code    22  nrfx_prs.o(i.nrfx_prs_release)
    nrfx_uart_0_irq_handler                  0x0002c031   Thumb Code    12  nrfx_uart.o(i.nrfx_uart_0_irq_handler)
    nrfx_uart_init                           0x0002c045   Thumb Code   128  nrfx_uart.o(i.nrfx_uart_init)
    nrfx_uart_rx                             0x0002c0cd   Thumb Code   286  nrfx_uart.o(i.nrfx_uart_rx)
    nrfx_uart_tx                             0x0002c1f1   Thumb Code   134  nrfx_uart.o(i.nrfx_uart_tx)
    nrfx_uart_tx_in_progress                 0x0002c27d   Thumb Code    30  nrfx_uart.o(i.nrfx_uart_tx_in_progress)
    nrfx_uart_uninit                         0x0002c2a1   Thumb Code    62  nrfx_uart.o(i.nrfx_uart_uninit)
    nrfx_uarte_0_irq_handler                 0x0002c2e5   Thumb Code    12  nrfx_uarte.o(i.nrfx_uarte_0_irq_handler)
    nrfx_uarte_init                          0x0002c2f9   Thumb Code   120  nrfx_uarte.o(i.nrfx_uarte_init)
    nrfx_uarte_rx                            0x0002c379   Thumb Code   306  nrfx_uarte.o(i.nrfx_uarte_rx)
    nrfx_uarte_tx                            0x0002c4b1   Thumb Code   188  nrfx_uarte.o(i.nrfx_uarte_tx)
    nrfx_uarte_tx_in_progress                0x0002c571   Thumb Code    26  nrfx_uarte.o(i.nrfx_uarte_tx_in_progress)
    nrfx_uarte_uninit                        0x0002c591   Thumb Code   108  nrfx_uarte.o(i.nrfx_uarte_uninit)
    ts_enable                                0x0002e36d   Thumb Code   192  time_sync.o(i.ts_enable)
    ts_init                                  0x0002e455   Thumb Code    78  time_sync.o(i.ts_init)
    ts_tx_stop                               0x0002e62d   Thumb Code     8  time_sync.o(i.ts_tx_stop)
    uart_config                              0x0002e70d   Thumb Code    74  main.o(i.uart_config)
    uart_event_handle                        0x0002e769   Thumb Code   278  main.o(i.uart_event_handle)
    device_name                              0x0002f1c0   Data          21  main.o(.constdata)
    nrf_log_backend_rtt_api                  0x0002f4b0   Data          12  nrf_log_backend_rtt.o(.constdata)
    m_ram_start                              0x0002f558   Data           4  nrf_sdh_ble.o(.constdata)
    __ctype_table                            0x0002f578   Data         129  ctype_o.o(.constdata)
    Region$$Table$$Base                      0x0002fd80   Number         0  anon$$obj.o(Region$$Table)
    Region$$Table$$Limit                     0x0002fda0   Number         0  anon$$obj.o(Region$$Table)
    log_const_data$$Base                     0x0002fdb0   Number         0  time_sync.o(log_const_data)
    m_nrf_log_time_sync_logs_data_const      0x0002fdb0   Data           8  time_sync.o(log_const_data)
    m_nrf_log_nrf_ble_gatt_logs_data_const   0x0002fdb8   Data           8  nrf_ble_gatt.o(log_const_data)
    m_nrf_log_clock_logs_data_const          0x0002fdc0   Data           8  nrf_drv_clock.o(log_const_data)
    m_nrf_log_CLOCK_logs_data_const          0x0002fdc8   Data           8  nrfx_clock.o(log_const_data)
    m_nrf_log_GPIOTE_logs_data_const         0x0002fdd0   Data           8  nrfx_gpiote.o(log_const_data)
    m_nrf_log_PRS_logs_data_const            0x0002fdd8   Data           8  nrfx_prs.o(log_const_data)
    m_nrf_log_UART_logs_data_const           0x0002fde0   Data           8  nrfx_uart.o(log_const_data)
    m_nrf_log_UARTE_logs_data_const          0x0002fde8   Data           8  nrfx_uarte.o(log_const_data)
    m_nrf_log_TIMER_logs_data_const          0x0002fdf0   Data           8  nrfx_timer.o(log_const_data)
    m_nrf_log_RTC_logs_data_const            0x0002fdf8   Data           8  nrfx_rtc.o(log_const_data)
    m_nrf_log_app_button_logs_data_const     0x0002fe00   Data           8  app_button.o(log_const_data)
    m_nrf_log_app_timer_logs_data_const      0x0002fe08   Data           8  app_timer2.o(log_const_data)
    m_nrf_log_pwr_mgmt_logs_data_const       0x0002fe10   Data           8  nrf_pwr_mgmt.o(log_const_data)
    m_nrf_log_sortlist_logs_data_const       0x0002fe18   Data           8  nrf_sortlist.o(log_const_data)
    m_nrf_log_app_logs_data_const            0x0002fe20   Data           8  nrf_log_frontend.o(log_const_data)
    m_nrf_log_nrf_sdh_logs_data_const        0x0002fe28   Data           8  nrf_sdh.o(log_const_data)
    m_nrf_log_nrf_sdh_ble_logs_data_const    0x0002fe30   Data           8  nrf_sdh_ble.o(log_const_data)
    m_nrf_log_nrf_sdh_soc_logs_data_const    0x0002fe38   Data           8  nrf_sdh_soc.o(log_const_data)
    log_const_data$$Limit                    0x0002fe40   Number         0  nrf_sdh_soc.o(log_const_data)
    m_sync_pkt_pool                          0x0002fe40   Data          20  time_sync.o(nrf_balloc)
    log_mempool                              0x0002fe54   Data          20  nrf_log_frontend.o(nrf_balloc)
    sdh_ble_observers0$$Base                 0x0002fe68   Number         0  ble_conn_state.o(sdh_ble_observers0)
    sdh_ble_observers0$$Limit                0x0002fe70   Number         0  ble_conn_state.o(sdh_ble_observers0)
    sdh_ble_observers1$$Base                 0x0002fe70   Number         0  main.o(sdh_ble_observers1)
    sdh_ble_observers1$$Limit                0x0002fe90   Number         0  ble_conn_params.o(sdh_ble_observers1)
    sdh_ble_observers2$$Base                 0x0002fe90   Number         0  main.o(sdh_ble_observers2)
    sdh_ble_observers2$$Limit                0x0002fea0   Number         0  main.o(sdh_ble_observers2)
    sdh_ble_observers3$$Base                 0x0002fea0   Number         0  main.o(sdh_ble_observers3)
    sdh_ble_observers3$$Limit                0x0002fea8   Number         0  main.o(sdh_ble_observers3)
    sdh_soc_observers0$$Base                 0x0002fea8   Number         0  time_sync.o(sdh_soc_observers0)
    sdh_soc_observers0$$Limit                0x0002feb8   Number         0  nrf_drv_clock.o(sdh_soc_observers0)
    sdh_stack_observers0$$Base               0x0002feb8   Number         0  nrf_sdh_ble.o(sdh_stack_observers0)
    sdh_stack_observers0$$Limit              0x0002fec8   Number         0  nrf_sdh_soc.o(sdh_stack_observers0)
    sdh_state_observers0$$Base               0x0002fec8   Number         0  nrf_drv_clock.o(sdh_state_observers0)
    sdh_state_observers0$$Limit              0x0002fed0   Number         0  nrf_drv_clock.o(sdh_state_observers0)
    Image$$RW_IRAM1$$Base                    0x20002ad8   Number         0  anon$$obj.o ABSOLUTE
    Ble_SyncTime                             0x20002b0a   Data           1  main.o(.data)
    Ble_RecSync                              0x20002b0b   Data           1  main.o(.data)
    Ble_RecConfig                            0x20002b0c   Data           1  main.o(.data)
    GotoConfig                               0x20002b0d   Data           5  main.o(.data)
    GotoMesure                               0x20002b12   Data           5  main.o(.data)
    BleAnsSync                               0x20002b17   Data           5  main.o(.data)
    BleSyncOK                                0x20002b1c   Data           7  main.o(.data)
    startSYNC                                0x20002b23   Data           6  main.o(.data)
    stopSYNC                                 0x20002b29   Data           6  main.o(.data)
    bleConnected                             0x20002b2f   Data           6  main.o(.data)
    bleDisconnected                          0x20002b35   Data           6  main.o(.data)
    uRecLen                                  0x20002b3b   Data           1  main.o(.data)
    bleConState                              0x20002b3c   Data           1  main.o(.data)
    GetCMDDat                                0x20002b3d   Data           6  main.o(.data)
    GetSTADat                                0x20002b43   Data           7  main.o(.data)
    IMUDatSendFlag                           0x20002b4a   Data           1  main.o(.data)
    CMDDatSendFlag                           0x20002b4b   Data           1  main.o(.data)
    STADatSendFlag                           0x20002b4c   Data           1  main.o(.data)
    SeqErro                                  0x20002b4e   Data           2  main.o(.data)
    seqCnt                                   0x20002b50   Data           2  main.o(.data)
    SYNCStartFlag                            0x20002b7c   Data           4  time_sync.o(.data)
    slaveSYNCFlag                            0x20002b80   Data           1  time_sync.o(.data)
    nrf_drv_uart_use_easy_dma                0x20002c0c   Data           1  nrf_drv_uart.o(.data)
    SystemCoreClock                          0x20002cdc   Data           4  system_nrf52.o(.data)
    data_array                               0x20003134   Data         244  main.o(.bss)
    GetIMUDat                                0x20003228   Data          93  main.o(.bss)
    IMUSeqSave                               0x20003285   Data        2560  main.o(.bss)
    nrf_nvic_state                           0x20004150   Data          12  app_util_platform.o(.bss)
    _SEGGER_RTT                              0x200047ac   Data         120  segger_rtt.o(.bss)
    __initial_sp                             0x20006a38   Data           0  arm_startup_nrf52.o(STACK)



==============================================================================

Memory Map of the image

  Image Entry point : 0x00026201

  Load Region LR_IROM1 (Base: 0x00026000, Size: 0x0000a0d8, Max: 0x0005a000, ABSOLUTE, COMPRESSED[0x00009f74])

    Execution Region ER_IROM1 (Base: 0x00026000, Size: 0x00009ed0, Max: 0x0005a000, ABSOLUTE)

    Base Addr    Size         Type   Attr      Idx    E Section Name        Object

    0x00026000   0x00000200   Data   RO         6639    RESET               arm_startup_nrf52.o
    0x00026200   0x00000000   Code   RO         6735  * .ARM.Collect$$$$00000000  mc_w.l(entry.o)
    0x00026200   0x00000004   Code   RO         6791    .ARM.Collect$$$$00000001  mc_w.l(entry2.o)
    0x00026204   0x00000004   Code   RO         6794    .ARM.Collect$$$$00000004  mc_w.l(entry5.o)
    0x00026208   0x00000000   Code   RO         6796    .ARM.Collect$$$$00000008  mc_w.l(entry7b.o)
    0x00026208   0x00000000   Code   RO         6798    .ARM.Collect$$$$0000000A  mc_w.l(entry8b.o)
    0x00026208   0x00000008   Code   RO         6799    .ARM.Collect$$$$0000000B  mc_w.l(entry9a.o)
    0x00026210   0x00000000   Code   RO         6801    .ARM.Collect$$$$0000000D  mc_w.l(entry10a.o)
    0x00026210   0x00000000   Code   RO         6803    .ARM.Collect$$$$0000000F  mc_w.l(entry11a.o)
    0x00026210   0x00000004   Code   RO         6792    .ARM.Collect$$$$00002712  mc_w.l(entry2.o)
    0x00026214   0x0000001a   Code   RO         4096    .emb_text           app_error_handler_keil.o
    0x0002622e   0x00000002   PAD
    0x00026230   0x000000c8   Code   RO         4924    .emb_text           nrf_atfifo.o
    0x000262f8   0x000000e2   Code   RO         4997    .emb_text           nrf_atomic.o
    0x000263da   0x00000002   PAD
    0x000263dc   0x00000024   Code   RO         6640    .text               arm_startup_nrf52.o
    0x00026400   0x00000062   Code   RO         6743    .text               mc_w.l(uldiv.o)
    0x00026462   0x0000001e   Code   RO         6745    .text               mc_w.l(llshl.o)
    0x00026480   0x00000020   Code   RO         6747    .text               mc_w.l(llushr.o)
    0x000264a0   0x00000008   Code   RO         6749    .text               mc_w.l(ctype_o.o)
    0x000264a8   0x00000024   Code   RO         6777    .text               mc_w.l(memcpya.o)
    0x000264cc   0x00000024   Code   RO         6779    .text               mc_w.l(memseta.o)
    0x000264f0   0x0000000e   Code   RO         6781    .text               mc_w.l(strlen.o)
    0x000264fe   0x00000012   Code   RO         6787    .text               mc_w.l(strcpy.o)
    0x00026510   0x00000024   Code   RO         6807    .text               mc_w.l(init.o)
    0x00026534   0x00000056   Code   RO         6817    .text               mc_w.l(__dczerorl2.o)
    0x0002658a   0x00000002   PAD
    0x0002658c   0x0000021c   Code   RO         2634    i.GPIOTE_IRQHandler  nrfx_gpiote.o
    0x000267a8   0x00000016   Code   RO          798    i.NVIC_EnableIRQ    time_sync.o
    0x000267be   0x00000002   PAD
    0x000267c0   0x00000054   Code   RO         2466    i.POWER_CLOCK_IRQHandler  nrfx_clock.o
    0x00026814   0x0000008c   Code   RO          799    i.RADIO_IRQHandler  time_sync.o
    0x000268a0   0x00000018   Code   RO         4695    i.RTC1_IRQHandler   drv_rtc.o
    0x000268b8   0x00000014   Code   RO         3799    i.RTC2_IRQHandler   nrfx_rtc.o
    0x000268cc   0x00000008   Code   RO         6072    i.SEGGER_RTT_Init   segger_rtt.o
    0x000268d4   0x00000084   Code   RO         6086    i.SEGGER_RTT_WriteNoLock  segger_rtt.o
    0x00026958   0x00000008   Code   RO         6421    i.SWI2_EGU2_IRQHandler  nrf_sdh.o
    0x00026960   0x00000140   Code   RO          800    i.SWI3_EGU3_IRQHandler  time_sync.o
    0x00026aa0   0x00000010   Code   RO         6647    i.SystemCoreClockUpdate  system_nrf52.o
    0x00026ab0   0x00000298   Code   RO         6648    i.SystemInit        system_nrf52.o
    0x00026d48   0x00000018   Code   RO         3618    i.TIMER0_IRQHandler  nrfx_timer.o
    0x00026d60   0x00000018   Code   RO         3619    i.TIMER1_IRQHandler  nrfx_timer.o
    0x00026d78   0x00000018   Code   RO         3620    i.TIMER2_IRQHandler  nrfx_timer.o
    0x00026d90   0x00000010   Code   RO         2955    i.UARTE0_UART0_IRQHandler  nrfx_prs.o
    0x00026da0   0x00000070   Code   RO         6090    i._DoInit           segger_rtt.o
    0x00026e10   0x0000001c   Code   RO         6091    i._GetAvailWriteSpace  segger_rtt.o
    0x00026e2c   0x00000072   Code   RO         6093    i._WriteBlocking    segger_rtt.o
    0x00026e9e   0x0000004c   Code   RO         6094    i._WriteNoCheck     segger_rtt.o
    0x00026eea   0x0000000e   Code   RO         6811    i.__scatterload_copy  mc_w.l(handlers.o)
    0x00026ef8   0x00000002   Code   RO         6812    i.__scatterload_null  mc_w.l(handlers.o)
    0x00026efa   0x0000000e   Code   RO         6813    i.__scatterload_zeroinit  mc_w.l(handlers.o)
    0x00026f08   0x00000038   Code   RO         6422    i.__sd_nvic_app_accessible_irq  nrf_sdh.o
    0x00026f40   0x0000000c   Code   RO         4155    i.__sd_nvic_irq_disable  app_util_platform.o
    0x00026f4c   0x00000018   Code   RO         1578    i.addr_is_valid     ble_advertising.o
    0x00026f64   0x00000058   Code   RO         1579    i.adv_mode_next_avail_get  ble_advertising.o
    0x00026fbc   0x00000012   Code   RO         1580    i.adv_mode_next_get  ble_advertising.o
    0x00026fce   0x00000012   Code   RO         1581    i.adv_set_data_size_max_get  ble_advertising.o
    0x00026fe0   0x00000054   Code   RO         1240    i.advertising_buttons_configure  bsp_btn_ble.o
    0x00027034   0x00000070   Code   RO            4    i.advertising_init  main.o
    0x000270a4   0x00000024   Code   RO            5    i.advertising_start  main.o
    0x000270c8   0x000000bc   Code   RO         4118    i.app_error_fault_handler  app_error_weak.o
    0x00027184   0x0000001c   Code   RO         4058    i.app_error_handler_bare  app_error.o
    0x000271a0   0x0000001e   Code   RO         4294    i.app_fifo_get      app_fifo.o
    0x000271be   0x00000024   Code   RO         4295    i.app_fifo_init     app_fifo.o
    0x000271e2   0x00000022   Code   RO         4297    i.app_fifo_put      app_fifo.o
    0x00027204   0x00000010   Code   RO         4433    i.app_timer_cnt_get  app_timer2.o
    0x00027214   0x00000020   Code   RO         4434    i.app_timer_create  app_timer2.o
    0x00027234   0x0000006c   Code   RO         4435    i.app_timer_init    app_timer2.o
    0x000272a0   0x00000036   Code   RO         4438    i.app_timer_start   app_timer2.o
    0x000272d6   0x00000014   Code   RO         4439    i.app_timer_stop    app_timer2.o
    0x000272ea   0x00000002   PAD
    0x000272ec   0x00000034   Code   RO         4589    i.app_uart_close    app_uart_fifo.o
    0x00027320   0x00000054   Code   RO         4591    i.app_uart_get      app_uart_fifo.o
    0x00027374   0x000000dc   Code   RO         4592    i.app_uart_init     app_uart_fifo.o
    0x00027450   0x0000006c   Code   RO         4593    i.app_uart_put      app_uart_fifo.o
    0x000274bc   0x0000000c   Code   RO         4156    i.app_util_critical_region_enter  app_util_platform.o
    0x000274c8   0x00000048   Code   RO         4157    i.app_util_critical_region_exit  app_util_platform.o
    0x00027510   0x00000052   Code   RO         1356    i.appearance_encode  ble_advdata.o
    0x00027562   0x0000007c   Code   RO         3009    i.apply_config      nrfx_uart.o
    0x000275de   0x0000007c   Code   RO         3254    i.apply_config      nrfx_uarte.o
    0x0002765a   0x00000002   PAD
    0x0002765c   0x0000003c   Code   RO         5786    i.backend_id_assign  nrf_log_frontend.o
    0x00027698   0x0000006c   Code   RO         2172    i.blcm_link_ctx_get  ble_link_ctx_manager.o
    0x00027704   0x0000016c   Code   RO         1358    i.ble_advdata_encode  ble_advdata.o
    0x00027870   0x00000028   Code   RO         1360    i.ble_advdata_parse  ble_advdata.o
    0x00027898   0x0000004e   Code   RO         1361    i.ble_advdata_search  ble_advdata.o
    0x000278e6   0x00000006   Code   RO         1583    i.ble_advertising_conn_cfg_tag_set  ble_advertising.o
    0x000278ec   0x00000108   Code   RO         1584    i.ble_advertising_init  ble_advertising.o
    0x000279f4   0x0000003c   Code   RO         1586    i.ble_advertising_on_ble_evt  ble_advertising.o
    0x00027a30   0x00000174   Code   RO         1589    i.ble_advertising_start  ble_advertising.o
    0x00027ba4   0x0000009c   Code   RO         1484    i.ble_conn_params_init  ble_conn_params.o
    0x00027c40   0x00000014   Code   RO         1736    i.ble_conn_state_conn_idx  ble_conn_state.o
    0x00027c54   0x0000001c   Code   RO         1750    i.ble_conn_state_valid  ble_conn_state.o
    0x00027c70   0x00000076   Code   RO         1364    i.ble_device_addr_encode  ble_advdata.o
    0x00027ce6   0x00000002   PAD
    0x00027ce8   0x00000180   Code   RO            6    i.ble_evt_handler   main.o
    0x00027e68   0x00000078   Code   RO         1241    i.ble_evt_handler   bsp_btn_ble.o
    0x00027ee0   0x00000040   Code   RO         1486    i.ble_evt_handler   ble_conn_params.o
    0x00027f20   0x000000b8   Code   RO         1751    i.ble_evt_handler   ble_conn_state.o
    0x00027fd8   0x000000d0   Code   RO            8    i.ble_rec_start_no_sync  main.o
    0x000280a8   0x00000108   Code   RO           10    i.ble_rec_stop_sync  main.o
    0x000281b0   0x00000012   Code   RO         1928    i.ble_srv_is_notification_enabled  ble_srv_common.o
    0x000281c2   0x00000056   Code   RO           14    i.ble_stack_init    main.o
    0x00028218   0x0000013c   Code   RO           15    i.ble_sync_data_process  main.o
    0x00028354   0x00000048   Code   RO           16    i.ble_uart_send_data  main.o
    0x0002839c   0x0000007a   Code   RO         2196    i.ble_uarts_data_send  my_ble_uarts.o
    0x00028416   0x00000002   PAD
    0x00028418   0x0000010c   Code   RO         2197    i.ble_uarts_init    my_ble_uarts.o
    0x00028524   0x00000044   Code   RO         2198    i.ble_uarts_on_ble_evt  my_ble_uarts.o
    0x00028568   0x00000030   Code   RO         1016    i.bsp_board_led_invert  boards.o
    0x00028598   0x00000014   Code   RO         1017    i.bsp_board_led_off  boards.o
    0x000285ac   0x00000014   Code   RO         1018    i.bsp_board_led_on  boards.o
    0x000285c0   0x00000030   Code   RO         1019    i.bsp_board_led_state_get  boards.o
    0x000285f0   0x00000014   Code   RO         1021    i.bsp_board_leds_off  boards.o
    0x00028604   0x00000014   Code   RO         1022    i.bsp_board_leds_on  boards.o
    0x00028618   0x00000024   Code   RO         1023    i.bsp_board_pin_to_button_idx  boards.o
    0x0002863c   0x000000c4   Code   RO         1127    i.bsp_button_event_handler  bsp.o
    0x00028700   0x0000005c   Code   RO         1131    i.bsp_event_to_button_action_assign  bsp.o
    0x0002875c   0x00000020   Code   RO         1132    i.bsp_indication_set  bsp.o
    0x0002877c   0x00000388   Code   RO         1134    i.bsp_led_indication  bsp.o
    0x00028b04   0x000000e4   Code   RO         5787    i.buf_prealloc      nrf_log_frontend.o
    0x00028be8   0x0000002c   Code   RO         5288    i.buffer_add        nrf_fprintf_format.o
    0x00028c14   0x00000018   Code   RO         5788    i.buffer_is_empty   nrf_log_frontend.o
    0x00028c2c   0x00000010   Code   RO         2636    i.channel_handler_get  nrfx_gpiote.o
    0x00028c3c   0x0000000c   Code   RO         2638    i.channel_port_get  nrfx_gpiote.o
    0x00028c48   0x000001c8   Code   RO         1930    i.characteristic_add  ble_srv_common.o
    0x00028e10   0x00000030   Code   RO         2251    i.clock_clk_started_notify  nrf_drv_clock.o
    0x00028e40   0x00000028   Code   RO         2252    i.clock_irq_handler  nrf_drv_clock.o
    0x00028e68   0x00000026   Code   RO         4441    i.compare_func      app_timer2.o
    0x00028e8e   0x00000028   Code   RO         1591    i.config_is_valid   ble_advertising.o
    0x00028eb6   0x0000003c   Code   RO         1752    i.conn_handle_list_get  ble_conn_state.o
    0x00028ef2   0x0000005a   Code   RO         1365    i.conn_int_check    ble_advdata.o
    0x00028f4c   0x00000068   Code   RO         1366    i.conn_int_encode   ble_advdata.o
    0x00028fb4   0x00000010   Code   RO           19    i.conn_params_error_handler  main.o
    0x00028fc4   0x0000005c   Code   RO           20    i.conn_params_init  main.o
    0x00029020   0x00000054   Code   RO         1487    i.conn_params_negotiation  ble_conn_params.o
    0x00029074   0x00000054   Code   RO         1244    i.connection_buttons_configure  bsp_btn_ble.o
    0x000290c8   0x000000e8   Code   RO         1994    i.data_length_update  nrf_ble_gatt.o
    0x000291b0   0x00000018   Code   RO         5789    i.dropped_sat16_get  nrf_log_frontend.o
    0x000291c8   0x00000016   Code   RO         4696    i.drv_rtc_compare_disable  drv_rtc.o
    0x000291de   0x0000001a   Code   RO         4698    i.drv_rtc_compare_pending  drv_rtc.o
    0x000291f8   0x0000005c   Code   RO         4699    i.drv_rtc_compare_set  drv_rtc.o
    0x00029254   0x0000000c   Code   RO         4700    i.drv_rtc_counter_get  drv_rtc.o
    0x00029260   0x0000011c   Code   RO         4701    i.drv_rtc_init      drv_rtc.o
    0x0002937c   0x00000020   Code   RO         4702    i.drv_rtc_irq_trigger  drv_rtc.o
    0x0002939c   0x00000012   Code   RO         4704    i.drv_rtc_overflow_enable  drv_rtc.o
    0x000293ae   0x00000010   Code   RO         4705    i.drv_rtc_overflow_pending  drv_rtc.o
    0x000293be   0x0000000e   Code   RO         4706    i.drv_rtc_start     drv_rtc.o
    0x000293cc   0x0000000e   Code   RO         4707    i.drv_rtc_stop      drv_rtc.o
    0x000293da   0x00000104   Code   RO         4712    i.drv_rtc_windowed_compare_set  drv_rtc.o
    0x000294de   0x00000002   PAD
    0x000294e0   0x00000054   Code   RO         6649    i.errata_108        system_nrf52.o
    0x00029534   0x00000054   Code   RO         6650    i.errata_12         system_nrf52.o
    0x00029588   0x00000054   Code   RO         6651    i.errata_136        system_nrf52.o
    0x000295dc   0x00000030   Code   RO         6652    i.errata_16         system_nrf52.o
    0x0002960c   0x00000020   Code   RO         6653    i.errata_182        system_nrf52.o
    0x0002962c   0x00000054   Code   RO         6654    i.errata_31         system_nrf52.o
    0x00029680   0x00000030   Code   RO         6655    i.errata_32         system_nrf52.o
    0x000296b0   0x00000054   Code   RO         6656    i.errata_36         system_nrf52.o
    0x00029704   0x00000030   Code   RO         6657    i.errata_37         system_nrf52.o
    0x00029734   0x00000030   Code   RO         6658    i.errata_57         system_nrf52.o
    0x00029764   0x00000030   Code   RO         6659    i.errata_66         system_nrf52.o
    0x00029794   0x00000018   Code   RO         4713    i.evt_disable       drv_rtc.o
    0x000297ac   0x0000001c   Code   RO         4714    i.evt_enable        drv_rtc.o
    0x000297c8   0x0000001c   Code   RO         4715    i.evt_pending       drv_rtc.o
    0x000297e4   0x00000018   Code   RO         4300    i.fifo_get          app_fifo.o
    0x000297fc   0x0000000a   Code   RO         4301    i.fifo_length       app_fifo.o
    0x00029806   0x0000000a   Code   RO         4594    i.fifo_length       app_uart_fifo.o
    0x00029810   0x00000012   Code   RO         4302    i.fifo_peek         app_fifo.o
    0x00029822   0x00000012   Code   RO         4303    i.fifo_put          app_fifo.o
    0x00029834   0x0000001e   Code   RO         1753    i.flag_toggle       ble_conn_state.o
    0x00029852   0x00000036   Code   RO         1367    i.flags_encode      ble_advdata.o
    0x00029888   0x0000002c   Code   RO         1592    i.flags_set         ble_advertising.o
    0x000298b4   0x00000088   Code   RO           21    i.gap_params_init   main.o
    0x0002993c   0x0000006c   Code   RO           22    i.gatt_evt_handler  main.o
    0x000299a8   0x00000044   Code   RO           23    i.gatt_init         main.o
    0x000299ec   0x0000003c   Code   RO         4442    i.get_now           app_timer2.o
    0x00029a28   0x0000000e   Code   RO           24    i.idle_state_handle  main.o
    0x00029a36   0x00000002   PAD
    0x00029a38   0x0000002c   Code   RO         1488    i.instance_get      ble_conn_params.o
    0x00029a64   0x000000be   Code   RO         5289    i.int_print         nrf_fprintf_format.o
    0x00029b22   0x00000002   PAD
    0x00029b24   0x00000034   Code   RO         3010    i.interrupts_disable  nrfx_uart.o
    0x00029b58   0x00000034   Code   RO         3255    i.interrupts_disable  nrfx_uarte.o
    0x00029b8c   0x00000088   Code   RO         3011    i.interrupts_enable  nrfx_uart.o
    0x00029c14   0x000000a8   Code   RO         3256    i.interrupts_enable  nrfx_uarte.o
    0x00029cbc   0x00000046   Code   RO         5791    i.invalid_packets_omit  nrf_log_frontend.o
    0x00029d02   0x0000005c   Code   RO         3621    i.irq_handler       nrfx_timer.o
    0x00029d5e   0x00000002   PAD
    0x00029d60   0x000000b8   Code   RO         3800    i.irq_handler       nrfx_rtc.o
    0x00029e18   0x00000072   Code   RO         1489    i.is_conn_params_ok  ble_conn_params.o
    0x00029e8a   0x0000000c   Code   RO         2255    i.item_dequeue      nrf_drv_clock.o
    0x00029e96   0x00000002   PAD
    0x00029e98   0x00000028   Code   RO         1138    i.leds_off          bsp.o
    0x00029ec0   0x00000014   Code   RO         2257    i.lfclk_stop        nrf_drv_clock.o
    0x00029ed4   0x00000016   Code   RO         1995    i.link_init         nrf_ble_gatt.o
    0x00029eea   0x00000026   Code   RO           25    i.log_init          main.o
    0x00029f10   0x000000c8   Code   RO         5792    i.log_skip          nrf_log_frontend.o
    0x00029fd8   0x000000a8   Code   RO           26    i.main              main.o
    0x0002a080   0x00000076   Code   RO         1368    i.manuf_specific_data_encode  ble_advdata.o
    0x0002a0f6   0x000000ca   Code   RO         5333    i.memobj_op         nrf_memobj.o
    0x0002a1c0   0x00000038   Code   RO         5793    i.module_idx_get    nrf_log_frontend.o
    0x0002a1f8   0x000000c8   Code   RO         1369    i.name_encode       ble_advdata.o
    0x0002a2c0   0x00000028   Code   RO         4928    i.nrf_atfifo_init   nrf_atfifo.o
    0x0002a2e8   0x0000001c   Code   RO         4929    i.nrf_atfifo_item_alloc  nrf_atfifo.o
    0x0002a304   0x0000001c   Code   RO         4930    i.nrf_atfifo_item_free  nrf_atfifo.o
    0x0002a320   0x0000001c   Code   RO         4931    i.nrf_atfifo_item_get  nrf_atfifo.o
    0x0002a33c   0x0000001c   Code   RO         4932    i.nrf_atfifo_item_put  nrf_atfifo.o
    0x0002a358   0x0000001e   Code   RO         5136    i.nrf_atflags_clear  nrf_atflags.o
    0x0002a376   0x0000001e   Code   RO         5141    i.nrf_atflags_get   nrf_atflags.o
    0x0002a394   0x0000001e   Code   RO         5143    i.nrf_atflags_set   nrf_atflags.o
    0x0002a3b2   0x0000000e   Code   RO         4999    i.nrf_atomic_flag_clear_fetch  nrf_atomic.o
    0x0002a3c0   0x0000000e   Code   RO         5000    i.nrf_atomic_flag_set  nrf_atomic.o
    0x0002a3ce   0x00000016   Code   RO         5002    i.nrf_atomic_u32_add  nrf_atomic.o
    0x0002a3e4   0x00000016   Code   RO         5003    i.nrf_atomic_u32_and  nrf_atomic.o
    0x0002a3fa   0x00000016   Code   RO         5006    i.nrf_atomic_u32_fetch_and  nrf_atomic.o
    0x0002a410   0x00000016   Code   RO         5008    i.nrf_atomic_u32_fetch_store  nrf_atomic.o
    0x0002a426   0x00000016   Code   RO         5012    i.nrf_atomic_u32_or  nrf_atomic.o
    0x0002a43c   0x00000016   Code   RO         5014    i.nrf_atomic_u32_sub  nrf_atomic.o
    0x0002a452   0x00000052   Code   RO         5202    i.nrf_balloc_alloc  nrf_balloc.o
    0x0002a4a4   0x00000010   Code   RO         5203    i.nrf_balloc_block2idx  nrf_balloc.o
    0x0002a4b4   0x00000030   Code   RO         5204    i.nrf_balloc_free   nrf_balloc.o
    0x0002a4e4   0x0000000c   Code   RO         5205    i.nrf_balloc_idx2block  nrf_balloc.o
    0x0002a4f0   0x0000003c   Code   RO         5206    i.nrf_balloc_init   nrf_balloc.o
    0x0002a52c   0x00000016   Code   RO         2639    i.nrf_bitmask_bit_is_set  nrfx_gpiote.o
    0x0002a542   0x00000016   Code   RO         2640    i.nrf_bitmask_bit_set  nrfx_gpiote.o
    0x0002a558   0x0000001e   Code   RO         1997    i.nrf_ble_gatt_att_mtu_periph_set  nrf_ble_gatt.o
    0x0002a576   0x00000034   Code   RO         2001    i.nrf_ble_gatt_init  nrf_ble_gatt.o
    0x0002a5aa   0x00000002   PAD
    0x0002a5ac   0x00000108   Code   RO         2002    i.nrf_ble_gatt_on_ble_evt  nrf_ble_gatt.o
    0x0002a6b4   0x00000020   Code   RO         2116    i.nrf_ble_qwr_conn_handle_assign  nrf_ble_qwr.o
    0x0002a6d4   0x00000032   Code   RO         2117    i.nrf_ble_qwr_init  nrf_ble_qwr.o
    0x0002a706   0x0000007c   Code   RO         2118    i.nrf_ble_qwr_on_ble_evt  nrf_ble_qwr.o
    0x0002a782   0x00000012   Code   RO         2467    i.nrf_clock_event_check  nrfx_clock.o
    0x0002a794   0x00000012   Code   RO         2468    i.nrf_clock_event_clear  nrfx_clock.o
    0x0002a7a6   0x00000002   PAD
    0x0002a7a8   0x0000000c   Code   RO         2469    i.nrf_clock_int_disable  nrfx_clock.o
    0x0002a7b4   0x00000008   Code   RO         2471    i.nrf_clock_task_trigger  nrfx_clock.o
    0x0002a7bc   0x00000030   Code   RO           27    i.nrf_delay_ms      main.o
    0x0002a7ec   0x00000040   Code   RO         2263    i.nrf_drv_clock_init  nrf_drv_clock.o
    0x0002a82c   0x00000030   Code   RO         2267    i.nrf_drv_clock_lfclk_release  nrf_drv_clock.o
    0x0002a85c   0x0000008c   Code   RO         2414    i.nrf_drv_uart_init  nrf_drv_uart.o
    0x0002a8e8   0x00000044   Code   RO         4595    i.nrf_drv_uart_rx   app_uart_fifo.o
    0x0002a92c   0x00000044   Code   RO         4596    i.nrf_drv_uart_tx   app_uart_fifo.o
    0x0002a970   0x0000002a   Code   RO         5249    i.nrf_fprintf       nrf_fprintf.o
    0x0002a99a   0x0000001c   Code   RO         5250    i.nrf_fprintf_buffer_flush  nrf_fprintf.o
    0x0002a9b6   0x000001f0   Code   RO         5290    i.nrf_fprintf_fmt   nrf_fprintf_format.o
    0x0002aba6   0x00000028   Code   RO         3012    i.nrf_gpio_cfg      nrfx_uart.o
    0x0002abce   0x00000028   Code   RO         3257    i.nrf_gpio_cfg      nrfx_uarte.o
    0x0002abf6   0x00000018   Code   RO         3013    i.nrf_gpio_cfg_default  nrfx_uart.o
    0x0002ac0e   0x00000018   Code   RO         3258    i.nrf_gpio_cfg_default  nrfx_uarte.o
    0x0002ac26   0x0000001a   Code   RO         3014    i.nrf_gpio_cfg_input  nrfx_uart.o
    0x0002ac40   0x0000001a   Code   RO         3259    i.nrf_gpio_cfg_input  nrfx_uarte.o
    0x0002ac5a   0x00000018   Code   RO         3015    i.nrf_gpio_cfg_output  nrfx_uart.o
    0x0002ac72   0x00000018   Code   RO         3260    i.nrf_gpio_cfg_output  nrfx_uarte.o
    0x0002ac8a   0x00000032   Code   RO         2643    i.nrf_gpio_cfg_sense_set  nrfx_gpiote.o
    0x0002acbc   0x00000016   Code   RO           28    i.nrf_gpio_pin_clear  main.o
    0x0002acd2   0x00000016   Code   RO          801    i.nrf_gpio_pin_clear  time_sync.o
    0x0002ace8   0x00000016   Code   RO           30    i.nrf_gpio_pin_set  main.o
    0x0002acfe   0x00000016   Code   RO         3016    i.nrf_gpio_pin_set  nrfx_uart.o
    0x0002ad14   0x00000016   Code   RO         3261    i.nrf_gpio_pin_set  nrfx_uarte.o
    0x0002ad2a   0x0000003a   Code   RO         1026    i.nrf_gpio_pin_write  boards.o
    0x0002ad64   0x00000028   Code   RO         2647    i.nrf_gpio_ports_read  nrfx_gpiote.o
    0x0002ad8c   0x0000000c   Code   RO         2648    i.nrf_gpiote_event_addr_get  nrfx_gpiote.o
    0x0002ad98   0x0000001c   Code   RO         2649    i.nrf_gpiote_event_clear  nrfx_gpiote.o
    0x0002adb4   0x00000016   Code   RO         2650    i.nrf_gpiote_event_is_set  nrfx_gpiote.o
    0x0002adca   0x00000002   PAD
    0x0002adcc   0x00000054   Code   RO         5794    i.nrf_log_backend_add  nrf_log_frontend.o
    0x0002ae20   0x00000002   Code   RO         5645    i.nrf_log_backend_rtt_flush  nrf_log_backend_rtt.o
    0x0002ae22   0x00000008   Code   RO         5646    i.nrf_log_backend_rtt_init  nrf_log_backend_rtt.o
    0x0002ae2a   0x00000002   Code   RO         5647    i.nrf_log_backend_rtt_panic_set  nrf_log_backend_rtt.o
    0x0002ae2c   0x00000020   Code   RO         5648    i.nrf_log_backend_rtt_put  nrf_log_backend_rtt.o
    0x0002ae4c   0x000000f2   Code   RO         5716    i.nrf_log_backend_serial_put  nrf_log_backend_serial.o
    0x0002af3e   0x00000002   PAD
    0x0002af40   0x00000038   Code   RO         5796    i.nrf_log_color_id_get  nrf_log_frontend.o
    0x0002af78   0x00000028   Code   RO         5750    i.nrf_log_default_backends_init  nrf_log_default_backends.o
    0x0002afa0   0x00000318   Code   RO         5797    i.nrf_log_frontend_dequeue  nrf_log_frontend.o
    0x0002b2b8   0x00000014   Code   RO         5799    i.nrf_log_frontend_std_0  nrf_log_frontend.o
    0x0002b2cc   0x00000018   Code   RO         5800    i.nrf_log_frontend_std_1  nrf_log_frontend.o
    0x0002b2e4   0x00000020   Code   RO         5801    i.nrf_log_frontend_std_2  nrf_log_frontend.o
    0x0002b304   0x000000bc   Code   RO         5990    i.nrf_log_hexdump_entry_process  nrf_log_str_formatter.o
    0x0002b3c0   0x00000058   Code   RO         5806    i.nrf_log_init      nrf_log_frontend.o
    0x0002b418   0x00000014   Code   RO         5807    i.nrf_log_module_cnt_get  nrf_log_frontend.o
    0x0002b42c   0x00000024   Code   RO         5811    i.nrf_log_module_name_get  nrf_log_frontend.o
    0x0002b450   0x00000038   Code   RO         5812    i.nrf_log_panic     nrf_log_frontend.o
    0x0002b488   0x000000c8   Code   RO         5991    i.nrf_log_std_entry_process  nrf_log_str_formatter.o
    0x0002b550   0x0000007a   Code   RO         5334    i.nrf_memobj_alloc  nrf_memobj.o
    0x0002b5ca   0x00000040   Code   RO         5335    i.nrf_memobj_free   nrf_memobj.o
    0x0002b60a   0x00000010   Code   RO         5336    i.nrf_memobj_get    nrf_memobj.o
    0x0002b61a   0x0000000c   Code   RO         5337    i.nrf_memobj_pool_init  nrf_memobj.o
    0x0002b626   0x0000001e   Code   RO         5338    i.nrf_memobj_put    nrf_memobj.o
    0x0002b644   0x00000022   Code   RO         5339    i.nrf_memobj_read   nrf_memobj.o
    0x0002b666   0x00000022   Code   RO         5340    i.nrf_memobj_write  nrf_memobj.o
    0x0002b688   0x00000040   Code   RO         5413    i.nrf_pwr_mgmt_init  nrf_pwr_mgmt.o
    0x0002b6c8   0x00000068   Code   RO         5414    i.nrf_pwr_mgmt_run  nrf_pwr_mgmt.o
    0x0002b730   0x00000010   Code   RO           31    i.nrf_qwr_error_handler  main.o
    0x0002b740   0x0000001c   Code   RO         5496    i.nrf_ringbuf_init  nrf_ringbuf.o
    0x0002b75c   0x0000000a   Code   RO         4716    i.nrf_rtc_cc_set    drv_rtc.o
    0x0002b766   0x00000008   Code   RO         4717    i.nrf_rtc_counter_get  drv_rtc.o
    0x0002b76e   0x0000000e   Code   RO         3802    i.nrf_rtc_event_clear  nrfx_rtc.o
    0x0002b77c   0x0000000e   Code   RO         4718    i.nrf_rtc_event_clear  drv_rtc.o
    0x0002b78a   0x00000006   Code   RO         3803    i.nrf_rtc_event_disable  nrfx_rtc.o
    0x0002b790   0x00000006   Code   RO         4719    i.nrf_rtc_event_disable  drv_rtc.o
    0x0002b796   0x00000006   Code   RO         4720    i.nrf_rtc_event_enable  drv_rtc.o
    0x0002b79c   0x00000006   Code   RO         3805    i.nrf_rtc_event_pending  nrfx_rtc.o
    0x0002b7a2   0x00000006   Code   RO         3806    i.nrf_rtc_int_disable  nrfx_rtc.o
    0x0002b7a8   0x00000006   Code   RO         4721    i.nrf_rtc_int_disable  drv_rtc.o
    0x0002b7ae   0x00000006   Code   RO         4722    i.nrf_rtc_int_enable  drv_rtc.o
    0x0002b7b4   0x0000000a   Code   RO         3808    i.nrf_rtc_int_is_enabled  nrfx_rtc.o
    0x0002b7be   0x00000006   Code   RO         4723    i.nrf_rtc_task_trigger  drv_rtc.o
    0x0002b7c4   0x00000018   Code   RO         6547    i.nrf_sdh_ble_app_ram_start_get  nrf_sdh_ble.o
    0x0002b7dc   0x000001a0   Code   RO         6548    i.nrf_sdh_ble_default_cfg_set  nrf_sdh_ble.o
    0x0002b97c   0x0000014c   Code   RO         6549    i.nrf_sdh_ble_enable  nrf_sdh_ble.o
    0x0002bac8   0x00000074   Code   RO         6550    i.nrf_sdh_ble_evts_poll  nrf_sdh_ble.o
    0x0002bb3c   0x00000084   Code   RO         6424    i.nrf_sdh_enable_request  nrf_sdh.o
    0x0002bbc0   0x00000030   Code   RO         6425    i.nrf_sdh_evts_poll  nrf_sdh.o
    0x0002bbf0   0x0000000c   Code   RO         6426    i.nrf_sdh_is_enabled  nrf_sdh.o
    0x0002bbfc   0x00000054   Code   RO         6606    i.nrf_sdh_soc_evts_poll  nrf_sdh_soc.o
    0x0002bc50   0x00000006   Code   RO         6431    i.nrf_section_iter_get  nrf_sdh.o
    0x0002bc56   0x00000014   Code   RO         5554    i.nrf_section_iter_init  nrf_section_iter.o
    0x0002bc6a   0x0000002e   Code   RO         5555    i.nrf_section_iter_item_set  nrf_section_iter.o
    0x0002bc98   0x0000002e   Code   RO         5556    i.nrf_section_iter_next  nrf_section_iter.o
    0x0002bcc6   0x00000028   Code   RO         5589    i.nrf_sortlist_add  nrf_sortlist.o
    0x0002bcee   0x00000008   Code   RO         5591    i.nrf_sortlist_peek  nrf_sortlist.o
    0x0002bcf6   0x00000018   Code   RO         5592    i.nrf_sortlist_pop  nrf_sortlist.o
    0x0002bd0e   0x00000026   Code   RO         5593    i.nrf_sortlist_remove  nrf_sortlist.o
    0x0002bd34   0x00000040   Code   RO         4260    i.nrf_strerror_find  nrf_strerror.o
    0x0002bd74   0x0000001c   Code   RO         4261    i.nrf_strerror_get  nrf_strerror.o
    0x0002bd90   0x0000000e   Code   RO         3622    i.nrf_timer_compare_event_get  nrfx_timer.o
    0x0002bd9e   0x0000000a   Code   RO         3623    i.nrf_timer_compare_int_get  nrfx_timer.o
    0x0002bda8   0x0000000e   Code   RO         3624    i.nrf_timer_event_clear  nrfx_timer.o
    0x0002bdb6   0x0000000c   Code   RO         3017    i.nrf_uart_errorsrc_get_and_clear  nrfx_uart.o
    0x0002bdc2   0x0000000e   Code   RO         3018    i.nrf_uart_event_check  nrfx_uart.o
    0x0002bdd0   0x0000000e   Code   RO         3019    i.nrf_uart_event_clear  nrfx_uart.o
    0x0002bdde   0x0000000a   Code   RO         3020    i.nrf_uart_hwfc_pins_set  nrfx_uart.o
    0x0002bde8   0x00000006   Code   RO         3021    i.nrf_uart_int_disable  nrfx_uart.o
    0x0002bdee   0x00000006   Code   RO         3022    i.nrf_uart_int_enable  nrfx_uart.o
    0x0002bdf4   0x00000012   Code   RO         3023    i.nrf_uart_int_enable_check  nrfx_uart.o
    0x0002be06   0x00000006   Code   RO         3024    i.nrf_uart_task_trigger  nrfx_uart.o
    0x0002be0c   0x0000000a   Code   RO         3025    i.nrf_uart_txrx_pins_set  nrfx_uart.o
    0x0002be16   0x0000000c   Code   RO         3262    i.nrf_uarte_errorsrc_get_and_clear  nrfx_uarte.o
    0x0002be22   0x0000000e   Code   RO         3263    i.nrf_uarte_event_check  nrfx_uarte.o
    0x0002be30   0x0000000e   Code   RO         3264    i.nrf_uarte_event_clear  nrfx_uarte.o
    0x0002be3e   0x0000000c   Code   RO         3265    i.nrf_uarte_hwfc_pins_set  nrfx_uarte.o
    0x0002be4a   0x00000006   Code   RO         3266    i.nrf_uarte_int_disable  nrfx_uarte.o
    0x0002be50   0x00000006   Code   RO         3267    i.nrf_uarte_int_enable  nrfx_uarte.o
    0x0002be56   0x0000000a   Code   RO         3268    i.nrf_uarte_rx_amount_get  nrfx_uarte.o
    0x0002be60   0x0000000c   Code   RO         3269    i.nrf_uarte_shorts_disable  nrfx_uarte.o
    0x0002be6c   0x00000006   Code   RO         3270    i.nrf_uarte_task_trigger  nrfx_uarte.o
    0x0002be72   0x0000000a   Code   RO         3271    i.nrf_uarte_tx_amount_get  nrfx_uarte.o
    0x0002be7c   0x0000000e   Code   RO         3272    i.nrf_uarte_txrx_pins_set  nrfx_uarte.o
    0x0002be8a   0x00000002   PAD
    0x0002be8c   0x00000014   Code   RO         2477    i.nrfx_clock_enable  nrfx_clock.o
    0x0002bea0   0x00000024   Code   RO         2480    i.nrfx_clock_init   nrfx_clock.o
    0x0002bec4   0x00000020   Code   RO         2483    i.nrfx_clock_lfclk_stop  nrfx_clock.o
    0x0002bee4   0x00000018   Code   RO         4724    i.nrfx_coredep_delay_us  drv_rtc.o
    0x0002befc   0x00000008   Code   RO         2485    i.nrfx_get_irq_number  nrfx_clock.o
    0x0002bf04   0x00000008   Code   RO         3026    i.nrfx_get_irq_number  nrfx_uart.o
    0x0002bf0c   0x00000008   Code   RO         3273    i.nrfx_get_irq_number  nrfx_uarte.o
    0x0002bf14   0x00000014   Code   RO         3274    i.nrfx_is_in_ram    nrfx_uarte.o
    0x0002bf28   0x000000a4   Code   RO         2486    i.nrfx_power_clock_irq_init  nrfx_clock.o
    0x0002bfcc   0x0000004e   Code   RO         2956    i.nrfx_prs_acquire  nrfx_prs.o
    0x0002c01a   0x00000016   Code   RO         2957    i.nrfx_prs_release  nrfx_prs.o
    0x0002c030   0x00000014   Code   RO         3027    i.nrfx_uart_0_irq_handler  nrfx_uart.o
    0x0002c044   0x00000088   Code   RO         3029    i.nrfx_uart_init    nrfx_uart.o
    0x0002c0cc   0x00000124   Code   RO         3030    i.nrfx_uart_rx      nrfx_uart.o
    0x0002c1f0   0x0000008c   Code   RO         3035    i.nrfx_uart_tx      nrfx_uart.o
    0x0002c27c   0x00000024   Code   RO         3037    i.nrfx_uart_tx_in_progress  nrfx_uart.o
    0x0002c2a0   0x00000044   Code   RO         3038    i.nrfx_uart_uninit  nrfx_uart.o
    0x0002c2e4   0x00000014   Code   RO         3275    i.nrfx_uarte_0_irq_handler  nrfx_uarte.o
    0x0002c2f8   0x00000080   Code   RO         3277    i.nrfx_uarte_init   nrfx_uarte.o
    0x0002c378   0x00000138   Code   RO         3278    i.nrfx_uarte_rx     nrfx_uarte.o
    0x0002c4b0   0x000000c0   Code   RO         3281    i.nrfx_uarte_tx     nrfx_uarte.o
    0x0002c570   0x00000020   Code   RO         3283    i.nrfx_uarte_tx_in_progress  nrfx_uarte.o
    0x0002c590   0x00000070   Code   RO         3284    i.nrfx_uarte_uninit  nrfx_uarte.o
    0x0002c600   0x00000078   Code   RO           32    i.on_adv_evt        main.o
    0x0002c678   0x00000014   Code   RO         4443    i.on_compare1_evt   app_timer2.o
    0x0002c68c   0x00000020   Code   RO         4444    i.on_compare_evt    app_timer2.o
    0x0002c6ac   0x0000002c   Code   RO           33    i.on_conn_params_evt  main.o
    0x0002c6d8   0x00000030   Code   RO         1490    i.on_conn_params_update  ble_conn_params.o
    0x0002c708   0x00000070   Code   RO         1491    i.on_connect        ble_conn_params.o
    0x0002c778   0x000000d4   Code   RO         2199    i.on_connect        my_ble_uarts.o
    0x0002c84c   0x0000000e   Code   RO         1593    i.on_connected      ble_advertising.o
    0x0002c85a   0x00000002   PAD
    0x0002c85c   0x000000c4   Code   RO         2003    i.on_connected_evt  nrf_ble_gatt.o
    0x0002c920   0x00000054   Code   RO         2004    i.on_data_length_update_evt  nrf_ble_gatt.o
    0x0002c974   0x00000030   Code   RO         2005    i.on_data_length_update_request_evt  nrf_ble_gatt.o
    0x0002c9a4   0x00000032   Code   RO         1492    i.on_disconnect     ble_conn_params.o
    0x0002c9d6   0x00000032   Code   RO         1594    i.on_disconnected   ble_advertising.o
    0x0002ca08   0x00000014   Code   RO         2006    i.on_disconnected_evt  nrf_ble_gatt.o
    0x0002ca1c   0x000000c8   Code   RO         2007    i.on_exchange_mtu_request_evt  nrf_ble_gatt.o
    0x0002cae4   0x00000064   Code   RO         2008    i.on_exchange_mtu_rsp_evt  nrf_ble_gatt.o
    0x0002cb48   0x000000a0   Code   RO         2200    i.on_hvx_tx_complete  my_ble_uarts.o
    0x0002cbe8   0x0000001c   Code   RO         4445    i.on_overflow_evt   app_timer2.o
    0x0002cc04   0x0000006a   Code   RO         2119    i.on_rw_authorize_request  nrf_ble_qwr.o
    0x0002cc6e   0x00000040   Code   RO         1595    i.on_terminated     ble_advertising.o
    0x0002ccae   0x00000002   Code   RO         2120    i.on_user_mem_release  nrf_ble_qwr.o
    0x0002ccb0   0x00000020   Code   RO         2121    i.on_user_mem_request  nrf_ble_qwr.o
    0x0002ccd0   0x00000058   Code   RO         1493    i.on_write          ble_conn_params.o
    0x0002cd28   0x000000f4   Code   RO         2201    i.on_write          my_ble_uarts.o
    0x0002ce1c   0x00000016   Code   RO         1596    i.phy_is_valid      ble_advertising.o
    0x0002ce32   0x00000078   Code   RO         3039    i.pins_to_default   nrfx_uart.o
    0x0002ceaa   0x0000007e   Code   RO         3285    i.pins_to_default   nrfx_uarte.o
    0x0002cf28   0x00000048   Code   RO         5993    i.postfix_process   nrf_log_str_formatter.o
    0x0002cf70   0x0000001c   Code   RO           34    i.power_management_init  main.o
    0x0002cf8c   0x00000044   Code   RO          804    i.ppi_radio_rx_configure  time_sync.o
    0x0002cfd0   0x00000018   Code   RO          805    i.ppi_radio_rx_disable  time_sync.o
    0x0002cfe8   0x00000044   Code   RO          806    i.ppi_radio_tx_configure  time_sync.o
    0x0002d02c   0x0000009c   Code   RO          807    i.ppi_sync_timer_adjust_configure  time_sync.o
    0x0002d0c8   0x00000018   Code   RO          808    i.ppi_sync_timer_adjust_disable  time_sync.o
    0x0002d0e0   0x00000018   Code   RO          809    i.ppi_sync_timer_adjust_enable  time_sync.o
    0x0002d0f8   0x00000040   Code   RO          810    i.ppi_timestamp_timer_configure  time_sync.o
    0x0002d138   0x000000a4   Code   RO         5994    i.prefix_process    nrf_log_str_formatter.o
    0x0002d1dc   0x00000018   Code   RO         2958    i.prs_box_get       nrfx_prs.o
    0x0002d1f4   0x0000020c   Code   RO          811    i.radio_callback    time_sync.o
    0x0002d400   0x00000010   Code   RO         6551    i.ram_end_address_get  nrf_sdh_ble.o
    0x0002d410   0x00000028   Code   RO         1755    i.record_activate   ble_conn_state.o
    0x0002d438   0x00000020   Code   RO         1756    i.record_invalidate  ble_conn_state.o
    0x0002d458   0x00000048   Code   RO         1757    i.record_purge_disconnected  ble_conn_state.o
    0x0002d4a0   0x00000014   Code   RO         1758    i.record_set_disconnected  ble_conn_state.o
    0x0002d4b4   0x0000003e   Code   RO         4446    i.rtc_irq           app_timer2.o
    0x0002d4f2   0x00000002   PAD
    0x0002d4f4   0x0000007c   Code   RO         4447    i.rtc_schedule      app_timer2.o
    0x0002d570   0x000000a4   Code   RO         4448    i.rtc_update        app_timer2.o
    0x0002d614   0x0000003e   Code   RO         3040    i.rx_byte           nrfx_uart.o
    0x0002d652   0x0000001c   Code   RO         3041    i.rx_done_event     nrfx_uart.o
    0x0002d66e   0x0000001c   Code   RO         3286    i.rx_done_event     nrfx_uarte.o
    0x0002d68a   0x00000022   Code   RO         3042    i.rx_enable         nrfx_uart.o
    0x0002d6ac   0x00000098   Code   RO         6432    i.sd_nvic_EnableIRQ  nrf_sdh.o
    0x0002d744   0x00000068   Code   RO         4162    i.sd_nvic_critical_region_enter  app_util_platform.o
    0x0002d7ac   0x00000068   Code   RO         2270    i.sd_state_evt_handler  nrf_drv_clock.o
    0x0002d814   0x0000003c   Code   RO         6433    i.sdh_request_observer_notify  nrf_sdh.o
    0x0002d850   0x00000034   Code   RO         6434    i.sdh_state_observer_notify  nrf_sdh.o
    0x0002d884   0x00000018   Code   RO         1494    i.send_error_evt    ble_conn_params.o
    0x0002d89c   0x00000024   Code   RO         1495    i.send_update_request  ble_conn_params.o
    0x0002d8c0   0x00000084   Code   RO         5649    i.serial_tx         nrf_log_backend_rtt.o
    0x0002d944   0x00000096   Code   RO         1370    i.service_data_encode  ble_advdata.o
    0x0002d9da   0x00000002   PAD
    0x0002d9dc   0x0000005c   Code   RO           35    i.services_init     main.o
    0x0002da38   0x00000030   Code   RO         1597    i.set_adv_mode_directed  ble_advertising.o
    0x0002da68   0x00000024   Code   RO         1598    i.set_adv_mode_directed_high_duty  ble_advertising.o
    0x0002da8c   0x0000005c   Code   RO         1599    i.set_adv_mode_fast  ble_advertising.o
    0x0002dae8   0x0000005c   Code   RO         1600    i.set_adv_mode_slow  ble_advertising.o
    0x0002db44   0x000000be   Code   RO         1932    i.set_security_req  ble_srv_common.o
    0x0002dc02   0x00000002   PAD
    0x0002dc04   0x0000001c   Code   RO         2271    i.soc_evt_handler   nrf_drv_clock.o
    0x0002dc20   0x0000001e   Code   RO         6436    i.softdevices_evt_irq_enable  nrf_sdh.o
    0x0002dc3e   0x00000014   Code   RO         4449    i.sorted_list_stop_all  app_timer2.o
    0x0002dc52   0x00000002   PAD
    0x0002dc54   0x00000018   Code   RO         4450    i.sortlist_pop      app_timer2.o
    0x0002dc6c   0x00000064   Code   RO         5814    i.std_header_set    nrf_log_frontend.o
    0x0002dcd0   0x00000070   Code   RO         5815    i.std_n             nrf_log_frontend.o
    0x0002dd40   0x00000074   Code   RO         5291    i.string_print      nrf_fprintf_format.o
    0x0002ddb4   0x000001c0   Code   RO           37    i.sync_timer_init   main.o
    0x0002df74   0x00000080   Code   RO          812    i.sync_timer_offset_compensate  time_sync.o
    0x0002dff4   0x00000088   Code   RO          813    i.sync_timer_start  time_sync.o
    0x0002e07c   0x0000000a   Code   RO         4725    i.ticks_sub         drv_rtc.o
    0x0002e086   0x00000002   PAD
    0x0002e088   0x0000006c   Code   RO         4451    i.timer_expire      app_timer2.o
    0x0002e0f4   0x00000094   Code   RO         4452    i.timer_req_process  app_timer2.o
    0x0002e188   0x00000040   Code   RO         4453    i.timer_req_schedule  app_timer2.o
    0x0002e1c8   0x0000001c   Code   RO           38    i.timers_init       main.o
    0x0002e1e4   0x00000108   Code   RO          815    i.timeslot_begin_handler  time_sync.o
    0x0002e2ec   0x00000040   Code   RO          816    i.timeslot_end_handler  time_sync.o
    0x0002e32c   0x0000003c   Code   RO          817    i.timestamp_counter_start  time_sync.o
    0x0002e368   0x00000002   Code   RO         5995    i.timestamp_print   nrf_log_str_formatter.o
    0x0002e36a   0x00000002   PAD
    0x0002e36c   0x000000e8   Code   RO          819    i.ts_enable         time_sync.o
    0x0002e454   0x0000005c   Code   RO          820    i.ts_init           time_sync.o
    0x0002e4b0   0x0000017c   Code   RO          821    i.ts_on_sys_evt     time_sync.o
    0x0002e62c   0x0000000c   Code   RO          825    i.ts_tx_stop        time_sync.o
    0x0002e638   0x00000036   Code   RO         3043    i.tx_blocking       nrfx_uart.o
    0x0002e66e   0x00000026   Code   RO         3044    i.tx_byte           nrfx_uart.o
    0x0002e694   0x00000020   Code   RO         3045    i.tx_done_event     nrfx_uart.o
    0x0002e6b4   0x00000020   Code   RO         3287    i.tx_done_event     nrfx_uarte.o
    0x0002e6d4   0x00000036   Code   RO         1371    i.tx_power_level_encode  ble_advdata.o
    0x0002e70a   0x00000002   PAD
    0x0002e70c   0x0000005c   Code   RO           39    i.uart_config       main.o
    0x0002e768   0x00000138   Code   RO           40    i.uart_event_handle  main.o
    0x0002e8a0   0x000000e4   Code   RO         4597    i.uart_event_handler  app_uart_fifo.o
    0x0002e984   0x00000038   Code   RO         2415    i.uart_evt_handler  nrf_drv_uart.o
    0x0002e9bc   0x0000014e   Code   RO         3046    i.uart_irq_handler  nrfx_uart.o
    0x0002eb0a   0x00000002   PAD
    0x0002eb0c   0x00000024   Code   RO           41    i.uart_reconfig     main.o
    0x0002eb30   0x00000038   Code   RO         2416    i.uarte_evt_handler  nrf_drv_uart.o
    0x0002eb68   0x00000134   Code   RO         3288    i.uarte_irq_handler  nrfx_uarte.o
    0x0002ec9c   0x0000019c   Code   RO           43    i.uarts_data_handler  main.o
    0x0002ee38   0x0000000c   Code   RO         1933    i.uint16_decode     ble_srv_common.o
    0x0002ee44   0x0000000c   Code   RO         1372    i.uint16_encode     ble_advdata.o
    0x0002ee50   0x000000b8   Code   RO         5292    i.unsigned_print    nrf_fprintf_format.o
    0x0002ef08   0x000000c8   Code   RO          826    i.update_radio_parameters  time_sync.o
    0x0002efd0   0x00000074   Code   RO         1496    i.update_timeout_handler  ble_conn_params.o
    0x0002f044   0x0000001e   Code   RO         1601    i.use_whitelist     ble_advertising.o
    0x0002f062   0x0000002c   Code   RO         2122    i.user_mem_reply    nrf_ble_qwr.o
    0x0002f08e   0x0000004e   Code   RO         1373    i.uuid_list_encode  ble_advdata.o
    0x0002f0dc   0x000000d6   Code   RO         1374    i.uuid_list_sized_encode  ble_advdata.o
    0x0002f1b2   0x00000008   Code   RO         1602    i.whitelist_has_entries  ble_advertising.o
    0x0002f1ba   0x00000006   PAD
    0x0002f1c0   0x00000040   Data   RO           45    .constdata          main.o
    0x0002f200   0x00000008   Data   RO         1027    .constdata          boards.o
    0x0002f208   0x0000002c   Data   RO         1142    .constdata          bsp.o
    0x0002f234   0x00000016   Data   RO         2009    .constdata          nrf_ble_gatt.o
    0x0002f24a   0x00000002   PAD
    0x0002f24c   0x00000010   Data   RO         2202    .constdata          my_ble_uarts.o
    0x0002f25c   0x0000003e   Data   RO         2685    .constdata          nrfx_gpiote.o
    0x0002f29a   0x00000002   PAD
    0x0002f29c   0x0000002e   Data   RO         3048    .constdata          nrfx_uart.o
    0x0002f2ca   0x00000002   PAD
    0x0002f2cc   0x00000030   Data   RO         3290    .constdata          nrfx_uarte.o
    0x0002f2fc   0x0000013c   Data   RO         4262    .constdata          nrf_strerror.o
    0x0002f438   0x00000014   Data   RO         4455    .constdata          app_timer2.o
    0x0002f44c   0x00000020   Data   RO         4599    .constdata          app_uart_fifo.o
    0x0002f46c   0x00000004   PAD
    0x0002f470   0x00000006   Data   RO         4726    .constdata          drv_rtc.o
    0x0002f476   0x00000010   Data   RO         5293    .constdata          nrf_fprintf_format.o
    0x0002f486   0x00000002   PAD
    0x0002f488   0x00000024   Data   RO         5418    .constdata          nrf_pwr_mgmt.o
    0x0002f4ac   0x00000004   PAD
    0x0002f4b0   0x00000016   Data   RO         5651    .constdata          nrf_log_backend_rtt.o
    0x0002f4c6   0x00000002   PAD
    0x0002f4c8   0x0000000c   Data   RO         5817    .constdata          nrf_log_frontend.o
    0x0002f4d4   0x00000058   Data   RO         6437    .constdata          nrf_sdh.o
    0x0002f52c   0x00000030   Data   RO         6552    .constdata          nrf_sdh_ble.o
    0x0002f55c   0x0000001c   Data   RO         6607    .constdata          nrf_sdh_soc.o
    0x0002f578   0x00000081   Data   RO         6750    .constdata          mc_w.l(ctype_o.o)
    0x0002f5f9   0x00000003   PAD
    0x0002f5fc   0x00000004   Data   RO         6751    .constdata          mc_w.l(ctype_o.o)
    0x0002f600   0x000000a2   Data   RO         2010    .conststring        nrf_ble_gatt.o
    0x0002f6a2   0x00000002   PAD
    0x0002f6a4   0x000003eb   Data   RO         4263    .conststring        nrf_strerror.o
    0x0002fa8f   0x00000001   PAD
    0x0002fa90   0x00000066   Data   RO         5996    .conststring        nrf_log_str_formatter.o
    0x0002faf6   0x00000002   PAD
    0x0002faf8   0x000001cf   Data   RO         6553    .conststring        nrf_sdh_ble.o
    0x0002fcc7   0x00000001   PAD
    0x0002fcc8   0x0000000a   Data   RO          828    .conststrlit        time_sync.o
    0x0002fcd2   0x00000002   PAD
    0x0002fcd4   0x0000000d   Data   RO         2011    .conststrlit        nrf_ble_gatt.o
    0x0002fce1   0x00000003   PAD
    0x0002fce4   0x00000006   Data   RO         2274    .conststrlit        nrf_drv_clock.o
    0x0002fcea   0x00000002   PAD
    0x0002fcec   0x00000006   Data   RO         2488    .conststrlit        nrfx_clock.o
    0x0002fcf2   0x00000002   PAD
    0x0002fcf4   0x00000007   Data   RO         2686    .conststrlit        nrfx_gpiote.o
    0x0002fcfb   0x00000001   PAD
    0x0002fcfc   0x00000004   Data   RO         2960    .conststrlit        nrfx_prs.o
    0x0002fd00   0x00000005   Data   RO         3049    .conststrlit        nrfx_uart.o
    0x0002fd05   0x00000003   PAD
    0x0002fd08   0x00000006   Data   RO         3291    .conststrlit        nrfx_uarte.o
    0x0002fd0e   0x00000002   PAD
    0x0002fd10   0x00000006   Data   RO         3646    .conststrlit        nrfx_timer.o
    0x0002fd16   0x00000002   PAD
    0x0002fd18   0x00000004   Data   RO         3822    .conststrlit        nrfx_rtc.o
    0x0002fd1c   0x0000000b   Data   RO         3969    .conststrlit        app_button.o
    0x0002fd27   0x00000001   PAD
    0x0002fd28   0x0000000a   Data   RO         4456    .conststrlit        app_timer2.o
    0x0002fd32   0x00000002   PAD
    0x0002fd34   0x00000009   Data   RO         5419    .conststrlit        nrf_pwr_mgmt.o
    0x0002fd3d   0x00000003   PAD
    0x0002fd40   0x00000009   Data   RO         5594    .conststrlit        nrf_sortlist.o
    0x0002fd49   0x00000003   PAD
    0x0002fd4c   0x00000010   Data   RO         5751    .conststrlit        nrf_log_default_backends.o
    0x0002fd5c   0x00000004   Data   RO         5818    .conststrlit        nrf_log_frontend.o
    0x0002fd60   0x00000008   Data   RO         6438    .conststrlit        nrf_sdh.o
    0x0002fd68   0x0000000c   Data   RO         6554    .conststrlit        nrf_sdh_ble.o
    0x0002fd74   0x0000000c   Data   RO         6608    .conststrlit        nrf_sdh_soc.o
    0x0002fd80   0x00000020   Data   RO         6809    Region$$Table       anon$$obj.o
    0x0002fda0   0x00000010   Data   RO         5753    log_backends        nrf_log_default_backends.o
    0x0002fdb0   0x00000008   Data   RO          830    log_const_data      time_sync.o
    0x0002fdb8   0x00000008   Data   RO         2012    log_const_data      nrf_ble_gatt.o
    0x0002fdc0   0x00000008   Data   RO         2275    log_const_data      nrf_drv_clock.o
    0x0002fdc8   0x00000008   Data   RO         2490    log_const_data      nrfx_clock.o
    0x0002fdd0   0x00000008   Data   RO         2687    log_const_data      nrfx_gpiote.o
    0x0002fdd8   0x00000008   Data   RO         2962    log_const_data      nrfx_prs.o
    0x0002fde0   0x00000008   Data   RO         3050    log_const_data      nrfx_uart.o
    0x0002fde8   0x00000008   Data   RO         3292    log_const_data      nrfx_uarte.o
    0x0002fdf0   0x00000008   Data   RO         3647    log_const_data      nrfx_timer.o
    0x0002fdf8   0x00000008   Data   RO         3824    log_const_data      nrfx_rtc.o
    0x0002fe00   0x00000008   Data   RO         3971    log_const_data      app_button.o
    0x0002fe08   0x00000008   Data   RO         4458    log_const_data      app_timer2.o
    0x0002fe10   0x00000008   Data   RO         5421    log_const_data      nrf_pwr_mgmt.o
    0x0002fe18   0x00000008   Data   RO         5595    log_const_data      nrf_sortlist.o
    0x0002fe20   0x00000008   Data   RO         5820    log_const_data      nrf_log_frontend.o
    0x0002fe28   0x00000008   Data   RO         6440    log_const_data      nrf_sdh.o
    0x0002fe30   0x00000008   Data   RO         6556    log_const_data      nrf_sdh_ble.o
    0x0002fe38   0x00000008   Data   RO         6609    log_const_data      nrf_sdh_soc.o
    0x0002fe40   0x00000014   Data   RO          831    nrf_balloc          time_sync.o
    0x0002fe54   0x00000014   Data   RO         5821    nrf_balloc          nrf_log_frontend.o
    0x0002fe68   0x00000008   Data   RO         1761    sdh_ble_observers0  ble_conn_state.o
    0x0002fe70   0x00000010   Data   RO           47    sdh_ble_observers1  main.o
    0x0002fe80   0x00000008   Data   RO         1247    sdh_ble_observers1  bsp_btn_ble.o
    0x0002fe88   0x00000008   Data   RO         1499    sdh_ble_observers1  ble_conn_params.o
    0x0002fe90   0x00000010   Data   RO           48    sdh_ble_observers2  main.o
    0x0002fea0   0x00000008   Data   RO           49    sdh_ble_observers3  main.o
    0x0002fea8   0x00000008   Data   RO          832    sdh_soc_observers0  time_sync.o
    0x0002feb0   0x00000008   Data   RO         2276    sdh_soc_observers0  nrf_drv_clock.o
    0x0002feb8   0x00000008   Data   RO         6557    sdh_stack_observers0  nrf_sdh_ble.o
    0x0002fec0   0x00000008   Data   RO         6610    sdh_stack_observers0  nrf_sdh_soc.o
    0x0002fec8   0x00000008   Data   RO         2277    sdh_state_observers0  nrf_drv_clock.o


    Execution Region RW_IRAM1 (Base: 0x20002ad8, Size: 0x00003f60, Max: 0x0000d528, ABSOLUTE, COMPRESSED[0x000000a4])

    Base Addr    Size         Type   Attr      Idx    E Section Name        Object

    0x20002ad8   0x0000007d   Data   RW           46    .data               main.o
    0x20002b55   0x00000003   PAD
    0x20002b58   0x00000084   Data   RW          829    .data               time_sync.o
    0x20002bdc   0x00000015   Data   RW         1143    .data               bsp.o
    0x20002bf1   0x00000003   PAD
    0x20002bf4   0x00000008   Data   RW         1246    .data               bsp_btn_ble.o
    0x20002bfc   0x00000008   Data   RW         1498    .data               ble_conn_params.o
    0x20002c04   0x00000009   Data   RW         2417    .data               nrf_drv_uart.o
    0x20002c0d   0x00000003   PAD
    0x20002c10   0x00000008   Data   RW         2489    .data               nrfx_clock.o
    0x20002c18   0x00000008   Data   RW         2961    .data               nrfx_prs.o
    0x20002c20   0x00000007   Data   RW         3823    .data               nrfx_rtc.o
    0x20002c27   0x00000001   PAD
    0x20002c28   0x00000024   Data   RW         4457    .data               app_timer2.o
    0x20002c4c   0x0000001b   Data   RW         4600    .data               app_uart_fifo.o
    0x20002c67   0x00000001   PAD
    0x20002c68   0x0000000c   Data   RW         4727    .data               drv_rtc.o
    0x20002c74   0x00000009   Data   RW         5420    .data               nrf_pwr_mgmt.o
    0x20002c7d   0x00000001   Data   RW         5652    .data               nrf_log_backend_rtt.o
    0x20002c7e   0x00000002   PAD
    0x20002c80   0x00000008   Data   RW         5752    .data               nrf_log_default_backends.o
    0x20002c88   0x00000010   Data   RW         5819    .data               nrf_log_frontend.o
    0x20002c98   0x00000040   Data   RW         5997    .data               nrf_log_str_formatter.o
    0x20002cd8   0x00000003   Data   RW         6439    .data               nrf_sdh.o
    0x20002cdb   0x00000001   Data   RW         6555    .data               nrf_sdh_ble.o
    0x20002cdc   0x00000004   Data   RW         6660    .data               system_nrf52.o
    0x20002ce0   0x000011a5   Zero   RW           44    .bss                main.o
    0x20003e85   0x00000003   PAD
    0x20003e88   0x000000a4   Zero   RW          827    .bss                time_sync.o
    0x20003f2c   0x00000004   PAD
    0x20003f30   0x00000070   Zero   RW         1141    .bss                bsp.o
    0x20003fa0   0x00000050   Zero   RW         1497    .bss                ble_conn_params.o
    0x20003ff0   0x0000007c   Zero   RW         1760    .bss                ble_conn_state.o
    0x2000406c   0x00000014   Zero   RW         2272    .bss                nrf_drv_clock.o
    0x20004080   0x0000005c   Zero   RW         2684    .bss                nrfx_gpiote.o
    0x200040dc   0x0000002c   Zero   RW         3047    .bss                nrfx_uart.o
    0x20004108   0x00000024   Zero   RW         3289    .bss                nrfx_uarte.o
    0x2000412c   0x00000024   Zero   RW         3644    .bss                nrfx_timer.o
    0x20004150   0x0000000c   Zero   RW         4163    .bss                app_util_platform.o
    0x2000415c   0x00000068   Zero   RW         4454    .bss                app_timer2.o
    0x200041c4   0x00000020   Zero   RW         4598    .bss                app_uart_fifo.o
    0x200041e4   0x0000000c   Zero   RW         5417    .bss                nrf_pwr_mgmt.o
    0x200041f0   0x00000040   Zero   RW         5650    .bss                nrf_log_backend_rtt.o
    0x20004230   0x0000057c   Zero   RW         5816    .bss                nrf_log_frontend.o
    0x200047ac   0x00000288   Zero   RW         6095    .bss                segger_rtt.o
    0x20004a34   0x00000004   PAD
    0x20004a38   0x00002000   Zero   RW         6637    STACK               arm_startup_nrf52.o


==============================================================================

Image component sizes


      Code (inc. data)   RO Data    RW Data    ZI Data      Debug   Object Name

         0          0         19          0          0       1375   app_button.o
        28          0          0          0          0       2281   app_error.o
        26          0          0          0          0        472   app_error_handler_keil.o
       188         44          0          0          0      27397   app_error_weak.o
       170          0          0          0          0       5318   app_fifo.o
      1122        124         38         36        104      16893   app_timer2.o
       838        118         32         27         32      21039   app_uart_fifo.o
       200         24          0          0         12       9862   app_util_platform.o
        36          8        512          0       8192        860   arm_startup_nrf52.o
      1756          0          0          0          0      54172   ble_advdata.o
      1390          6          0          0          0      14971   ble_advertising.o
       936         56          8          8         80      10695   ble_conn_params.o
       486         32          8          0        124       8264   ble_conn_state.o
       108          0          0          0          0       1400   ble_link_ctx_manager.o
       676          6          0          0          0      40621   ble_srv_common.o
       270         20          8          0          0       9391   boards.o
      1264         80         44         21        112       9513   bsp.o
       288          8          8          8          0       7584   bsp_btn_ble.o
       990         98          6         12          0      48541   drv_rtc.o
      3838        940        104        125       4517     212469   main.o
      1074        224         16          0          0       7950   my_ble_uarts.o
       352          0          0          0          0       5349   nrf_atfifo.o
        90          0          0          0          0       2720   nrf_atflags.o
       386          0          0          0          0       7167   nrf_atomic.o
       218          0          0          0          0       3407   nrf_balloc.o
      1248        280        205          0          0      38553   nrf_ble_gatt.o
       390          0          0          0          0       5509   nrf_ble_qwr.o
       364         48         30          0         20      37520   nrf_drv_clock.o
       252         42          0          9          0      16880   nrf_drv_uart.o
        70          0          0          0          0       3217   nrf_fprintf.o
      1030          6         16          0          0       6658   nrf_fprintf_format.o
       176         16         22          1         64       6109   nrf_log_backend_rtt.o
       242          0          0          0          0      10529   nrf_log_backend_serial.o
        40          6         32          8          0       3045   nrf_log_default_backends.o
      2082        134         44         16       1404      29098   nrf_log_frontend.o
       626        112        102         64          0       5396   nrf_log_str_formatter.o
       514          0          0          0          0       8911   nrf_memobj.o
       168         22         53          9         12      37394   nrf_pwr_mgmt.o
        28          0          0          0          0       2055   nrf_ringbuf.o
       556         56        104          3          0      37597   nrf_sdh.o
       904        240        539          1          0       5907   nrf_sdh_ble.o
        84          4         56          0          0       2400   nrf_sdh_soc.o
       112          0          0          0          0       2460   nrf_section_iter.o
       110          0         17          0          0       3509   nrf_sortlist.o
        92         10       1319          0          0       2399   nrf_strerror.o
       400         34         14          8          0      44004   nrfx_clock.o
       764         30         77          0         92      53178   nrfx_gpiote.o
       140         14         12          8          0       4036   nrfx_prs.o
       246         10         12          7          0       9346   nrfx_rtc.o
       202         30         14          0         36      11838   nrfx_timer.o
      1946         60         59          0         44      35236   nrfx_uart.o
      1914         58         62          0         36      31223   nrfx_uarte.o
       470         44          0          0        648       7729   segger_rtt.o
      1372        142          0          4          0       7671   system_nrf52.o
         0          0          0          0          0      34500   systime.o
      3024        750         46        132        164      50402   time_sync.o

    ----------------------------------------------------------------------
     36354       3936       3720        520      15704    1084020   Object Totals
         0          0         32          0          0          0   (incl. Generated)
        58          0         50         13         11          0   (incl. Padding)

    ----------------------------------------------------------------------

      Code (inc. data)   RO Data    RW Data    ZI Data      Debug   Library Member Name

        86          0          0          0          0          0   __dczerorl2.o
         8          4        133          0          0         68   ctype_o.o
         0          0          0          0          0          0   entry.o
         0          0          0          0          0          0   entry10a.o
         0          0          0          0          0          0   entry11a.o
         8          4          0          0          0          0   entry2.o
         4          0          0          0          0          0   entry5.o
         0          0          0          0          0          0   entry7b.o
         0          0          0          0          0          0   entry8b.o
         8          4          0          0          0          0   entry9a.o
        30          0          0          0          0          0   handlers.o
        36          8          0          0          0         68   init.o
        30          0          0          0          0         68   llshl.o
        32          0          0          0          0         68   llushr.o
        36          0          0          0          0         68   memcpya.o
        36          0          0          0          0        108   memseta.o
        18          0          0          0          0         68   strcpy.o
        14          0          0          0          0         68   strlen.o
        98          0          0          0          0         92   uldiv.o

    ----------------------------------------------------------------------
       446         20        136          0          0        676   Library Totals
         2          0          3          0          0          0   (incl. Padding)

    ----------------------------------------------------------------------

      Code (inc. data)   RO Data    RW Data    ZI Data      Debug   Library Name

       444         20        133          0          0        676   mc_w.l

    ----------------------------------------------------------------------
       446         20        136          0          0        676   Library Totals

    ----------------------------------------------------------------------

==============================================================================


      Code (inc. data)   RO Data    RW Data    ZI Data      Debug   

     36800       3956       3856        520      15704    1040672   Grand Totals
     36800       3956       3856        164      15704    1040672   ELF Image Totals (compressed)
     36800       3956       3856        164          0          0   ROM Totals

==============================================================================

    Total RO  Size (Code + RO Data)                40656 (  39.70kB)
    Total RW  Size (RW Data + ZI Data)             16224 (  15.84kB)
    Total ROM Size (Code + RO Data + RW Data)      40820 (  39.86kB)

==============================================================================

