Component: ARM Compiler 5.06 update 5 (build 528) Tool: armlink [4d35e2]

==============================================================================

Section Cross References

    main.o(i.advertising_init) refers to memseta.o(.text) for __aeabi_memclr4
    main.o(i.advertising_init) refers to ble_advertising.o(i.ble_advertising_init) for ble_advertising_init
    main.o(i.advertising_init) refers to app_error.o(i.app_error_handler_bare) for app_error_handler_bare
    main.o(i.advertising_init) refers to ble_advertising.o(i.ble_advertising_conn_cfg_tag_set) for ble_advertising_conn_cfg_tag_set
    main.o(i.advertising_init) refers to main.o(.data) for m_adv_uuids
    main.o(i.advertising_init) refers to main.o(i.on_adv_evt) for on_adv_evt
    main.o(i.advertising_init) refers to main.o(.bss) for m_advertising
    main.o(i.advertising_start) refers to ble_advertising.o(i.ble_advertising_start) for ble_advertising_start
    main.o(i.advertising_start) refers to app_error.o(i.app_error_handler_bare) for app_error_handler_bare
    main.o(i.advertising_start) refers to main.o(.bss) for m_advertising
    main.o(i.ble_evt_handler) refers to nrf_log_frontend.o(i.nrf_log_frontend_std_0) for nrf_log_frontend_std_0
    main.o(i.ble_evt_handler) refers to main.o(i.uart_reconfig) for uart_reconfig
    main.o(i.ble_evt_handler) refers to bsp.o(i.bsp_indication_set) for bsp_indication_set
    main.o(i.ble_evt_handler) refers to app_error.o(i.app_error_handler_bare) for app_error_handler_bare
    main.o(i.ble_evt_handler) refers to nrf_ble_qwr.o(i.nrf_ble_qwr_conn_handle_assign) for nrf_ble_qwr_conn_handle_assign
    main.o(i.ble_evt_handler) refers to main.o(.data) for m_conn_handle
    main.o(i.ble_evt_handler) refers to nrf_log_frontend.o(log_const_data) for m_nrf_log_app_logs_data_const
    main.o(i.ble_evt_handler) refers to main.o(.bss) for m_qwr
    main.o(i.ble_ondisconnect) refers to systime.o(.data) for AsynFinished
    main.o(i.ble_ondisconnect) refers to main.o(.data) for m_conn_handle
    main.o(i.ble_rec_sync) refers to main.o(i.ble_send_synctime) for ble_send_synctime
    main.o(i.ble_rec_sync) refers to main.o(i.ble_uart_send_data) for ble_uart_send_data
    main.o(i.ble_rec_sync) refers to main.o(.data) for Ble_RecSync
    main.o(i.ble_rec_sync) refers to systime.o(.data) for AsynFinished
    main.o(i.ble_send_synctime) refers to utility.o(i.CheckSum) for CheckSum
    main.o(i.ble_send_synctime) refers to my_ble_uarts.o(i.ble_uarts_data_send) for ble_uarts_data_send
    main.o(i.ble_send_synctime) refers to app_error.o(i.app_error_handler_bare) for app_error_handler_bare
    main.o(i.ble_send_synctime) refers to systime.o(.data) for sys_time
    main.o(i.ble_send_synctime) refers to main.o(.data) for m_conn_handle
    main.o(i.ble_stack_init) refers to nrf_sdh.o(i.nrf_sdh_enable_request) for nrf_sdh_enable_request
    main.o(i.ble_stack_init) refers to app_error.o(i.app_error_handler_bare) for app_error_handler_bare
    main.o(i.ble_stack_init) refers to nrf_sdh_ble.o(i.nrf_sdh_ble_default_cfg_set) for nrf_sdh_ble_default_cfg_set
    main.o(i.ble_stack_init) refers to nrf_sdh_ble.o(i.nrf_sdh_ble_enable) for nrf_sdh_ble_enable
    main.o(i.ble_uart_send_data) refers to my_ble_uarts.o(i.ble_uarts_data_send) for ble_uarts_data_send
    main.o(i.ble_uart_send_data) refers to app_error.o(i.app_error_handler_bare) for app_error_handler_bare
    main.o(i.ble_uart_send_data) refers to main.o(.data) for m_conn_handle
    main.o(i.buttons_handle) refers to main.o(i.nrf_gpio_pin_read) for nrf_gpio_pin_read
    main.o(i.buttons_handle) refers to main.o(.data) for Ble_RecSync
    main.o(i.conn_params_error_handler) refers to app_error.o(i.app_error_handler_bare) for app_error_handler_bare
    main.o(i.conn_params_init) refers to memseta.o(.text) for __aeabi_memclr4
    main.o(i.conn_params_init) refers to ble_conn_params.o(i.ble_conn_params_init) for ble_conn_params_init
    main.o(i.conn_params_init) refers to app_error.o(i.app_error_handler_bare) for app_error_handler_bare
    main.o(i.conn_params_init) refers to main.o(i.on_conn_params_evt) for on_conn_params_evt
    main.o(i.conn_params_init) refers to main.o(i.conn_params_error_handler) for conn_params_error_handler
    main.o(i.gap_params_init) refers to app_error.o(i.app_error_handler_bare) for app_error_handler_bare
    main.o(i.gatt_evt_handler) refers to nrf_log_frontend.o(i.nrf_log_frontend_std_2) for nrf_log_frontend_std_2
    main.o(i.gatt_evt_handler) refers to main.o(.data) for m_conn_handle
    main.o(i.gatt_evt_handler) refers to nrf_log_frontend.o(log_const_data) for m_nrf_log_app_logs_data_const
    main.o(i.gatt_init) refers to nrf_ble_gatt.o(i.nrf_ble_gatt_init) for nrf_ble_gatt_init
    main.o(i.gatt_init) refers to app_error.o(i.app_error_handler_bare) for app_error_handler_bare
    main.o(i.gatt_init) refers to nrf_ble_gatt.o(i.nrf_ble_gatt_att_mtu_periph_set) for nrf_ble_gatt_att_mtu_periph_set
[...]
    bsp_board_pin_to_button_idx              0x00028459   Thumb Code    32  boards.o(i.bsp_board_pin_to_button_idx)
    bsp_event_to_button_action_assign        0x00028541   Thumb Code    86  bsp.o(i.bsp_event_to_button_action_assign)
    bsp_indication_set                       0x0002859d   Thumb Code    28  bsp.o(i.bsp_indication_set)
    bsp_init                                 0x000285bd   Thumb Code   136  bsp.o(i.bsp_init)
    buffer_is_empty                          0x00028b01   Thumb Code    20  nrf_log_frontend.o(i.buffer_is_empty)
    buttons_handle                           0x00028b55   Thumb Code    78  main.o(i.buttons_handle)
    characteristic_add                       0x00028c65   Thumb Code   456  ble_srv_common.o(i.characteristic_add)
    conn_handle_list_get                     0x00028ed3   Thumb Code    60  ble_conn_state.o(i.conn_handle_list_get)
    drv_rtc_compare_disable                  0x000291f1   Thumb Code    22  drv_rtc.o(i.drv_rtc_compare_disable)
    drv_rtc_compare_pending                  0x00029207   Thumb Code    26  drv_rtc.o(i.drv_rtc_compare_pending)
    drv_rtc_compare_set                      0x00029221   Thumb Code    92  drv_rtc.o(i.drv_rtc_compare_set)
    drv_rtc_counter_get                      0x0002927d   Thumb Code    12  drv_rtc.o(i.drv_rtc_counter_get)
    drv_rtc_init                             0x00029289   Thumb Code   204  drv_rtc.o(i.drv_rtc_init)
    drv_rtc_irq_trigger                      0x000293a5   Thumb Code    28  drv_rtc.o(i.drv_rtc_irq_trigger)
    drv_rtc_overflow_enable                  0x000293c5   Thumb Code    18  drv_rtc.o(i.drv_rtc_overflow_enable)
    drv_rtc_overflow_pending                 0x000293d7   Thumb Code    16  drv_rtc.o(i.drv_rtc_overflow_pending)
    drv_rtc_start                            0x000293e7   Thumb Code    14  drv_rtc.o(i.drv_rtc_start)
    drv_rtc_stop                             0x000293f5   Thumb Code    14  drv_rtc.o(i.drv_rtc_stop)
    drv_rtc_windowed_compare_set             0x00029403   Thumb Code   260  drv_rtc.o(i.drv_rtc_windowed_compare_set)
    evt_handle                               0x000297f1   Thumb Code   234  app_button.o(i.evt_handle)
    gatt_evt_handler                         0x00029a55   Thumb Code    62  main.o(i.gatt_evt_handler)
    main                                     0x0002a179   Thumb Code    90  main.o(i.main)
    nrf_atfifo_init                          0x0002a43d   Thumb Code    40  nrf_atfifo.o(i.nrf_atfifo_init)
    nrf_atfifo_item_alloc                    0x0002a465   Thumb Code    28  nrf_atfifo.o(i.nrf_atfifo_item_alloc)
    nrf_atfifo_item_free                     0x0002a481   Thumb Code    28  nrf_atfifo.o(i.nrf_atfifo_item_free)
    nrf_atfifo_item_get                      0x0002a49d   Thumb Code    28  nrf_atfifo.o(i.nrf_atfifo_item_get)
    nrf_atfifo_item_put                      0x0002a4b9   Thumb Code    28  nrf_atfifo.o(i.nrf_atfifo_item_put)
    nrf_atflags_clear                        0x0002a4d5   Thumb Code    30  nrf_atflags.o(i.nrf_atflags_clear)
    nrf_atflags_get                          0x0002a4f3   Thumb Code    30  nrf_atflags.o(i.nrf_atflags_get)
    nrf_atflags_set                          0x0002a511   Thumb Code    30  nrf_atflags.o(i.nrf_atflags_set)
    nrf_atomic_flag_clear_fetch              0x0002a52f   Thumb Code    14  nrf_atomic.o(i.nrf_atomic_flag_clear_fetch)
    nrf_atomic_flag_set                      0x0002a53d   Thumb Code    14  nrf_atomic.o(i.nrf_atomic_flag_set)
    nrf_atomic_u32_add                       0x0002a54b   Thumb Code    22  nrf_atomic.o(i.nrf_atomic_u32_add)
    nrf_atomic_u32_and                       0x0002a561   Thumb Code    22  nrf_atomic.o(i.nrf_atomic_u32_and)
    nrf_atomic_u32_fetch_and                 0x0002a577   Thumb Code    22  nrf_atomic.o(i.nrf_atomic_u32_fetch_and)
    nrf_atomic_u32_fetch_store               0x0002a58d   Thumb Code    22  nrf_atomic.o(i.nrf_atomic_u32_fetch_store)
    nrf_atomic_u32_or                        0x0002a5a3   Thumb Code    22  nrf_atomic.o(i.nrf_atomic_u32_or)
    nrf_atomic_u32_sub                       0x0002a5b9   Thumb Code    22  nrf_atomic.o(i.nrf_atomic_u32_sub)
    nrf_balloc_alloc                         0x0002a5cf   Thumb Code    82  nrf_balloc.o(i.nrf_balloc_alloc)
    nrf_balloc_free                          0x0002a631   Thumb Code    48  nrf_balloc.o(i.nrf_balloc_free)
    nrf_balloc_init                          0x0002a66d   Thumb Code    60  nrf_balloc.o(i.nrf_balloc_init)
    nrf_ble_gatt_att_mtu_periph_set          0x0002a6d5   Thumb Code    30  nrf_ble_gatt.o(i.nrf_ble_gatt_att_mtu_periph_set)
    nrf_ble_gatt_init                        0x0002a6f3   Thumb Code    52  nrf_ble_gatt.o(i.nrf_ble_gatt_init)
    nrf_ble_gatt_on_ble_evt                  0x0002a729   Thumb Code   202  nrf_ble_gatt.o(i.nrf_ble_gatt_on_ble_evt)
    nrf_ble_qwr_conn_handle_assign           0x0002a831   Thumb Code    32  nrf_ble_qwr.o(i.nrf_ble_qwr_conn_handle_assign)
    nrf_ble_qwr_init                         0x0002a851   Thumb Code    50  nrf_ble_qwr.o(i.nrf_ble_qwr_init)
    nrf_ble_qwr_on_ble_evt                   0x0002a883   Thumb Code   124  nrf_ble_qwr.o(i.nrf_ble_qwr_on_ble_evt)
    nrf_drv_clock_init                       0x0002a939   Thumb Code    54  nrf_drv_clock.o(i.nrf_drv_clock_init)
    nrf_drv_clock_lfclk_release              0x0002a979   Thumb Code    42  nrf_drv_clock.o(i.nrf_drv_clock_lfclk_release)
    nrf_drv_uart_init                        0x0002a9a9   Thumb Code   118  nrf_drv_uart.o(i.nrf_drv_uart_init)
    nrf_fprintf                              0x0002aabd   Thumb Code    42  nrf_fprintf.o(i.nrf_fprintf)
    nrf_fprintf_buffer_flush                 0x0002aae7   Thumb Code    28  nrf_fprintf.o(i.nrf_fprintf_buffer_flush)
    nrf_fprintf_fmt                          0x0002ab03   Thumb Code   496  nrf_fprintf_format.o(i.nrf_fprintf_fmt)
    nrf_log_backend_add                      0x0002af85   Thumb Code    78  nrf_log_frontend.o(i.nrf_log_backend_add)
    nrf_log_backend_rtt_init                 0x0002afdb   Thumb Code     8  nrf_log_backend_rtt.o(i.nrf_log_backend_rtt_init)
    nrf_log_backend_serial_put               0x0002b005   Thumb Code   242  nrf_log_backend_serial.o(i.nrf_log_backend_serial_put)
    nrf_log_color_id_get                     0x0002b0f9   Thumb Code    52  nrf_log_frontend.o(i.nrf_log_color_id_get)
    nrf_log_default_backends_init            0x0002b131   Thumb Code    34  nrf_log_default_backends.o(i.nrf_log_default_backends_init)
    nrf_log_frontend_dequeue                 0x0002b159   Thumb Code   756  nrf_log_frontend.o(i.nrf_log_frontend_dequeue)
    nrf_log_frontend_std_0                   0x0002b471   Thumb Code    20  nrf_log_frontend.o(i.nrf_log_frontend_std_0)
    nrf_log_frontend_std_1                   0x0002b485   Thumb Code    24  nrf_log_frontend.o(i.nrf_log_frontend_std_1)
    nrf_log_frontend_std_2                   0x0002b49d   Thumb Code    32  nrf_log_frontend.o(i.nrf_log_frontend_std_2)
    nrf_log_hexdump_entry_process            0x0002b4bd   Thumb Code   164  nrf_log_str_formatter.o(i.nrf_log_hexdump_entry_process)
    nrf_log_init                             0x0002b579   Thumb Code    68  nrf_log_frontend.o(i.nrf_log_init)
    nrf_log_module_cnt_get                   0x0002b5d1   Thumb Code    10  nrf_log_frontend.o(i.nrf_log_module_cnt_get)
    nrf_log_module_name_get                  0x0002b5e5   Thumb Code    30  nrf_log_frontend.o(i.nrf_log_module_name_get)
    nrf_log_panic                            0x0002b609   Thumb Code    50  nrf_log_frontend.o(i.nrf_log_panic)
    nrf_log_std_entry_process                0x0002b641   Thumb Code   200  nrf_log_str_formatter.o(i.nrf_log_std_entry_process)
    nrf_memobj_alloc                         0x0002b709   Thumb Code   122  nrf_memobj.o(i.nrf_memobj_alloc)
    nrf_memobj_free                          0x0002b783   Thumb Code    64  nrf_memobj.o(i.nrf_memobj_free)
    nrf_memobj_get                           0x0002b7c3   Thumb Code    16  nrf_memobj.o(i.nrf_memobj_get)
    nrf_memobj_pool_init                     0x0002b7d3   Thumb Code    12  nrf_memobj.o(i.nrf_memobj_pool_init)
    nrf_memobj_put                           0x0002b7df   Thumb Code    30  nrf_memobj.o(i.nrf_memobj_put)
    nrf_memobj_read                          0x0002b7fd   Thumb Code    34  nrf_memobj.o(i.nrf_memobj_read)
    nrf_memobj_write                         0x0002b81f   Thumb Code    34  nrf_memobj.o(i.nrf_memobj_write)
    nrf_pwr_mgmt_init                        0x0002b841   Thumb Code    46  nrf_pwr_mgmt.o(i.nrf_pwr_mgmt_init)
    nrf_pwr_mgmt_run                         0x0002b881   Thumb Code   100  nrf_pwr_mgmt.o(i.nrf_pwr_mgmt_run)
    nrf_ringbuf_init                         0x0002b8f9   Thumb Code    28  nrf_ringbuf.o(i.nrf_ringbuf_init)
    nrf_sdh_ble_app_ram_start_get            0x0002b991   Thumb Code    18  nrf_sdh_ble.o(i.nrf_sdh_ble_app_ram_start_get)
    nrf_sdh_ble_default_cfg_set              0x0002b9a9   Thumb Code   382  nrf_sdh_ble.o(i.nrf_sdh_ble_default_cfg_set)
    nrf_sdh_ble_enable                       0x0002bb49   Thumb Code   144  nrf_sdh_ble.o(i.nrf_sdh_ble_enable)
    nrf_sdh_enable_request                   0x0002bd09   Thumb Code   112  nrf_sdh.o(i.nrf_sdh_enable_request)
    nrf_sdh_evts_poll                        0x0002bd8d   Thumb Code    44  nrf_sdh.o(i.nrf_sdh_evts_poll)
    nrf_sdh_is_enabled                       0x0002bdbd   Thumb Code     6  nrf_sdh.o(i.nrf_sdh_is_enabled)
    nrf_section_iter_init                    0x0002be23   Thumb Code    20  nrf_section_iter.o(i.nrf_section_iter_init)
    nrf_section_iter_next                    0x0002be65   Thumb Code    46  nrf_section_iter.o(i.nrf_section_iter_next)
    nrf_sortlist_add                         0x0002be93   Thumb Code    40  nrf_sortlist.o(i.nrf_sortlist_add)
    nrf_sortlist_peek                        0x0002bebb   Thumb Code     8  nrf_sortlist.o(i.nrf_sortlist_peek)
    nrf_sortlist_pop                         0x0002bec3   Thumb Code    24  nrf_sortlist.o(i.nrf_sortlist_pop)
    nrf_sortlist_remove                      0x0002bedb   Thumb Code    38  nrf_sortlist.o(i.nrf_sortlist_remove)
    nrf_strerror_find                        0x0002bf01   Thumb Code    60  nrf_strerror.o(i.nrf_strerror_find)
    nrf_strerror_get                         0x0002bf41   Thumb Code    22  nrf_strerror.o(i.nrf_strerror_get)
    nrfx_clock_enable                        0x0002c059   Thumb Code    16  nrfx_clock.o(i.nrfx_clock_enable)
    nrfx_clock_init                          0x0002c06d   Thumb Code    30  nrfx_clock.o(i.nrfx_clock_init)
    nrfx_clock_lfclk_stop                    0x0002c091   Thumb Code    26  nrfx_clock.o(i.nrfx_clock_lfclk_stop)
    nrfx_gpiote_in_event_enable              0x0002c0e1   Thumb Code   164  nrfx_gpiote.o(i.nrfx_gpiote_in_event_enable)
    nrfx_gpiote_in_init                      0x0002c18d   Thumb Code   232  nrfx_gpiote.o(i.nrfx_gpiote_in_init)
    nrfx_gpiote_in_is_set                    0x0002c281   Thumb Code    20  nrfx_gpiote.o(i.nrfx_gpiote_in_is_set)
    nrfx_gpiote_init                         0x0002c295   Thumb Code   160  nrfx_gpiote.o(i.nrfx_gpiote_init)
    nrfx_gpiote_is_init                      0x0002c341   Thumb Code    16  nrfx_gpiote.o(i.nrfx_gpiote_is_init)
    nrfx_prs_acquire                         0x0002c40d   Thumb Code    78  nrfx_prs.o(i.nrfx_prs_acquire)
    nrfx_prs_release                         0x0002c45b   Thumb Code    22  nrfx_prs.o(i.nrfx_prs_release)
    nrfx_rtc_enable                          0x0002c471   Thumb Code    26  nrfx_rtc.o(i.nrfx_rtc_enable)
    nrfx_rtc_init                            0x0002c491   Thumb Code   178  nrfx_rtc.o(i.nrfx_rtc_init)
    nrfx_rtc_tick_enable                     0x0002c555   Thumb Code    44  nrfx_rtc.o(i.nrfx_rtc_tick_enable)
    nrfx_uart_0_irq_handler                  0x0002c581   Thumb Code    12  nrfx_uart.o(i.nrfx_uart_0_irq_handler)
    nrfx_uart_init                           0x0002c595   Thumb Code   128  nrfx_uart.o(i.nrfx_uart_init)
    nrfx_uart_rx                             0x0002c61d   Thumb Code   286  nrfx_uart.o(i.nrfx_uart_rx)
    nrfx_uart_tx                             0x0002c741   Thumb Code   134  nrfx_uart.o(i.nrfx_uart_tx)
    nrfx_uart_tx_in_progress                 0x0002c7cd   Thumb Code    30  nrfx_uart.o(i.nrfx_uart_tx_in_progress)
    nrfx_uart_uninit                         0x0002c7f1   Thumb Code    62  nrfx_uart.o(i.nrfx_uart_uninit)
    nrfx_uarte_0_irq_handler                 0x0002c835   Thumb Code    12  nrfx_uarte.o(i.nrfx_uarte_0_irq_handler)
    nrfx_uarte_init                          0x0002c849   Thumb Code   120  nrfx_uarte.o(i.nrfx_uarte_init)
    nrfx_uarte_rx                            0x0002c8c9   Thumb Code   306  nrfx_uarte.o(i.nrfx_uarte_rx)
    nrfx_uarte_tx                            0x0002ca01   Thumb Code   188  nrfx_uarte.o(i.nrfx_uarte_tx)
    nrfx_uarte_tx_in_progress                0x0002cac1   Thumb Code    26  nrfx_uarte.o(i.nrfx_uarte_tx_in_progress)
    nrfx_uarte_uninit                        0x0002cae1   Thumb Code   108  nrfx_uarte.o(i.nrfx_uarte_uninit)
    sysRtc_init                              0x0002e0e9   Thumb Code    12  systime.o(i.sysRtc_init)
    uart_config                              0x0002e381   Thumb Code    74  main.o(i.uart_config)
    uart_event_handle                        0x0002e3dd   Thumb Code   168  main.o(i.uart_event_handle)
    device_name                              0x0002ed14   Data          21  main.o(.constdata)
    TIMER_SYST                               0x0002ed44   Data           8  systime.o(.constdata)
    rtc                                      0x0002ed4c   Data           8  systime.o(.constdata)
    NonLeapMonth                             0x0002ed54   Data          13  systime.o(.constdata)
    LeapMonth                                0x0002ed61   Data          13  systime.o(.constdata)
    nrf_log_backend_rtt_api                  0x0002f040   Data          12  nrf_log_backend_rtt.o(.constdata)
    m_ram_start                              0x0002f0e8   Data           4  nrf_sdh_ble.o(.constdata)
    __ctype_table                            0x0002f108   Data         129  ctype_o.o(.constdata)
    Region$$Table$$Base                      0x0002f904   Number         0  anon$$obj.o(Region$$Table)
    Region$$Table$$Limit                     0x0002f924   Number         0  anon$$obj.o(Region$$Table)
    log_const_data$$Base                     0x0002f934   Number         0  nrf_ble_gatt.o(log_const_data)
    m_nrf_log_nrf_ble_gatt_logs_data_const   0x0002f934   Data           8  nrf_ble_gatt.o(log_const_data)
    m_nrf_log_clock_logs_data_const          0x0002f93c   Data           8  nrf_drv_clock.o(log_const_data)
    m_nrf_log_CLOCK_logs_data_const          0x0002f944   Data           8  nrfx_clock.o(log_const_data)
    m_nrf_log_GPIOTE_logs_data_const         0x0002f94c   Data           8  nrfx_gpiote.o(log_const_data)
    m_nrf_log_PRS_logs_data_const            0x0002f954   Data           8  nrfx_prs.o(log_const_data)
    m_nrf_log_UART_logs_data_const           0x0002f95c   Data           8  nrfx_uart.o(log_const_data)
    m_nrf_log_UARTE_logs_data_const          0x0002f964   Data           8  nrfx_uarte.o(log_const_data)
    m_nrf_log_TIMER_logs_data_const          0x0002f96c   Data           8  nrfx_timer.o(log_const_data)
    m_nrf_log_RTC_logs_data_const            0x0002f974   Data           8  nrfx_rtc.o(log_const_data)
    m_nrf_log_app_button_logs_data_const     0x0002f97c   Data           8  app_button.o(log_const_data)
    m_nrf_log_app_timer_logs_data_const      0x0002f984   Data           8  app_timer2.o(log_const_data)
    m_nrf_log_pwr_mgmt_logs_data_const       0x0002f98c   Data           8  nrf_pwr_mgmt.o(log_const_data)
    m_nrf_log_sortlist_logs_data_const       0x0002f994   Data           8  nrf_sortlist.o(log_const_data)
    m_nrf_log_app_logs_data_const            0x0002f99c   Data           8  nrf_log_frontend.o(log_const_data)
    m_nrf_log_nrf_sdh_logs_data_const        0x0002f9a4   Data           8  nrf_sdh.o(log_const_data)
    m_nrf_log_nrf_sdh_ble_logs_data_const    0x0002f9ac   Data           8  nrf_sdh_ble.o(log_const_data)
    m_nrf_log_nrf_sdh_soc_logs_data_const    0x0002f9b4   Data           8  nrf_sdh_soc.o(log_const_data)
    log_const_data$$Limit                    0x0002f9bc   Number         0  nrf_sdh_soc.o(log_const_data)
    log_mempool                              0x0002f9bc   Data          20  nrf_log_frontend.o(nrf_balloc)
    sdh_ble_observers0$$Base                 0x0002f9d0   Number         0  ble_conn_state.o(sdh_ble_observers0)
    sdh_ble_observers0$$Limit                0x0002f9d8   Number         0  ble_conn_state.o(sdh_ble_observers0)
    sdh_ble_observers1$$Base                 0x0002f9d8   Number         0  main.o(sdh_ble_observers1)
    sdh_ble_observers1$$Limit                0x0002f9f0   Number         0  ble_conn_params.o(sdh_ble_observers1)
    sdh_ble_observers2$$Base                 0x0002f9f0   Number         0  main.o(sdh_ble_observers2)
    sdh_ble_observers2$$Limit                0x0002fa00   Number         0  main.o(sdh_ble_observers2)
    sdh_ble_observers3$$Base                 0x0002fa00   Number         0  main.o(sdh_ble_observers3)
    sdh_ble_observers3$$Limit                0x0002fa08   Number         0  main.o(sdh_ble_observers3)
    sdh_soc_observers0$$Base                 0x0002fa08   Number         0  nrf_drv_clock.o(sdh_soc_observers0)
    sdh_soc_observers0$$Limit                0x0002fa10   Number         0  nrf_drv_clock.o(sdh_soc_observers0)
    sdh_stack_observers0$$Base               0x0002fa10   Number         0  nrf_sdh_ble.o(sdh_stack_observers0)
    sdh_stack_observers0$$Limit              0x0002fa20   Number         0  nrf_sdh_soc.o(sdh_stack_observers0)
    sdh_state_observers0$$Base               0x0002fa20   Number         0  nrf_drv_clock.o(sdh_state_observers0)
    sdh_state_observers0$$Limit              0x0002fa28   Number         0  nrf_drv_clock.o(sdh_state_observers0)
    Image$$RW_IRAM1$$Base                    0x20002ad8   Number         0  anon$$obj.o ABSOLUTE
    Ble_SyncTime                             0x20002b0a   Data           1  main.o(.data)
    Ble_RecSync                              0x20002b0b   Data           1  main.o(.data)
    Ble_RecConfig                            0x20002b0c   Data           1  main.o(.data)
    GotoConfig                               0x20002b0d   Data           5  main.o(.data)
    GotoMesure                               0x20002b12   Data           5  main.o(.data)
    BleAnsSync                               0x20002b17   Data           5  main.o(.data)
    BleSyncOK                                0x20002b1c   Data           7  main.o(.data)
    sys_time                                 0x20002b28   Data           4  systime.o(.data)
    AsynFinished                             0x20002b2c   Data           4  systime.o(.data)
    syncAddTime                              0x20002b30   Data           2  systime.o(.data)
    systimedata                              0x20002b32   Data           8  systime.o(.data)
    nrf_drv_uart_use_easy_dma                0x20002b64   Data           1  nrf_drv_uart.o(.data)
    SystemCoreClock                          0x20002c4c   Data           4  system_nrf52.o(.data)
    nrf_nvic_state                           0x200035e8   Data          12  app_util_platform.o(.bss)
    _SEGGER_RTT                              0x20003c44   Data         120  segger_rtt.o(.bss)
    __initial_sp                             0x20005ed0   Data           0  arm_startup_nrf52.o(STACK)



==============================================================================

Memory Map of the image

  Image Entry point : 0x00026201

  Load Region LR_IROM1 (Base: 0x00026000, Size: 0x00009ba0, Max: 0x0005a000, ABSOLUTE, COMPRESSED[0x00009a94])

    Execution Region ER_IROM1 (Exec base: 0x00026000, Load base: 0x00026000, Size: 0x00009a28, Max: 0x0005a000, ABSOLUTE)

    Exec Addr    Load Addr    Size         Type   Attr      Idx    E Section Name        Object

    0x00026000   0x00026000   0x00000200   Data   RO         6335    RESET               arm_startup_nrf52.o
    0x00026200   0x00026200   0x00000000   Code   RO         6431  * .ARM.Collect$$$$00000000  mc_w.l(entry.o)
    0x00026200   0x00026200   0x00000004   Code   RO         6487    .ARM.Collect$$$$00000001  mc_w.l(entry2.o)
    0x00026204   0x00026204   0x00000004   Code   RO         6490    .ARM.Collect$$$$00000004  mc_w.l(entry5.o)
    0x00026208   0x00026208   0x00000000   Code   RO         6492    .ARM.Collect$$$$00000008  mc_w.l(entry7b.o)
    0x00026208   0x00026208   0x00000000   Code   RO         6494    .ARM.Collect$$$$0000000A  mc_w.l(entry8b.o)
    0x00026208   0x00026208   0x00000008   Code   RO         6495    .ARM.Collect$$$$0000000B  mc_w.l(entry9a.o)
    0x00026210   0x00026210   0x00000000   Code   RO         6497    .ARM.Collect$$$$0000000D  mc_w.l(entry10a.o)
    0x00026210   0x00026210   0x00000000   Code   RO         6499    .ARM.Collect$$$$0000000F  mc_w.l(entry11a.o)
    0x00026210   0x00026210   0x00000004   Code   RO         6488    .ARM.Collect$$$$00002712  mc_w.l(entry2.o)
    0x00026214   0x00026214   0x000000c8   Code   RO         4620    .emb_text           nrf_atfifo.o
    0x000262dc   0x000262dc   0x000000e2   Code   RO         4693    .emb_text           nrf_atomic.o
    0x000263be   0x000263be   0x00000002   PAD
    0x000263c0   0x000263c0   0x00000024   Code   RO         6336    .text               arm_startup_nrf52.o
    0x000263e4   0x000263e4   0x00000062   Code   RO         6439    .text               mc_w.l(uldiv.o)
    0x00026446   0x00026446   0x0000001e   Code   RO         6441    .text               mc_w.l(llshl.o)
    0x00026464   0x00026464   0x00000020   Code   RO         6443    .text               mc_w.l(llushr.o)
    0x00026484   0x00026484   0x00000008   Code   RO         6445    .text               mc_w.l(ctype_o.o)
    0x0002648c   0x0002648c   0x00000024   Code   RO         6473    .text               mc_w.l(memcpya.o)
    0x000264b0   0x000264b0   0x00000024   Code   RO         6475    .text               mc_w.l(memseta.o)
    0x000264d4   0x000264d4   0x0000000e   Code   RO         6477    .text               mc_w.l(strlen.o)
    0x000264e2   0x000264e2   0x00000012   Code   RO         6483    .text               mc_w.l(strcpy.o)
    0x000264f4   0x000264f4   0x00000024   Code   RO         6503    .text               mc_w.l(init.o)
    0x00026518   0x00026518   0x00000056   Code   RO         6513    .text               mc_w.l(__dczerorl2.o)
    0x0002656e   0x0002656e   0x00000002   PAD
    0x00026570   0x00026570   0x000000c4   Code   RO          523    i.Calendar_Timer    systime.o
    0x00026634   0x00026634   0x00000022   Code   RO          662    i.CheckSum          utility.o
    0x00026656   0x00026656   0x00000002   PAD
    0x00026658   0x00026658   0x0000021c   Code   RO         2318    i.GPIOTE_IRQHandler  nrfx_gpiote.o
    0x00026874   0x00026874   0x0000003e   Code   RO          524    i.IsLeap            systime.o
    0x000268b2   0x000268b2   0x00000002   PAD
    0x000268b4   0x000268b4   0x00000054   Code   RO         2150    i.POWER_CLOCK_IRQHandler  nrfx_clock.o
    0x00026908   0x00026908   0x00000018   Code   RO         4391    i.RTC1_IRQHandler   drv_rtc.o
    0x00026920   0x00026920   0x00000014   Code   RO         3483    i.RTC2_IRQHandler   nrfx_rtc.o
    0x00026934   0x00026934   0x000000a0   Code   RO          525    i.ReturnWeekDay     systime.o
    0x000269d4   0x000269d4   0x00000008   Code   RO         5768    i.SEGGER_RTT_Init   segger_rtt.o
    0x000269dc   0x000269dc   0x00000084   Code   RO         5782    i.SEGGER_RTT_WriteNoLock  segger_rtt.o
    0x00026a60   0x00026a60   0x00000008   Code   RO         6117    i.SWI2_EGU2_IRQHandler  nrf_sdh.o
    0x00026a68   0x00026a68   0x00000010   Code   RO         6343    i.SystemCoreClockUpdate  system_nrf52.o
    0x00026a78   0x00026a78   0x00000298   Code   RO         6344    i.SystemInit        system_nrf52.o
    0x00026d10   0x00026d10   0x00000018   Code   RO         3302    i.TIMER0_IRQHandler  nrfx_timer.o
    0x00026d28   0x00026d28   0x00000018   Code   RO         3303    i.TIMER1_IRQHandler  nrfx_timer.o
    0x00026d40   0x00026d40   0x00000018   Code   RO         3304    i.TIMER2_IRQHandler  nrfx_timer.o
    0x00026d58   0x00026d58   0x00000010   Code   RO         2639    i.UARTE0_UART0_IRQHandler  nrfx_prs.o
    0x00026d68   0x00026d68   0x00000070   Code   RO         5786    i._DoInit           segger_rtt.o
    0x00026dd8   0x00026dd8   0x0000001c   Code   RO         5787    i._GetAvailWriteSpace  segger_rtt.o
    0x00026df4   0x00026df4   0x00000072   Code   RO         5789    i._WriteBlocking    segger_rtt.o
    0x00026e66   0x00026e66   0x0000004c   Code   RO         5790    i._WriteNoCheck     segger_rtt.o
    0x00026eb2   0x00026eb2   0x0000000e   Code   RO         6507    i.__scatterload_copy  mc_w.l(handlers.o)
    0x00026ec0   0x00026ec0   0x00000002   Code   RO         6508    i.__scatterload_null  mc_w.l(handlers.o)
    0x00026ec2   0x00026ec2   0x0000000e   Code   RO         6509    i.__scatterload_zeroinit  mc_w.l(handlers.o)
    0x00026ed0   0x00026ed0   0x00000038   Code   RO         6118    i.__sd_nvic_app_accessible_irq  nrf_sdh.o
    0x00026f08   0x00026f08   0x0000000c   Code   RO         3851    i.__sd_nvic_irq_disable  app_util_platform.o
    0x00026f14   0x00026f14   0x00000018   Code   RO         1253    i.addr_is_valid     ble_advertising.o
    0x00026f2c   0x00026f2c   0x00000058   Code   RO         1254    i.adv_mode_next_avail_get  ble_advertising.o
    0x00026f84   0x00026f84   0x00000012   Code   RO         1255    i.adv_mode_next_get  ble_advertising.o
    0x00026f96   0x00026f96   0x00000012   Code   RO         1256    i.adv_set_data_size_max_get  ble_advertising.o
    0x00026fa8   0x00026fa8   0x00000070   Code   RO            4    i.advertising_init  main.o
    0x00027018   0x00027018   0x00000024   Code   RO            5    i.advertising_start  main.o
    0x0002703c   0x0002703c   0x0000000c   Code   RO          860    i.alert_timer_handler  bsp.o
    0x00027048   0x00027048   0x0000002c   Code   RO         3640    i.app_button_enable  app_button.o
    0x00027074   0x00027074   0x000000b0   Code   RO         3641    i.app_button_init   app_button.o
    0x00027124   0x00027124   0x000000bc   Code   RO         3808    i.app_error_fault_handler  app_error_weak.o
    0x000271e0   0x000271e0   0x0000001c   Code   RO         3748    i.app_error_handler_bare  app_error.o
    0x000271fc   0x000271fc   0x0000001e   Code   RO         3990    i.app_fifo_get      app_fifo.o
    0x0002721a   0x0002721a   0x00000024   Code   RO         3991    i.app_fifo_init     app_fifo.o
    0x0002723e   0x0002723e   0x00000022   Code   RO         3993    i.app_fifo_put      app_fifo.o
    0x00027260   0x00027260   0x00000010   Code   RO         4129    i.app_timer_cnt_get  app_timer2.o
    0x00027270   0x00027270   0x00000020   Code   RO         4130    i.app_timer_create  app_timer2.o
    0x00027290   0x00027290   0x0000006c   Code   RO         4131    i.app_timer_init    app_timer2.o
    0x000272fc   0x000272fc   0x00000036   Code   RO         4134    i.app_timer_start   app_timer2.o
    0x00027332   0x00027332   0x00000014   Code   RO         4135    i.app_timer_stop    app_timer2.o
    0x00027346   0x00027346   0x00000002   PAD
    0x00027348   0x00027348   0x00000034   Code   RO         4285    i.app_uart_close    app_uart_fifo.o
    0x0002737c   0x0002737c   0x00000054   Code   RO         4287    i.app_uart_get      app_uart_fifo.o
    0x000273d0   0x000273d0   0x000000dc   Code   RO         4288    i.app_uart_init     app_uart_fifo.o
    0x000274ac   0x000274ac   0x0000006c   Code   RO         4289    i.app_uart_put      app_uart_fifo.o
    0x00027518   0x00027518   0x0000000c   Code   RO         3852    i.app_util_critical_region_enter  app_util_platform.o
    0x00027524   0x00027524   0x00000048   Code   RO         3853    i.app_util_critical_region_exit  app_util_platform.o
    0x0002756c   0x0002756c   0x00000052   Code   RO         1031    i.appearance_encode  ble_advdata.o
    0x000275be   0x000275be   0x0000007c   Code   RO         2693    i.apply_config      nrfx_uart.o
    0x0002763a   0x0002763a   0x0000007c   Code   RO         2938    i.apply_config      nrfx_uarte.o
    0x000276b6   0x000276b6   0x00000002   PAD
    0x000276b8   0x000276b8   0x0000003c   Code   RO         5482    i.backend_id_assign  nrf_log_frontend.o
    0x000276f4   0x000276f4   0x0000006c   Code   RO         1850    i.blcm_link_ctx_get  ble_link_ctx_manager.o
    0x00027760   0x00027760   0x0000016c   Code   RO         1033    i.ble_advdata_encode  ble_advdata.o
    0x000278cc   0x000278cc   0x00000028   Code   RO         1035    i.ble_advdata_parse  ble_advdata.o
    0x000278f4   0x000278f4   0x0000004e   Code   RO         1036    i.ble_advdata_search  ble_advdata.o
    0x00027942   0x00027942   0x00000006   Code   RO         1258    i.ble_advertising_conn_cfg_tag_set  ble_advertising.o
    0x00027948   0x00027948   0x00000108   Code   RO         1259    i.ble_advertising_init  ble_advertising.o
    0x00027a50   0x00027a50   0x0000003c   Code   RO         1261    i.ble_advertising_on_ble_evt  ble_advertising.o
    0x00027a8c   0x00027a8c   0x00000174   Code   RO         1264    i.ble_advertising_start  ble_advertising.o
    0x00027c00   0x00027c00   0x0000009c   Code   RO         1159    i.ble_conn_params_init  ble_conn_params.o
    0x00027c9c   0x00027c9c   0x00000014   Code   RO         1411    i.ble_conn_state_conn_idx  ble_conn_state.o
    0x00027cb0   0x00027cb0   0x0000001c   Code   RO         1425    i.ble_conn_state_valid  ble_conn_state.o
    0x00027ccc   0x00027ccc   0x00000076   Code   RO         1039    i.ble_device_addr_encode  ble_advdata.o
    0x00027d42   0x00027d42   0x00000002   PAD
    0x00027d44   0x00027d44   0x00000174   Code   RO            6    i.ble_evt_handler   main.o
    0x00027eb8   0x00027eb8   0x00000040   Code   RO         1161    i.ble_evt_handler   ble_conn_params.o
    0x00027ef8   0x00027ef8   0x000000b8   Code   RO         1426    i.ble_evt_handler   ble_conn_state.o
    0x00027fb0   0x00027fb0   0x0000007c   Code   RO            8    i.ble_rec_sync      main.o
    0x0002802c   0x0002802c   0x00000088   Code   RO            9    i.ble_send_synctime  main.o
    0x000280b4   0x000280b4   0x00000012   Code   RO         1603    i.ble_srv_is_notification_enabled  ble_srv_common.o
    0x000280c6   0x000280c6   0x00000056   Code   RO           10    i.ble_stack_init    main.o
    0x0002811c   0x0002811c   0x00000048   Code   RO           11    i.ble_uart_send_data  main.o
    0x00028164   0x00028164   0x0000007a   Code   RO         1874    i.ble_uarts_data_send  my_ble_uarts.o
    0x000281de   0x000281de   0x00000002   PAD
    0x000281e0   0x000281e0   0x0000010c   Code   RO         1875    i.ble_uarts_init    my_ble_uarts.o
    0x000282ec   0x000282ec   0x00000044   Code   RO         1876    i.ble_uarts_on_ble_evt  my_ble_uarts.o
    0x00028330   0x00028330   0x0000002c   Code   RO          740    i.bsp_board_buttons_init  boards.o
    0x0002835c   0x0002835c   0x0000001a   Code   RO          741    i.bsp_board_init    boards.o
    0x00028376   0x00028376   0x00000002   PAD
    0x00028378   0x00028378   0x00000030   Code   RO          743    i.bsp_board_led_invert  boards.o
    0x000283a8   0x000283a8   0x00000014   Code   RO          744    i.bsp_board_led_off  boards.o
    0x000283bc   0x000283bc   0x00000014   Code   RO          745    i.bsp_board_led_on  boards.o
    0x000283d0   0x000283d0   0x00000030   Code   RO          746    i.bsp_board_led_state_get  boards.o
    0x00028400   0x00028400   0x00000030   Code   RO          747    i.bsp_board_leds_init  boards.o
    0x00028430   0x00028430   0x00000014   Code   RO          748    i.bsp_board_leds_off  boards.o
    0x00028444   0x00028444   0x00000014   Code   RO          749    i.bsp_board_leds_on  boards.o
    0x00028458   0x00028458   0x00000024   Code   RO          750    i.bsp_board_pin_to_button_idx  boards.o
    0x0002847c   0x0002847c   0x000000c4   Code   RO          861    i.bsp_button_event_handler  bsp.o
    0x00028540   0x00028540   0x0000005c   Code   RO          865    i.bsp_event_to_button_action_assign  bsp.o
    0x0002859c   0x0002859c   0x00000020   Code   RO          866    i.bsp_indication_set  bsp.o
    0x000285bc   0x000285bc   0x000000ac   Code   RO          867    i.bsp_init          bsp.o
    0x00028668   0x00028668   0x00000388   Code   RO          868    i.bsp_led_indication  bsp.o
    0x000289f0   0x000289f0   0x000000e4   Code   RO         5483    i.buf_prealloc      nrf_log_frontend.o
    0x00028ad4   0x00028ad4   0x0000002c   Code   RO         4984    i.buffer_add        nrf_fprintf_format.o
    0x00028b00   0x00028b00   0x00000018   Code   RO         5484    i.buffer_is_empty   nrf_log_frontend.o
    0x00028b18   0x00028b18   0x0000002c   Code   RO         3643    i.button_get        app_button.o
    0x00028b44   0x00028b44   0x0000000e   Code   RO          871    i.button_timer_handler  bsp.o
    0x00028b52   0x00028b52   0x00000002   PAD
    0x00028b54   0x00028b54   0x00000054   Code   RO           12    i.buttons_handle    main.o
    0x00028ba8   0x00028ba8   0x00000020   Code   RO         2319    i.channel_free      nrfx_gpiote.o
    0x00028bc8   0x00028bc8   0x00000010   Code   RO         2320    i.channel_handler_get  nrfx_gpiote.o
    0x00028bd8   0x00028bd8   0x00000080   Code   RO         2321    i.channel_port_alloc  nrfx_gpiote.o
    0x00028c58   0x00028c58   0x0000000c   Code   RO         2322    i.channel_port_get  nrfx_gpiote.o
    0x00028c64   0x00028c64   0x000001c8   Code   RO         1605    i.characteristic_add  ble_srv_common.o
    0x00028e2c   0x00028e2c   0x00000030   Code   RO         1929    i.clock_clk_started_notify  nrf_drv_clock.o
    0x00028e5c   0x00028e5c   0x00000028   Code   RO         1930    i.clock_irq_handler  nrf_drv_clock.o
    0x00028e84   0x00028e84   0x00000026   Code   RO         4137    i.compare_func      app_timer2.o
    0x00028eaa   0x00028eaa   0x00000028   Code   RO         1266    i.config_is_valid   ble_advertising.o
    0x00028ed2   0x00028ed2   0x0000003c   Code   RO         1427    i.conn_handle_list_get  ble_conn_state.o
    0x00028f0e   0x00028f0e   0x0000005a   Code   RO         1040    i.conn_int_check    ble_advdata.o
    0x00028f68   0x00028f68   0x00000068   Code   RO         1041    i.conn_int_encode   ble_advdata.o
    0x00028fd0   0x00028fd0   0x00000010   Code   RO           13    i.conn_params_error_handler  main.o
    0x00028fe0   0x00028fe0   0x0000005c   Code   RO           14    i.conn_params_init  main.o
    0x0002903c   0x0002903c   0x00000054   Code   RO         1162    i.conn_params_negotiation  ble_conn_params.o
    0x00029090   0x00029090   0x000000e8   Code   RO         1672    i.data_length_update  nrf_ble_gatt.o
    0x00029178   0x00029178   0x00000060   Code   RO         3644    i.detection_delay_timeout_handler  app_button.o
    0x000291d8   0x000291d8   0x00000018   Code   RO         5485    i.dropped_sat16_get  nrf_log_frontend.o
    0x000291f0   0x000291f0   0x00000016   Code   RO         4392    i.drv_rtc_compare_disable  drv_rtc.o
    0x00029206   0x00029206   0x0000001a   Code   RO         4394    i.drv_rtc_compare_pending  drv_rtc.o
    0x00029220   0x00029220   0x0000005c   Code   RO         4395    i.drv_rtc_compare_set  drv_rtc.o
    0x0002927c   0x0002927c   0x0000000c   Code   RO         4396    i.drv_rtc_counter_get  drv_rtc.o
    0x00029288   0x00029288   0x0000011c   Code   RO         4397    i.drv_rtc_init      drv_rtc.o
    0x000293a4   0x000293a4   0x00000020   Code   RO         4398    i.drv_rtc_irq_trigger  drv_rtc.o
    0x000293c4   0x000293c4   0x00000012   Code   RO         4400    i.drv_rtc_overflow_enable  drv_rtc.o
    0x000293d6   0x000293d6   0x00000010   Code   RO         4401    i.drv_rtc_overflow_pending  drv_rtc.o
    0x000293e6   0x000293e6   0x0000000e   Code   RO         4402    i.drv_rtc_start     drv_rtc.o
    0x000293f4   0x000293f4   0x0000000e   Code   RO         4403    i.drv_rtc_stop      drv_rtc.o
    0x00029402   0x00029402   0x00000104   Code   RO         4408    i.drv_rtc_windowed_compare_set  drv_rtc.o
    0x00029506   0x00029506   0x00000002   PAD
    0x00029508   0x00029508   0x00000054   Code   RO         6345    i.errata_108        system_nrf52.o
    0x0002955c   0x0002955c   0x00000054   Code   RO         6346    i.errata_12         system_nrf52.o
    0x000295b0   0x000295b0   0x00000054   Code   RO         6347    i.errata_136        system_nrf52.o
    0x00029604   0x00029604   0x00000030   Code   RO         6348    i.errata_16         system_nrf52.o
    0x00029634   0x00029634   0x00000020   Code   RO         6349    i.errata_182        system_nrf52.o
    0x00029654   0x00029654   0x00000054   Code   RO         6350    i.errata_31         system_nrf52.o
    0x000296a8   0x000296a8   0x00000030   Code   RO         6351    i.errata_32         system_nrf52.o
    0x000296d8   0x000296d8   0x00000054   Code   RO         6352    i.errata_36         system_nrf52.o
    0x0002972c   0x0002972c   0x00000030   Code   RO         6353    i.errata_37         system_nrf52.o
    0x0002975c   0x0002975c   0x00000030   Code   RO         6354    i.errata_57         system_nrf52.o
    0x0002978c   0x0002978c   0x00000030   Code   RO         6355    i.errata_66         system_nrf52.o
    0x000297bc   0x000297bc   0x00000018   Code   RO         4409    i.evt_disable       drv_rtc.o
    0x000297d4   0x000297d4   0x0000001c   Code   RO         4410    i.evt_enable        drv_rtc.o
    0x000297f0   0x000297f0   0x000000f0   Code   RO         3645    i.evt_handle        app_button.o
    0x000298e0   0x000298e0   0x0000001c   Code   RO         4411    i.evt_pending       drv_rtc.o
    0x000298fc   0x000298fc   0x00000018   Code   RO         3996    i.fifo_get          app_fifo.o
    0x00029914   0x00029914   0x0000000a   Code   RO         3997    i.fifo_length       app_fifo.o
    0x0002991e   0x0002991e   0x0000000a   Code   RO         4290    i.fifo_length       app_uart_fifo.o
    0x00029928   0x00029928   0x00000012   Code   RO         3998    i.fifo_peek         app_fifo.o
    0x0002993a   0x0002993a   0x00000012   Code   RO         3999    i.fifo_put          app_fifo.o
    0x0002994c   0x0002994c   0x0000001e   Code   RO         1428    i.flag_toggle       ble_conn_state.o
    0x0002996a   0x0002996a   0x00000036   Code   RO         1042    i.flags_encode      ble_advdata.o
    0x000299a0   0x000299a0   0x0000002c   Code   RO         1267    i.flags_set         ble_advertising.o
    0x000299cc   0x000299cc   0x00000088   Code   RO           16    i.gap_params_init   main.o
    0x00029a54   0x00029a54   0x0000006c   Code   RO           17    i.gatt_evt_handler  main.o
    0x00029ac0   0x00029ac0   0x00000044   Code   RO           18    i.gatt_init         main.o
    0x00029b04   0x00029b04   0x0000003c   Code   RO         4138    i.get_now           app_timer2.o
    0x00029b40   0x00029b40   0x00000048   Code   RO         3646    i.gpiote_event_handler  app_button.o
    0x00029b88   0x00029b88   0x0000000e   Code   RO           19    i.idle_state_handle  main.o
    0x00029b96   0x00029b96   0x00000002   PAD
    0x00029b98   0x00029b98   0x0000002c   Code   RO         1163    i.instance_get      ble_conn_params.o
    0x00029bc4   0x00029bc4   0x000000be   Code   RO         4985    i.int_print         nrf_fprintf_format.o
    0x00029c82   0x00029c82   0x00000002   PAD
    0x00029c84   0x00029c84   0x00000034   Code   RO         2694    i.interrupts_disable  nrfx_uart.o
    0x00029cb8   0x00029cb8   0x00000034   Code   RO         2939    i.interrupts_disable  nrfx_uarte.o
    0x00029cec   0x00029cec   0x00000088   Code   RO         2695    i.interrupts_enable  nrfx_uart.o
    0x00029d74   0x00029d74   0x000000a8   Code   RO         2940    i.interrupts_enable  nrfx_uarte.o
    0x00029e1c   0x00029e1c   0x00000046   Code   RO         5487    i.invalid_packets_omit  nrf_log_frontend.o
    0x00029e62   0x00029e62   0x0000005c   Code   RO         3305    i.irq_handler       nrfx_timer.o
    0x00029ebe   0x00029ebe   0x00000002   PAD
    0x00029ec0   0x00029ec0   0x000000b8   Code   RO         3484    i.irq_handler       nrfx_rtc.o
    0x00029f78   0x00029f78   0x00000072   Code   RO         1164    i.is_conn_params_ok  ble_conn_params.o
    0x00029fea   0x00029fea   0x0000000c   Code   RO         1933    i.item_dequeue      nrf_drv_clock.o
    0x00029ff6   0x00029ff6   0x00000020   Code   RO           20    i.leds_init         main.o
    0x0002a016   0x0002a016   0x00000002   PAD
    0x0002a018   0x0002a018   0x00000028   Code   RO          872    i.leds_off          bsp.o
    0x0002a040   0x0002a040   0x00000020   Code   RO          873    i.leds_timer_handler  bsp.o
    0x0002a060   0x0002a060   0x00000014   Code   RO         1935    i.lfclk_stop        nrf_drv_clock.o
    0x0002a074   0x0002a074   0x00000016   Code   RO         1673    i.link_init         nrf_ble_gatt.o
    0x0002a08a   0x0002a08a   0x00000026   Code   RO           22    i.log_init          main.o
    0x0002a0b0   0x0002a0b0   0x000000c8   Code   RO         5488    i.log_skip          nrf_log_frontend.o
    0x0002a178   0x0002a178   0x00000084   Code   RO           23    i.main              main.o
    0x0002a1fc   0x0002a1fc   0x00000076   Code   RO         1043    i.manuf_specific_data_encode  ble_advdata.o
    0x0002a272   0x0002a272   0x000000ca   Code   RO         5029    i.memobj_op         nrf_memobj.o
    0x0002a33c   0x0002a33c   0x00000038   Code   RO         5489    i.module_idx_get    nrf_log_frontend.o
    0x0002a374   0x0002a374   0x000000c8   Code   RO         1044    i.name_encode       ble_advdata.o
    0x0002a43c   0x0002a43c   0x00000028   Code   RO         4624    i.nrf_atfifo_init   nrf_atfifo.o
    0x0002a464   0x0002a464   0x0000001c   Code   RO         4625    i.nrf_atfifo_item_alloc  nrf_atfifo.o
    0x0002a480   0x0002a480   0x0000001c   Code   RO         4626    i.nrf_atfifo_item_free  nrf_atfifo.o
    0x0002a49c   0x0002a49c   0x0000001c   Code   RO         4627    i.nrf_atfifo_item_get  nrf_atfifo.o
    0x0002a4b8   0x0002a4b8   0x0000001c   Code   RO         4628    i.nrf_atfifo_item_put  nrf_atfifo.o
    0x0002a4d4   0x0002a4d4   0x0000001e   Code   RO         4832    i.nrf_atflags_clear  nrf_atflags.o
    0x0002a4f2   0x0002a4f2   0x0000001e   Code   RO         4837    i.nrf_atflags_get   nrf_atflags.o
    0x0002a510   0x0002a510   0x0000001e   Code   RO         4839    i.nrf_atflags_set   nrf_atflags.o
    0x0002a52e   0x0002a52e   0x0000000e   Code   RO         4695    i.nrf_atomic_flag_clear_fetch  nrf_atomic.o
    0x0002a53c   0x0002a53c   0x0000000e   Code   RO         4696    i.nrf_atomic_flag_set  nrf_atomic.o
    0x0002a54a   0x0002a54a   0x00000016   Code   RO         4698    i.nrf_atomic_u32_add  nrf_atomic.o
    0x0002a560   0x0002a560   0x00000016   Code   RO         4699    i.nrf_atomic_u32_and  nrf_atomic.o
    0x0002a576   0x0002a576   0x00000016   Code   RO         4702    i.nrf_atomic_u32_fetch_and  nrf_atomic.o
    0x0002a58c   0x0002a58c   0x00000016   Code   RO         4704    i.nrf_atomic_u32_fetch_store  nrf_atomic.o
    0x0002a5a2   0x0002a5a2   0x00000016   Code   RO         4708    i.nrf_atomic_u32_or  nrf_atomic.o
    0x0002a5b8   0x0002a5b8   0x00000016   Code   RO         4710    i.nrf_atomic_u32_sub  nrf_atomic.o
    0x0002a5ce   0x0002a5ce   0x00000052   Code   RO         4898    i.nrf_balloc_alloc  nrf_balloc.o
    0x0002a620   0x0002a620   0x00000010   Code   RO         4899    i.nrf_balloc_block2idx  nrf_balloc.o
    0x0002a630   0x0002a630   0x00000030   Code   RO         4900    i.nrf_balloc_free   nrf_balloc.o
    0x0002a660   0x0002a660   0x0000000c   Code   RO         4901    i.nrf_balloc_idx2block  nrf_balloc.o
    0x0002a66c   0x0002a66c   0x0000003c   Code   RO         4902    i.nrf_balloc_init   nrf_balloc.o
    0x0002a6a8   0x0002a6a8   0x00000016   Code   RO         2323    i.nrf_bitmask_bit_is_set  nrfx_gpiote.o
    0x0002a6be   0x0002a6be   0x00000016   Code   RO         2324    i.nrf_bitmask_bit_set  nrfx_gpiote.o
    0x0002a6d4   0x0002a6d4   0x0000001e   Code   RO         1675    i.nrf_ble_gatt_att_mtu_periph_set  nrf_ble_gatt.o
    0x0002a6f2   0x0002a6f2   0x00000034   Code   RO         1679    i.nrf_ble_gatt_init  nrf_ble_gatt.o
    0x0002a726   0x0002a726   0x00000002   PAD
    0x0002a728   0x0002a728   0x00000108   Code   RO         1680    i.nrf_ble_gatt_on_ble_evt  nrf_ble_gatt.o
    0x0002a830   0x0002a830   0x00000020   Code   RO         1794    i.nrf_ble_qwr_conn_handle_assign  nrf_ble_qwr.o
    0x0002a850   0x0002a850   0x00000032   Code   RO         1795    i.nrf_ble_qwr_init  nrf_ble_qwr.o
    0x0002a882   0x0002a882   0x0000007c   Code   RO         1796    i.nrf_ble_qwr_on_ble_evt  nrf_ble_qwr.o
    0x0002a8fe   0x0002a8fe   0x00000012   Code   RO         2151    i.nrf_clock_event_check  nrfx_clock.o
    0x0002a910   0x0002a910   0x00000012   Code   RO         2152    i.nrf_clock_event_clear  nrfx_clock.o
    0x0002a922   0x0002a922   0x00000002   PAD
    0x0002a924   0x0002a924   0x0000000c   Code   RO         2153    i.nrf_clock_int_disable  nrfx_clock.o
    0x0002a930   0x0002a930   0x00000008   Code   RO         2155    i.nrf_clock_task_trigger  nrfx_clock.o
    0x0002a938   0x0002a938   0x00000040   Code   RO         1941    i.nrf_drv_clock_init  nrf_drv_clock.o
    0x0002a978   0x0002a978   0x00000030   Code   RO         1945    i.nrf_drv_clock_lfclk_release  nrf_drv_clock.o
    0x0002a9a8   0x0002a9a8   0x0000008c   Code   RO         2098    i.nrf_drv_uart_init  nrf_drv_uart.o
    0x0002aa34   0x0002aa34   0x00000044   Code   RO         4291    i.nrf_drv_uart_rx   app_uart_fifo.o
    0x0002aa78   0x0002aa78   0x00000044   Code   RO         4292    i.nrf_drv_uart_tx   app_uart_fifo.o
    0x0002aabc   0x0002aabc   0x0000002a   Code   RO         4945    i.nrf_fprintf       nrf_fprintf.o
    0x0002aae6   0x0002aae6   0x0000001c   Code   RO         4946    i.nrf_fprintf_buffer_flush  nrf_fprintf.o
    0x0002ab02   0x0002ab02   0x000001f0   Code   RO         4986    i.nrf_fprintf_fmt   nrf_fprintf_format.o
    0x0002acf2   0x0002acf2   0x00000028   Code   RO          752    i.nrf_gpio_cfg      boards.o
    0x0002ad1a   0x0002ad1a   0x00000028   Code   RO         2325    i.nrf_gpio_cfg      nrfx_gpiote.o
    0x0002ad42   0x0002ad42   0x00000028   Code   RO         2696    i.nrf_gpio_cfg      nrfx_uart.o
    0x0002ad6a   0x0002ad6a   0x00000028   Code   RO         2941    i.nrf_gpio_cfg      nrfx_uarte.o
    0x0002ad92   0x0002ad92   0x00000018   Code   RO         2697    i.nrf_gpio_cfg_default  nrfx_uart.o
    0x0002adaa   0x0002adaa   0x00000018   Code   RO         2942    i.nrf_gpio_cfg_default  nrfx_uarte.o
    0x0002adc2   0x0002adc2   0x0000001a   Code   RO         2698    i.nrf_gpio_cfg_input  nrfx_uart.o
    0x0002addc   0x0002addc   0x0000001a   Code   RO         2943    i.nrf_gpio_cfg_input  nrfx_uarte.o
    0x0002adf6   0x0002adf6   0x00000018   Code   RO         2699    i.nrf_gpio_cfg_output  nrfx_uart.o
    0x0002ae0e   0x0002ae0e   0x00000018   Code   RO         2944    i.nrf_gpio_cfg_output  nrfx_uarte.o
    0x0002ae26   0x0002ae26   0x00000032   Code   RO         2327    i.nrf_gpio_cfg_sense_set  nrfx_gpiote.o
    0x0002ae58   0x0002ae58   0x00000018   Code   RO           24    i.nrf_gpio_pin_read  main.o
    0x0002ae70   0x0002ae70   0x00000018   Code   RO         2329    i.nrf_gpio_pin_read  nrfx_gpiote.o
    0x0002ae88   0x0002ae88   0x00000016   Code   RO         2700    i.nrf_gpio_pin_set  nrfx_uart.o
    0x0002ae9e   0x0002ae9e   0x00000016   Code   RO         2945    i.nrf_gpio_pin_set  nrfx_uarte.o
    0x0002aeb4   0x0002aeb4   0x00000022   Code   RO          526    i.nrf_gpio_pin_toggle  systime.o
    0x0002aed6   0x0002aed6   0x0000003a   Code   RO          753    i.nrf_gpio_pin_write  boards.o
    0x0002af10   0x0002af10   0x00000028   Code   RO         2331    i.nrf_gpio_ports_read  nrfx_gpiote.o
    0x0002af38   0x0002af38   0x0000000c   Code   RO         2332    i.nrf_gpiote_event_addr_get  nrfx_gpiote.o
    0x0002af44   0x0002af44   0x0000001c   Code   RO         2333    i.nrf_gpiote_event_clear  nrfx_gpiote.o
    0x0002af60   0x0002af60   0x00000016   Code   RO         2334    i.nrf_gpiote_event_is_set  nrfx_gpiote.o
    0x0002af76   0x0002af76   0x00000002   PAD
    0x0002af78   0x0002af78   0x0000000c   Code   RO         2335    i.nrf_gpiote_int_enable  nrfx_gpiote.o
    0x0002af84   0x0002af84   0x00000054   Code   RO         5490    i.nrf_log_backend_add  nrf_log_frontend.o
    0x0002afd8   0x0002afd8   0x00000002   Code   RO         5341    i.nrf_log_backend_rtt_flush  nrf_log_backend_rtt.o
    0x0002afda   0x0002afda   0x00000008   Code   RO         5342    i.nrf_log_backend_rtt_init  nrf_log_backend_rtt.o
    0x0002afe2   0x0002afe2   0x00000002   Code   RO         5343    i.nrf_log_backend_rtt_panic_set  nrf_log_backend_rtt.o
    0x0002afe4   0x0002afe4   0x00000020   Code   RO         5344    i.nrf_log_backend_rtt_put  nrf_log_backend_rtt.o
    0x0002b004   0x0002b004   0x000000f2   Code   RO         5412    i.nrf_log_backend_serial_put  nrf_log_backend_serial.o
    0x0002b0f6   0x0002b0f6   0x00000002   PAD
    0x0002b0f8   0x0002b0f8   0x00000038   Code   RO         5492    i.nrf_log_color_id_get  nrf_log_frontend.o
    0x0002b130   0x0002b130   0x00000028   Code   RO         5446    i.nrf_log_default_backends_init  nrf_log_default_backends.o
    0x0002b158   0x0002b158   0x00000318   Code   RO         5493    i.nrf_log_frontend_dequeue  nrf_log_frontend.o
    0x0002b470   0x0002b470   0x00000014   Code   RO         5495    i.nrf_log_frontend_std_0  nrf_log_frontend.o
    0x0002b484   0x0002b484   0x00000018   Code   RO         5496    i.nrf_log_frontend_std_1  nrf_log_frontend.o
    0x0002b49c   0x0002b49c   0x00000020   Code   RO         5497    i.nrf_log_frontend_std_2  nrf_log_frontend.o
    0x0002b4bc   0x0002b4bc   0x000000bc   Code   RO         5686    i.nrf_log_hexdump_entry_process  nrf_log_str_formatter.o
    0x0002b578   0x0002b578   0x00000058   Code   RO         5502    i.nrf_log_init      nrf_log_frontend.o
    0x0002b5d0   0x0002b5d0   0x00000014   Code   RO         5503    i.nrf_log_module_cnt_get  nrf_log_frontend.o
    0x0002b5e4   0x0002b5e4   0x00000024   Code   RO         5507    i.nrf_log_module_name_get  nrf_log_frontend.o
    0x0002b608   0x0002b608   0x00000038   Code   RO         5508    i.nrf_log_panic     nrf_log_frontend.o
    0x0002b640   0x0002b640   0x000000c8   Code   RO         5687    i.nrf_log_std_entry_process  nrf_log_str_formatter.o
    0x0002b708   0x0002b708   0x0000007a   Code   RO         5030    i.nrf_memobj_alloc  nrf_memobj.o
    0x0002b782   0x0002b782   0x00000040   Code   RO         5031    i.nrf_memobj_free   nrf_memobj.o
    0x0002b7c2   0x0002b7c2   0x00000010   Code   RO         5032    i.nrf_memobj_get    nrf_memobj.o
    0x0002b7d2   0x0002b7d2   0x0000000c   Code   RO         5033    i.nrf_memobj_pool_init  nrf_memobj.o
    0x0002b7de   0x0002b7de   0x0000001e   Code   RO         5034    i.nrf_memobj_put    nrf_memobj.o
    0x0002b7fc   0x0002b7fc   0x00000022   Code   RO         5035    i.nrf_memobj_read   nrf_memobj.o
    0x0002b81e   0x0002b81e   0x00000022   Code   RO         5036    i.nrf_memobj_write  nrf_memobj.o
    0x0002b840   0x0002b840   0x00000040   Code   RO         5109    i.nrf_pwr_mgmt_init  nrf_pwr_mgmt.o
    0x0002b880   0x0002b880   0x00000068   Code   RO         5110    i.nrf_pwr_mgmt_run  nrf_pwr_mgmt.o
    0x0002b8e8   0x0002b8e8   0x00000010   Code   RO           25    i.nrf_qwr_error_handler  main.o
    0x0002b8f8   0x0002b8f8   0x0000001c   Code   RO         5192    i.nrf_ringbuf_init  nrf_ringbuf.o
    0x0002b914   0x0002b914   0x0000000a   Code   RO         4412    i.nrf_rtc_cc_set    drv_rtc.o
    0x0002b91e   0x0002b91e   0x00000008   Code   RO         4413    i.nrf_rtc_counter_get  drv_rtc.o
    0x0002b926   0x0002b926   0x0000000e   Code   RO         3486    i.nrf_rtc_event_clear  nrfx_rtc.o
    0x0002b934   0x0002b934   0x0000000e   Code   RO         4414    i.nrf_rtc_event_clear  drv_rtc.o
    0x0002b942   0x0002b942   0x00000006   Code   RO         3487    i.nrf_rtc_event_disable  nrfx_rtc.o
    0x0002b948   0x0002b948   0x00000006   Code   RO         4415    i.nrf_rtc_event_disable  drv_rtc.o
    0x0002b94e   0x0002b94e   0x00000006   Code   RO         3488    i.nrf_rtc_event_enable  nrfx_rtc.o
    0x0002b954   0x0002b954   0x00000006   Code   RO         4416    i.nrf_rtc_event_enable  drv_rtc.o
    0x0002b95a   0x0002b95a   0x00000006   Code   RO         3489    i.nrf_rtc_event_pending  nrfx_rtc.o
    0x0002b960   0x0002b960   0x00000006   Code   RO         3490    i.nrf_rtc_int_disable  nrfx_rtc.o
    0x0002b966   0x0002b966   0x00000006   Code   RO         4417    i.nrf_rtc_int_disable  drv_rtc.o
    0x0002b96c   0x0002b96c   0x00000006   Code   RO         3491    i.nrf_rtc_int_enable  nrfx_rtc.o
    0x0002b972   0x0002b972   0x00000006   Code   RO         4418    i.nrf_rtc_int_enable  drv_rtc.o
    0x0002b978   0x0002b978   0x0000000a   Code   RO         3492    i.nrf_rtc_int_is_enabled  nrfx_rtc.o
    0x0002b982   0x0002b982   0x00000006   Code   RO         3493    i.nrf_rtc_task_trigger  nrfx_rtc.o
    0x0002b988   0x0002b988   0x00000006   Code   RO         4419    i.nrf_rtc_task_trigger  drv_rtc.o
    0x0002b98e   0x0002b98e   0x00000002   PAD
    0x0002b990   0x0002b990   0x00000018   Code   RO         6243    i.nrf_sdh_ble_app_ram_start_get  nrf_sdh_ble.o
    0x0002b9a8   0x0002b9a8   0x000001a0   Code   RO         6244    i.nrf_sdh_ble_default_cfg_set  nrf_sdh_ble.o
    0x0002bb48   0x0002bb48   0x0000014c   Code   RO         6245    i.nrf_sdh_ble_enable  nrf_sdh_ble.o
    0x0002bc94   0x0002bc94   0x00000074   Code   RO         6246    i.nrf_sdh_ble_evts_poll  nrf_sdh_ble.o
    0x0002bd08   0x0002bd08   0x00000084   Code   RO         6120    i.nrf_sdh_enable_request  nrf_sdh.o
    0x0002bd8c   0x0002bd8c   0x00000030   Code   RO         6121    i.nrf_sdh_evts_poll  nrf_sdh.o
    0x0002bdbc   0x0002bdbc   0x0000000c   Code   RO         6122    i.nrf_sdh_is_enabled  nrf_sdh.o
    0x0002bdc8   0x0002bdc8   0x00000054   Code   RO         6302    i.nrf_sdh_soc_evts_poll  nrf_sdh_soc.o
    0x0002be1c   0x0002be1c   0x00000006   Code   RO         6127    i.nrf_section_iter_get  nrf_sdh.o
    0x0002be22   0x0002be22   0x00000014   Code   RO         5250    i.nrf_section_iter_init  nrf_section_iter.o
    0x0002be36   0x0002be36   0x0000002e   Code   RO         5251    i.nrf_section_iter_item_set  nrf_section_iter.o
    0x0002be64   0x0002be64   0x0000002e   Code   RO         5252    i.nrf_section_iter_next  nrf_section_iter.o
    0x0002be92   0x0002be92   0x00000028   Code   RO         5285    i.nrf_sortlist_add  nrf_sortlist.o
    0x0002beba   0x0002beba   0x00000008   Code   RO         5287    i.nrf_sortlist_peek  nrf_sortlist.o
    0x0002bec2   0x0002bec2   0x00000018   Code   RO         5288    i.nrf_sortlist_pop  nrf_sortlist.o
    0x0002beda   0x0002beda   0x00000026   Code   RO         5289    i.nrf_sortlist_remove  nrf_sortlist.o
    0x0002bf00   0x0002bf00   0x00000040   Code   RO         3956    i.nrf_strerror_find  nrf_strerror.o
    0x0002bf40   0x0002bf40   0x0000001c   Code   RO         3957    i.nrf_strerror_get  nrf_strerror.o
    0x0002bf5c   0x0002bf5c   0x0000000e   Code   RO         3306    i.nrf_timer_compare_event_get  nrfx_timer.o
    0x0002bf6a   0x0002bf6a   0x0000000a   Code   RO         3307    i.nrf_timer_compare_int_get  nrfx_timer.o
    0x0002bf74   0x0002bf74   0x0000000e   Code   RO         3308    i.nrf_timer_event_clear  nrfx_timer.o
    0x0002bf82   0x0002bf82   0x0000000c   Code   RO         2701    i.nrf_uart_errorsrc_get_and_clear  nrfx_uart.o
    0x0002bf8e   0x0002bf8e   0x0000000e   Code   RO         2702    i.nrf_uart_event_check  nrfx_uart.o
    0x0002bf9c   0x0002bf9c   0x0000000e   Code   RO         2703    i.nrf_uart_event_clear  nrfx_uart.o
    0x0002bfaa   0x0002bfaa   0x0000000a   Code   RO         2704    i.nrf_uart_hwfc_pins_set  nrfx_uart.o
    0x0002bfb4   0x0002bfb4   0x00000006   Code   RO         2705    i.nrf_uart_int_disable  nrfx_uart.o
    0x0002bfba   0x0002bfba   0x00000006   Code   RO         2706    i.nrf_uart_int_enable  nrfx_uart.o
    0x0002bfc0   0x0002bfc0   0x00000012   Code   RO         2707    i.nrf_uart_int_enable_check  nrfx_uart.o
    0x0002bfd2   0x0002bfd2   0x00000006   Code   RO         2708    i.nrf_uart_task_trigger  nrfx_uart.o
    0x0002bfd8   0x0002bfd8   0x0000000a   Code   RO         2709    i.nrf_uart_txrx_pins_set  nrfx_uart.o
    0x0002bfe2   0x0002bfe2   0x0000000c   Code   RO         2946    i.nrf_uarte_errorsrc_get_and_clear  nrfx_uarte.o
    0x0002bfee   0x0002bfee   0x0000000e   Code   RO         2947    i.nrf_uarte_event_check  nrfx_uarte.o
    0x0002bffc   0x0002bffc   0x0000000e   Code   RO         2948    i.nrf_uarte_event_clear  nrfx_uarte.o
    0x0002c00a   0x0002c00a   0x0000000c   Code   RO         2949    i.nrf_uarte_hwfc_pins_set  nrfx_uarte.o
    0x0002c016   0x0002c016   0x00000006   Code   RO         2950    i.nrf_uarte_int_disable  nrfx_uarte.o
    0x0002c01c   0x0002c01c   0x00000006   Code   RO         2951    i.nrf_uarte_int_enable  nrfx_uarte.o
    0x0002c022   0x0002c022   0x0000000a   Code   RO         2952    i.nrf_uarte_rx_amount_get  nrfx_uarte.o
    0x0002c02c   0x0002c02c   0x0000000c   Code   RO         2953    i.nrf_uarte_shorts_disable  nrfx_uarte.o
    0x0002c038   0x0002c038   0x00000006   Code   RO         2954    i.nrf_uarte_task_trigger  nrfx_uarte.o
    0x0002c03e   0x0002c03e   0x0000000a   Code   RO         2955    i.nrf_uarte_tx_amount_get  nrfx_uarte.o
    0x0002c048   0x0002c048   0x0000000e   Code   RO         2956    i.nrf_uarte_txrx_pins_set  nrfx_uarte.o
    0x0002c056   0x0002c056   0x00000002   PAD
    0x0002c058   0x0002c058   0x00000014   Code   RO         2161    i.nrfx_clock_enable  nrfx_clock.o
    0x0002c06c   0x0002c06c   0x00000024   Code   RO         2164    i.nrfx_clock_init   nrfx_clock.o
    0x0002c090   0x0002c090   0x00000020   Code   RO         2167    i.nrfx_clock_lfclk_stop  nrfx_clock.o
    0x0002c0b0   0x0002c0b0   0x00000018   Code   RO         4420    i.nrfx_coredep_delay_us  drv_rtc.o
    0x0002c0c8   0x0002c0c8   0x00000008   Code   RO         2169    i.nrfx_get_irq_number  nrfx_clock.o
    0x0002c0d0   0x0002c0d0   0x00000008   Code   RO         2710    i.nrfx_get_irq_number  nrfx_uart.o
    0x0002c0d8   0x0002c0d8   0x00000008   Code   RO         2957    i.nrfx_get_irq_number  nrfx_uarte.o
    0x0002c0e0   0x0002c0e0   0x000000ac   Code   RO         2342    i.nrfx_gpiote_in_event_enable  nrfx_gpiote.o
    0x0002c18c   0x0002c18c   0x000000f4   Code   RO         2343    i.nrfx_gpiote_in_init  nrfx_gpiote.o
    0x0002c280   0x0002c280   0x00000014   Code   RO         2344    i.nrfx_gpiote_in_is_set  nrfx_gpiote.o
    0x0002c294   0x0002c294   0x000000ac   Code   RO         2346    i.nrfx_gpiote_init  nrfx_gpiote.o
    0x0002c340   0x0002c340   0x00000014   Code   RO         2347    i.nrfx_gpiote_is_init  nrfx_gpiote.o
    0x0002c354   0x0002c354   0x00000014   Code   RO         2958    i.nrfx_is_in_ram    nrfx_uarte.o
    0x0002c368   0x0002c368   0x000000a4   Code   RO         2170    i.nrfx_power_clock_irq_init  nrfx_clock.o
    0x0002c40c   0x0002c40c   0x0000004e   Code   RO         2640    i.nrfx_prs_acquire  nrfx_prs.o
    0x0002c45a   0x0002c45a   0x00000016   Code   RO         2641    i.nrfx_prs_release  nrfx_prs.o
    0x0002c470   0x0002c470   0x00000020   Code   RO         3497    i.nrfx_rtc_enable   nrfx_rtc.o
    0x0002c490   0x0002c490   0x000000c4   Code   RO         3498    i.nrfx_rtc_init     nrfx_rtc.o
    0x0002c554   0x0002c554   0x0000002c   Code   RO         3503    i.nrfx_rtc_tick_enable  nrfx_rtc.o
    0x0002c580   0x0002c580   0x00000014   Code   RO         2711    i.nrfx_uart_0_irq_handler  nrfx_uart.o
    0x0002c594   0x0002c594   0x00000088   Code   RO         2713    i.nrfx_uart_init    nrfx_uart.o
    0x0002c61c   0x0002c61c   0x00000124   Code   RO         2714    i.nrfx_uart_rx      nrfx_uart.o
    0x0002c740   0x0002c740   0x0000008c   Code   RO         2719    i.nrfx_uart_tx      nrfx_uart.o
    0x0002c7cc   0x0002c7cc   0x00000024   Code   RO         2721    i.nrfx_uart_tx_in_progress  nrfx_uart.o
    0x0002c7f0   0x0002c7f0   0x00000044   Code   RO         2722    i.nrfx_uart_uninit  nrfx_uart.o
    0x0002c834   0x0002c834   0x00000014   Code   RO         2959    i.nrfx_uarte_0_irq_handler  nrfx_uarte.o
    0x0002c848   0x0002c848   0x00000080   Code   RO         2961    i.nrfx_uarte_init   nrfx_uarte.o
    0x0002c8c8   0x0002c8c8   0x00000138   Code   RO         2962    i.nrfx_uarte_rx     nrfx_uarte.o
    0x0002ca00   0x0002ca00   0x000000c0   Code   RO         2965    i.nrfx_uarte_tx     nrfx_uarte.o
    0x0002cac0   0x0002cac0   0x00000020   Code   RO         2967    i.nrfx_uarte_tx_in_progress  nrfx_uarte.o
    0x0002cae0   0x0002cae0   0x00000070   Code   RO         2968    i.nrfx_uarte_uninit  nrfx_uarte.o
    0x0002cb50   0x0002cb50   0x00000078   Code   RO           26    i.on_adv_evt        main.o
    0x0002cbc8   0x0002cbc8   0x00000014   Code   RO         4139    i.on_compare1_evt   app_timer2.o
    0x0002cbdc   0x0002cbdc   0x00000020   Code   RO         4140    i.on_compare_evt    app_timer2.o
    0x0002cbfc   0x0002cbfc   0x0000002c   Code   RO           27    i.on_conn_params_evt  main.o
    0x0002cc28   0x0002cc28   0x00000030   Code   RO         1165    i.on_conn_params_update  ble_conn_params.o
    0x0002cc58   0x0002cc58   0x00000070   Code   RO         1166    i.on_connect        ble_conn_params.o
    0x0002ccc8   0x0002ccc8   0x000000d4   Code   RO         1877    i.on_connect        my_ble_uarts.o
    0x0002cd9c   0x0002cd9c   0x0000000e   Code   RO         1268    i.on_connected      ble_advertising.o
    0x0002cdaa   0x0002cdaa   0x00000002   PAD
    0x0002cdac   0x0002cdac   0x000000c4   Code   RO         1681    i.on_connected_evt  nrf_ble_gatt.o
    0x0002ce70   0x0002ce70   0x00000054   Code   RO         1682    i.on_data_length_update_evt  nrf_ble_gatt.o
    0x0002cec4   0x0002cec4   0x00000030   Code   RO         1683    i.on_data_length_update_request_evt  nrf_ble_gatt.o
    0x0002cef4   0x0002cef4   0x00000032   Code   RO         1167    i.on_disconnect     ble_conn_params.o
    0x0002cf26   0x0002cf26   0x00000032   Code   RO         1269    i.on_disconnected   ble_advertising.o
    0x0002cf58   0x0002cf58   0x00000014   Code   RO         1684    i.on_disconnected_evt  nrf_ble_gatt.o
    0x0002cf6c   0x0002cf6c   0x000000c8   Code   RO         1685    i.on_exchange_mtu_request_evt  nrf_ble_gatt.o
    0x0002d034   0x0002d034   0x00000064   Code   RO         1686    i.on_exchange_mtu_rsp_evt  nrf_ble_gatt.o
    0x0002d098   0x0002d098   0x000000a0   Code   RO         1878    i.on_hvx_tx_complete  my_ble_uarts.o
    0x0002d138   0x0002d138   0x0000001c   Code   RO         4141    i.on_overflow_evt   app_timer2.o
    0x0002d154   0x0002d154   0x0000006a   Code   RO         1797    i.on_rw_authorize_request  nrf_ble_qwr.o
    0x0002d1be   0x0002d1be   0x00000040   Code   RO         1270    i.on_terminated     ble_advertising.o
    0x0002d1fe   0x0002d1fe   0x00000002   Code   RO         1798    i.on_user_mem_release  nrf_ble_qwr.o
    0x0002d200   0x0002d200   0x00000020   Code   RO         1799    i.on_user_mem_request  nrf_ble_qwr.o
    0x0002d220   0x0002d220   0x00000058   Code   RO         1168    i.on_write          ble_conn_params.o
    0x0002d278   0x0002d278   0x000000f4   Code   RO         1879    i.on_write          my_ble_uarts.o
    0x0002d36c   0x0002d36c   0x00000016   Code   RO         1271    i.phy_is_valid      ble_advertising.o
    0x0002d382   0x0002d382   0x00000002   PAD
    0x0002d384   0x0002d384   0x00000014   Code   RO         2363    i.pin_configured_set  nrfx_gpiote.o
    0x0002d398   0x0002d398   0x0000001c   Code   RO         2364    i.pin_in_use_by_gpiote  nrfx_gpiote.o
    0x0002d3b4   0x0002d3b4   0x00000018   Code   RO         2365    i.pin_in_use_by_port  nrfx_gpiote.o
    0x0002d3cc   0x0002d3cc   0x00000020   Code   RO         2366    i.pin_in_use_by_te  nrfx_gpiote.o
    0x0002d3ec   0x0002d3ec   0x0000000c   Code   RO         2367    i.pin_in_use_clear  nrfx_gpiote.o
    0x0002d3f8   0x0002d3f8   0x00000078   Code   RO         2723    i.pins_to_default   nrfx_uart.o
    0x0002d470   0x0002d470   0x0000007e   Code   RO         2969    i.pins_to_default   nrfx_uarte.o
    0x0002d4ee   0x0002d4ee   0x00000002   PAD
    0x0002d4f0   0x0002d4f0   0x00000048   Code   RO         5689    i.postfix_process   nrf_log_str_formatter.o
    0x0002d538   0x0002d538   0x0000001c   Code   RO           28    i.power_management_init  main.o
    0x0002d554   0x0002d554   0x000000a4   Code   RO         5690    i.prefix_process    nrf_log_str_formatter.o
    0x0002d5f8   0x0002d5f8   0x00000018   Code   RO         2642    i.prs_box_get       nrfx_prs.o
    0x0002d610   0x0002d610   0x00000010   Code   RO         6247    i.ram_end_address_get  nrf_sdh_ble.o
    0x0002d620   0x0002d620   0x00000028   Code   RO         1430    i.record_activate   ble_conn_state.o
    0x0002d648   0x0002d648   0x00000020   Code   RO         1431    i.record_invalidate  ble_conn_state.o
    0x0002d668   0x0002d668   0x00000048   Code   RO         1432    i.record_purge_disconnected  ble_conn_state.o
    0x0002d6b0   0x0002d6b0   0x00000014   Code   RO         1433    i.record_set_disconnected  ble_conn_state.o
    0x0002d6c4   0x0002d6c4   0x0000004c   Code   RO          527    i.rtc_config        systime.o
    0x0002d710   0x0002d710   0x00000070   Code   RO          528    i.rtc_handler       systime.o
    0x0002d780   0x0002d780   0x0000003e   Code   RO         4142    i.rtc_irq           app_timer2.o
    0x0002d7be   0x0002d7be   0x00000002   PAD
    0x0002d7c0   0x0002d7c0   0x0000007c   Code   RO         4143    i.rtc_schedule      app_timer2.o
    0x0002d83c   0x0002d83c   0x000000a4   Code   RO         4144    i.rtc_update        app_timer2.o
    0x0002d8e0   0x0002d8e0   0x0000003e   Code   RO         2724    i.rx_byte           nrfx_uart.o
    0x0002d91e   0x0002d91e   0x0000001c   Code   RO         2725    i.rx_done_event     nrfx_uart.o
    0x0002d93a   0x0002d93a   0x0000001c   Code   RO         2970    i.rx_done_event     nrfx_uarte.o
    0x0002d956   0x0002d956   0x00000022   Code   RO         2726    i.rx_enable         nrfx_uart.o
    0x0002d978   0x0002d978   0x00000098   Code   RO         6128    i.sd_nvic_EnableIRQ  nrf_sdh.o
    0x0002da10   0x0002da10   0x00000068   Code   RO         3858    i.sd_nvic_critical_region_enter  app_util_platform.o
    0x0002da78   0x0002da78   0x00000068   Code   RO         1948    i.sd_state_evt_handler  nrf_drv_clock.o
    0x0002dae0   0x0002dae0   0x0000003c   Code   RO         6129    i.sdh_request_observer_notify  nrf_sdh.o
    0x0002db1c   0x0002db1c   0x00000034   Code   RO         6130    i.sdh_state_observer_notify  nrf_sdh.o
    0x0002db50   0x0002db50   0x00000018   Code   RO         1169    i.send_error_evt    ble_conn_params.o
    0x0002db68   0x0002db68   0x00000024   Code   RO         1170    i.send_update_request  ble_conn_params.o
    0x0002db8c   0x0002db8c   0x00000084   Code   RO         5345    i.serial_tx         nrf_log_backend_rtt.o
    0x0002dc10   0x0002dc10   0x00000096   Code   RO         1045    i.service_data_encode  ble_advdata.o
    0x0002dca6   0x0002dca6   0x00000002   PAD
    0x0002dca8   0x0002dca8   0x0000005c   Code   RO           29    i.services_init     main.o
    0x0002dd04   0x0002dd04   0x00000030   Code   RO         1272    i.set_adv_mode_directed  ble_advertising.o
    0x0002dd34   0x0002dd34   0x00000024   Code   RO         1273    i.set_adv_mode_directed_high_duty  ble_advertising.o
    0x0002dd58   0x0002dd58   0x0000005c   Code   RO         1274    i.set_adv_mode_fast  ble_advertising.o
    0x0002ddb4   0x0002ddb4   0x0000005c   Code   RO         1275    i.set_adv_mode_slow  ble_advertising.o
    0x0002de10   0x0002de10   0x000000be   Code   RO         1607    i.set_security_req  ble_srv_common.o
    0x0002dece   0x0002dece   0x00000002   PAD
    0x0002ded0   0x0002ded0   0x0000001c   Code   RO         1949    i.soc_evt_handler   nrf_drv_clock.o
    0x0002deec   0x0002deec   0x0000001e   Code   RO         6132    i.softdevices_evt_irq_enable  nrf_sdh.o
    0x0002df0a   0x0002df0a   0x00000014   Code   RO         4145    i.sorted_list_stop_all  app_timer2.o
    0x0002df1e   0x0002df1e   0x00000002   PAD
    0x0002df20   0x0002df20   0x00000018   Code   RO         4146    i.sortlist_pop      app_timer2.o
    0x0002df38   0x0002df38   0x00000020   Code   RO         3647    i.state_get         app_button.o
    0x0002df58   0x0002df58   0x00000048   Code   RO         3648    i.state_set         app_button.o
    0x0002dfa0   0x0002dfa0   0x00000064   Code   RO         5510    i.std_header_set    nrf_log_frontend.o
    0x0002e004   0x0002e004   0x00000070   Code   RO         5511    i.std_n             nrf_log_frontend.o
    0x0002e074   0x0002e074   0x00000074   Code   RO         4987    i.string_print      nrf_fprintf_format.o
    0x0002e0e8   0x0002e0e8   0x0000000c   Code   RO          529    i.sysRtc_init       systime.o
    0x0002e0f4   0x0002e0f4   0x00000030   Code   RO          531    i.systimedata_Init  systime.o
    0x0002e124   0x0002e124   0x0000000a   Code   RO         4421    i.ticks_sub         drv_rtc.o
    0x0002e12e   0x0002e12e   0x00000002   PAD
    0x0002e130   0x0002e130   0x0000006c   Code   RO         4147    i.timer_expire      app_timer2.o
    0x0002e19c   0x0002e19c   0x00000094   Code   RO         4148    i.timer_req_process  app_timer2.o
    0x0002e230   0x0002e230   0x00000040   Code   RO         4149    i.timer_req_schedule  app_timer2.o
    0x0002e270   0x0002e270   0x00000020   Code   RO         3649    i.timer_start       app_button.o
    0x0002e290   0x0002e290   0x0000001c   Code   RO           30    i.timers_init       main.o
    0x0002e2ac   0x0002e2ac   0x00000002   Code   RO         5691    i.timestamp_print   nrf_log_str_formatter.o
    0x0002e2ae   0x0002e2ae   0x00000036   Code   RO         2727    i.tx_blocking       nrfx_uart.o
    0x0002e2e4   0x0002e2e4   0x00000026   Code   RO         2728    i.tx_byte           nrfx_uart.o
    0x0002e30a   0x0002e30a   0x00000020   Code   RO         2729    i.tx_done_event     nrfx_uart.o
    0x0002e32a   0x0002e32a   0x00000020   Code   RO         2971    i.tx_done_event     nrfx_uarte.o
    0x0002e34a   0x0002e34a   0x00000036   Code   RO         1046    i.tx_power_level_encode  ble_advdata.o
    0x0002e380   0x0002e380   0x0000005c   Code   RO           31    i.uart_config       main.o
    0x0002e3dc   0x0002e3dc   0x000000b8   Code   RO           32    i.uart_event_handle  main.o
    0x0002e494   0x0002e494   0x000000e4   Code   RO         4293    i.uart_event_handler  app_uart_fifo.o
    0x0002e578   0x0002e578   0x00000038   Code   RO         2099    i.uart_evt_handler  nrf_drv_uart.o
    0x0002e5b0   0x0002e5b0   0x0000014e   Code   RO         2730    i.uart_irq_handler  nrfx_uart.o
    0x0002e6fe   0x0002e6fe   0x00000002   PAD
    0x0002e700   0x0002e700   0x00000024   Code   RO           33    i.uart_reconfig     main.o
    0x0002e724   0x0002e724   0x00000038   Code   RO         2100    i.uarte_evt_handler  nrf_drv_uart.o
    0x0002e75c   0x0002e75c   0x00000134   Code   RO         2972    i.uarte_irq_handler  nrfx_uarte.o
    0x0002e890   0x0002e890   0x000001ac   Code   RO           35    i.uarts_data_handler  main.o
    0x0002ea3c   0x0002ea3c   0x0000000c   Code   RO         1608    i.uint16_decode     ble_srv_common.o
    0x0002ea48   0x0002ea48   0x0000000c   Code   RO         1047    i.uint16_encode     ble_advdata.o
    0x0002ea54   0x0002ea54   0x000000b8   Code   RO         4988    i.unsigned_print    nrf_fprintf_format.o
    0x0002eb0c   0x0002eb0c   0x00000074   Code   RO         1171    i.update_timeout_handler  ble_conn_params.o
    0x0002eb80   0x0002eb80   0x0000001e   Code   RO         1276    i.use_whitelist     ble_advertising.o
    0x0002eb9e   0x0002eb9e   0x0000002c   Code   RO         1800    i.user_mem_reply    nrf_ble_qwr.o
    0x0002ebca   0x0002ebca   0x0000001e   Code   RO         3650    i.usr_event         app_button.o
    0x0002ebe8   0x0002ebe8   0x0000004e   Code   RO         1048    i.uuid_list_encode  ble_advdata.o
    0x0002ec36   0x0002ec36   0x000000d6   Code   RO         1049    i.uuid_list_sized_encode  ble_advdata.o
    0x0002ed0c   0x0002ed0c   0x00000008   Code   RO         1277    i.whitelist_has_entries  ble_advertising.o
    0x0002ed14   0x0002ed14   0x00000030   Data   RO           37    .constdata          main.o
    0x0002ed44   0x0002ed44   0x0000003a   Data   RO          534    .constdata          systime.o
    0x0002ed7e   0x0002ed7e   0x00000008   Data   RO          754    .constdata          boards.o
    0x0002ed86   0x0002ed86   0x00000002   PAD
    0x0002ed88   0x0002ed88   0x0000002c   Data   RO          876    .constdata          bsp.o
    0x0002edb4   0x0002edb4   0x00000016   Data   RO         1687    .constdata          nrf_ble_gatt.o
    0x0002edca   0x0002edca   0x00000002   PAD
    0x0002edcc   0x0002edcc   0x00000010   Data   RO         1880    .constdata          my_ble_uarts.o
    0x0002eddc   0x0002eddc   0x0000003e   Data   RO         2369    .constdata          nrfx_gpiote.o
    0x0002ee1a   0x0002ee1a   0x00000002   PAD
    0x0002ee1c   0x0002ee1c   0x0000002e   Data   RO         2732    .constdata          nrfx_uart.o
    0x0002ee4a   0x0002ee4a   0x00000002   PAD
    0x0002ee4c   0x0002ee4c   0x00000030   Data   RO         2974    .constdata          nrfx_uarte.o
    0x0002ee7c   0x0002ee7c   0x00000007   Data   RO         3652    .constdata          app_button.o
    0x0002ee83   0x0002ee83   0x00000001   PAD
    0x0002ee84   0x0002ee84   0x0000013c   Data   RO         3958    .constdata          nrf_strerror.o
    0x0002efc0   0x0002efc0   0x00000014   Data   RO         4151    .constdata          app_timer2.o
    0x0002efd4   0x0002efd4   0x00000020   Data   RO         4295    .constdata          app_uart_fifo.o
    0x0002eff4   0x0002eff4   0x0000000c   PAD
    0x0002f000   0x0002f000   0x00000006   Data   RO         4422    .constdata          drv_rtc.o
    0x0002f006   0x0002f006   0x00000010   Data   RO         4989    .constdata          nrf_fprintf_format.o
    0x0002f016   0x0002f016   0x00000002   PAD
    0x0002f018   0x0002f018   0x00000024   Data   RO         5114    .constdata          nrf_pwr_mgmt.o
    0x0002f03c   0x0002f03c   0x00000004   PAD
    0x0002f040   0x0002f040   0x00000016   Data   RO         5347    .constdata          nrf_log_backend_rtt.o
    0x0002f056   0x0002f056   0x00000002   PAD
    0x0002f058   0x0002f058   0x0000000c   Data   RO         5513    .constdata          nrf_log_frontend.o
    0x0002f064   0x0002f064   0x00000058   Data   RO         6133    .constdata          nrf_sdh.o
    0x0002f0bc   0x0002f0bc   0x00000030   Data   RO         6248    .constdata          nrf_sdh_ble.o
    0x0002f0ec   0x0002f0ec   0x0000001c   Data   RO         6303    .constdata          nrf_sdh_soc.o
    0x0002f108   0x0002f108   0x00000081   Data   RO         6446    .constdata          mc_w.l(ctype_o.o)
    0x0002f189   0x0002f189   0x00000003   PAD
    0x0002f18c   0x0002f18c   0x00000004   Data   RO         6447    .constdata          mc_w.l(ctype_o.o)
    0x0002f190   0x0002f190   0x000000a2   Data   RO         1688    .conststring        nrf_ble_gatt.o
    0x0002f232   0x0002f232   0x00000002   PAD
    0x0002f234   0x0002f234   0x000003eb   Data   RO         3959    .conststring        nrf_strerror.o
    0x0002f61f   0x0002f61f   0x00000001   PAD
    0x0002f620   0x0002f620   0x00000066   Data   RO         5692    .conststring        nrf_log_str_formatter.o
    0x0002f686   0x0002f686   0x00000002   PAD
    0x0002f688   0x0002f688   0x000001cf   Data   RO         6249    .conststring        nrf_sdh_ble.o
    0x0002f857   0x0002f857   0x00000001   PAD
    0x0002f858   0x0002f858   0x0000000d   Data   RO         1689    .conststrlit        nrf_ble_gatt.o
    0x0002f865   0x0002f865   0x00000003   PAD
    0x0002f868   0x0002f868   0x00000006   Data   RO         1952    .conststrlit        nrf_drv_clock.o
    0x0002f86e   0x0002f86e   0x00000002   PAD
    0x0002f870   0x0002f870   0x00000006   Data   RO         2172    .conststrlit        nrfx_clock.o
    0x0002f876   0x0002f876   0x00000002   PAD
    0x0002f878   0x0002f878   0x00000007   Data   RO         2370    .conststrlit        nrfx_gpiote.o
    0x0002f87f   0x0002f87f   0x00000001   PAD
    0x0002f880   0x0002f880   0x00000004   Data   RO         2644    .conststrlit        nrfx_prs.o
    0x0002f884   0x0002f884   0x00000005   Data   RO         2733    .conststrlit        nrfx_uart.o
    0x0002f889   0x0002f889   0x00000003   PAD
    0x0002f88c   0x0002f88c   0x00000006   Data   RO         2975    .conststrlit        nrfx_uarte.o
    0x0002f892   0x0002f892   0x00000002   PAD
    0x0002f894   0x0002f894   0x00000006   Data   RO         3330    .conststrlit        nrfx_timer.o
    0x0002f89a   0x0002f89a   0x00000002   PAD
    0x0002f89c   0x0002f89c   0x00000004   Data   RO         3506    .conststrlit        nrfx_rtc.o
    0x0002f8a0   0x0002f8a0   0x0000000b   Data   RO         3653    .conststrlit        app_button.o
    0x0002f8ab   0x0002f8ab   0x00000001   PAD
    0x0002f8ac   0x0002f8ac   0x0000000a   Data   RO         4152    .conststrlit        app_timer2.o
    0x0002f8b6   0x0002f8b6   0x00000002   PAD
    0x0002f8b8   0x0002f8b8   0x00000009   Data   RO         5115    .conststrlit        nrf_pwr_mgmt.o
    0x0002f8c1   0x0002f8c1   0x00000003   PAD
    0x0002f8c4   0x0002f8c4   0x00000009   Data   RO         5290    .conststrlit        nrf_sortlist.o
    0x0002f8cd   0x0002f8cd   0x00000003   PAD
    0x0002f8d0   0x0002f8d0   0x00000010   Data   RO         5447    .conststrlit        nrf_log_default_backends.o
    0x0002f8e0   0x0002f8e0   0x00000004   Data   RO         5514    .conststrlit        nrf_log_frontend.o
    0x0002f8e4   0x0002f8e4   0x00000008   Data   RO         6134    .conststrlit        nrf_sdh.o
    0x0002f8ec   0x0002f8ec   0x0000000c   Data   RO         6250    .conststrlit        nrf_sdh_ble.o
    0x0002f8f8   0x0002f8f8   0x0000000c   Data   RO         6304    .conststrlit        nrf_sdh_soc.o
    0x0002f904   0x0002f904   0x00000020   Data   RO         6505    Region$$Table       anon$$obj.o
    0x0002f924   0x0002f924   0x00000010   Data   RO         5449    log_backends        nrf_log_default_backends.o
    0x0002f934   0x0002f934   0x00000008   Data   RO         1690    log_const_data      nrf_ble_gatt.o
    0x0002f93c   0x0002f93c   0x00000008   Data   RO         1953    log_const_data      nrf_drv_clock.o
    0x0002f944   0x0002f944   0x00000008   Data   RO         2174    log_const_data      nrfx_clock.o
    0x0002f94c   0x0002f94c   0x00000008   Data   RO         2371    log_const_data      nrfx_gpiote.o
    0x0002f954   0x0002f954   0x00000008   Data   RO         2646    log_const_data      nrfx_prs.o
    0x0002f95c   0x0002f95c   0x00000008   Data   RO         2734    log_const_data      nrfx_uart.o
    0x0002f964   0x0002f964   0x00000008   Data   RO         2976    log_const_data      nrfx_uarte.o
    0x0002f96c   0x0002f96c   0x00000008   Data   RO         3331    log_const_data      nrfx_timer.o
    0x0002f974   0x0002f974   0x00000008   Data   RO         3508    log_const_data      nrfx_rtc.o
    0x0002f97c   0x0002f97c   0x00000008   Data   RO         3655    log_const_data      app_button.o
    0x0002f984   0x0002f984   0x00000008   Data   RO         4154    log_const_data      app_timer2.o
    0x0002f98c   0x0002f98c   0x00000008   Data   RO         5117    log_const_data      nrf_pwr_mgmt.o
    0x0002f994   0x0002f994   0x00000008   Data   RO         5291    log_const_data      nrf_sortlist.o
    0x0002f99c   0x0002f99c   0x00000008   Data   RO         5516    log_const_data      nrf_log_frontend.o
    0x0002f9a4   0x0002f9a4   0x00000008   Data   RO         6136    log_const_data      nrf_sdh.o
    0x0002f9ac   0x0002f9ac   0x00000008   Data   RO         6252    log_const_data      nrf_sdh_ble.o
    0x0002f9b4   0x0002f9b4   0x00000008   Data   RO         6305    log_const_data      nrf_sdh_soc.o
    0x0002f9bc   0x0002f9bc   0x00000014   Data   RO         5517    nrf_balloc          nrf_log_frontend.o
    0x0002f9d0   0x0002f9d0   0x00000008   Data   RO         1436    sdh_ble_observers0  ble_conn_state.o
    0x0002f9d8   0x0002f9d8   0x00000010   Data   RO           39    sdh_ble_observers1  main.o
    0x0002f9e8   0x0002f9e8   0x00000008   Data   RO         1174    sdh_ble_observers1  ble_conn_params.o
    0x0002f9f0   0x0002f9f0   0x00000010   Data   RO           40    sdh_ble_observers2  main.o
    0x0002fa00   0x0002fa00   0x00000008   Data   RO           41    sdh_ble_observers3  main.o
    0x0002fa08   0x0002fa08   0x00000008   Data   RO         1954    sdh_soc_observers0  nrf_drv_clock.o
    0x0002fa10   0x0002fa10   0x00000008   Data   RO         6253    sdh_stack_observers0  nrf_sdh_ble.o
    0x0002fa18   0x0002fa18   0x00000008   Data   RO         6306    sdh_stack_observers0  nrf_sdh_soc.o
    0x0002fa20   0x0002fa20   0x00000008   Data   RO         1955    sdh_state_observers0  nrf_drv_clock.o


    Execution Region RW_IRAM1 (Exec base: 0x20002ad8, Load base: 0x0002fa28, Size: 0x000033f8, Max: 0x0000d528, ABSOLUTE, COMPRESSED[0x0000006c])

    Exec Addr    Load Addr    Size         Type   Attr      Idx    E Section Name        Object

    0x20002ad8   COMPRESSED   0x0000004d   Data   RW           38    .data               main.o
    0x20002b25   COMPRESSED   0x00000003   PAD
    0x20002b28   COMPRESSED   0x00000012   Data   RW          535    .data               systime.o
    0x20002b3a   COMPRESSED   0x00000002   PAD
    0x20002b3c   COMPRESSED   0x00000015   Data   RW          877    .data               bsp.o
    0x20002b51   COMPRESSED   0x00000001   PAD
    0x20002b52   COMPRESSED   0x00000008   Data   RW         1173    .data               ble_conn_params.o
    0x20002b5a   COMPRESSED   0x00000002   PAD
    0x20002b5c   COMPRESSED   0x00000009   Data   RW         2101    .data               nrf_drv_uart.o
    0x20002b65   COMPRESSED   0x00000003   PAD
    0x20002b68   COMPRESSED   0x00000008   Data   RW         2173    .data               nrfx_clock.o
    0x20002b70   COMPRESSED   0x00000008   Data   RW         2645    .data               nrfx_prs.o
    0x20002b78   COMPRESSED   0x00000007   Data   RW         3507    .data               nrfx_rtc.o
    0x20002b7f   COMPRESSED   0x00000001   PAD
    0x20002b80   COMPRESSED   0x00000018   Data   RW         3654    .data               app_button.o
    0x20002b98   COMPRESSED   0x00000024   Data   RW         4153    .data               app_timer2.o
    0x20002bbc   COMPRESSED   0x0000001b   Data   RW         4296    .data               app_uart_fifo.o
    0x20002bd7   COMPRESSED   0x00000001   PAD
    0x20002bd8   COMPRESSED   0x0000000c   Data   RW         4423    .data               drv_rtc.o
    0x20002be4   COMPRESSED   0x00000009   Data   RW         5116    .data               nrf_pwr_mgmt.o
    0x20002bed   COMPRESSED   0x00000001   Data   RW         5348    .data               nrf_log_backend_rtt.o
    0x20002bee   COMPRESSED   0x00000002   PAD
    0x20002bf0   COMPRESSED   0x00000008   Data   RW         5448    .data               nrf_log_default_backends.o
    0x20002bf8   COMPRESSED   0x00000010   Data   RW         5515    .data               nrf_log_frontend.o
    0x20002c08   COMPRESSED   0x00000040   Data   RW         5693    .data               nrf_log_str_formatter.o
    0x20002c48   COMPRESSED   0x00000003   Data   RW         6135    .data               nrf_sdh.o
    0x20002c4b   COMPRESSED   0x00000001   Data   RW         6251    .data               nrf_sdh_ble.o
    0x20002c4c   COMPRESSED   0x00000004   Data   RW         6356    .data               system_nrf52.o
    0x20002c50        -       0x00000748   Zero   RW           36    .bss                main.o
    0x20003398        -       0x00000070   Zero   RW          875    .bss                bsp.o
    0x20003408        -       0x00000050   Zero   RW         1172    .bss                ble_conn_params.o
    0x20003458        -       0x0000007c   Zero   RW         1435    .bss                ble_conn_state.o
    0x200034d4        -       0x00000014   Zero   RW         1950    .bss                nrf_drv_clock.o
    0x200034e8        -       0x0000005c   Zero   RW         2368    .bss                nrfx_gpiote.o
    0x20003544        -       0x0000002c   Zero   RW         2731    .bss                nrfx_uart.o
    0x20003570        -       0x00000024   Zero   RW         2973    .bss                nrfx_uarte.o
    0x20003594        -       0x00000024   Zero   RW         3328    .bss                nrfx_timer.o
    0x200035b8        -       0x00000030   Zero   RW         3651    .bss                app_button.o
    0x200035e8        -       0x0000000c   Zero   RW         3859    .bss                app_util_platform.o
    0x200035f4        -       0x00000068   Zero   RW         4150    .bss                app_timer2.o
    0x2000365c        -       0x00000020   Zero   RW         4294    .bss                app_uart_fifo.o
    0x2000367c        -       0x0000000c   Zero   RW         5113    .bss                nrf_pwr_mgmt.o
    0x20003688        -       0x00000040   Zero   RW         5346    .bss                nrf_log_backend_rtt.o
    0x200036c8        -       0x0000057c   Zero   RW         5512    .bss                nrf_log_frontend.o
    0x20003c44        -       0x00000288   Zero   RW         5791    .bss                segger_rtt.o
    0x20003ecc   COMPRESSED   0x00000004   PAD
    0x20003ed0        -       0x00002000   Zero   RW         6333    STACK               arm_startup_nrf52.o


==============================================================================

Image component sizes


      Code (inc. data)   RO Data    RW Data    ZI Data      Debug   Object Name

       838        102         26         24         48      20862   app_button.o
        28          0          0          0          0       2277   app_error.o
       188         44          0          0          0      30477   app_error_weak.o
       170          0          0          0          0       5298   app_fifo.o
      1122        124         38         36        104      16857   app_timer2.o
       838        118         32         27         32      21007   app_uart_fifo.o
       200         24          0          0         12       9842   app_util_platform.o
        36          8        512          0       8192        860   arm_startup_nrf52.o
      1756          0          0          0          0      54140   ble_advdata.o
      1390          6          0          0          0      14939   ble_advertising.o
       936         56          8          8         80      10663   ble_conn_params.o
       486         32          8          0        124       8236   ble_conn_state.o
       108          0          0          0          0       1400   ble_link_ctx_manager.o
       676          6          0          0          0      40613   ble_srv_common.o
       428         30          8          0          0      12480   boards.o
      1494        124         44         21        112      11932   bsp.o
       990         98          6         12          0      48465   drv_rtc.o
      2750        414         88         77       1864     187501   main.o
      1074        224         16          0          0       7934   my_ble_uarts.o
       352          0          0          0          0       5329   nrf_atfifo.o
        90          0          0          0          0       2716   nrf_atflags.o
       386          0          0          0          0       7139   nrf_atomic.o
       218          0          0          0          0       3391   nrf_balloc.o
      1248        280        205          0          0      38517   nrf_ble_gatt.o
       390          0          0          0          0       5489   nrf_ble_qwr.o
       364         48         30          0         20      37496   nrf_drv_clock.o
       252         42          0          9          0      16856   nrf_drv_uart.o
        70          0          0          0          0       3205   nrf_fprintf.o
      1030          6         16          0          0       6654   nrf_fprintf_format.o
       176         16         22          1         64       6085   nrf_log_backend_rtt.o
       242          0          0          0          0      10517   nrf_log_backend_serial.o
        40          6         32          8          0       3037   nrf_log_default_backends.o
      2082        134         44         16       1404      29054   nrf_log_frontend.o
       626        112        102         64          0       5380   nrf_log_str_formatter.o
       514          0          0          0          0       8891   nrf_memobj.o
       168         22         53          9         12      37394   nrf_pwr_mgmt.o
        28          0          0          0          0       2043   nrf_ringbuf.o
       556         56        104          3          0      37573   nrf_sdh.o
       904        240        539          1          0       5887   nrf_sdh_ble.o
        84          4         56          0          0       2392   nrf_sdh_soc.o
       112          0          0          0          0       2456   nrf_section_iter.o
       110          0         17          0          0       3497   nrf_sortlist.o
        92         10       1319          0          0       2399   nrf_strerror.o
       400         34         14          8          0      43976   nrfx_clock.o
      1744        112         77          0         92      61742   nrfx_gpiote.o
       140         14         12          8          0       4016   nrfx_prs.o
       536         34         12          7          0      13527   nrfx_rtc.o
       202         30         14          0         36      11822   nrfx_timer.o
      1946         60         59          0         44      35164   nrfx_uart.o
      1914         58         62          0         36      31127   nrfx_uarte.o
       470         44          0          0        648       7713   segger_rtt.o
      1372        142          0          4          0       7619   system_nrf52.o
       700         48         58         18          0      56010   systime.o
        34          0          0          0          0        651   utility.o

    ----------------------------------------------------------------------
     35158       2962       3724        376      12928    1062547   Object Totals
         0          0         32          0          0          0   (incl. Generated)
        58          0         59         15          4          0   (incl. Padding)

    ----------------------------------------------------------------------

      Code (inc. data)   RO Data    RW Data    ZI Data      Debug   Library Member Name

        86          0          0          0          0          0   __dczerorl2.o
         8          4        133          0          0         68   ctype_o.o
         0          0          0          0          0          0   entry.o
         0          0          0          0          0          0   entry10a.o
         0          0          0          0          0          0   entry11a.o
         8          4          0          0          0          0   entry2.o
         4          0          0          0          0          0   entry5.o
         0          0          0          0          0          0   entry7b.o
         0          0          0          0          0          0   entry8b.o
         8          4          0          0          0          0   entry9a.o
        30          0          0          0          0          0   handlers.o
        36          8          0          0          0         68   init.o
        30          0          0          0          0         68   llshl.o
        32          0          0          0          0         68   llushr.o
        36          0          0          0          0         68   memcpya.o
        36          0          0          0          0        108   memseta.o
        18          0          0          0          0         68   strcpy.o
        14          0          0          0          0         68   strlen.o
        98          0          0          0          0         92   uldiv.o

    ----------------------------------------------------------------------
       446         20        136          0          0        676   Library Totals
         2          0          3          0          0          0   (incl. Padding)

    ----------------------------------------------------------------------

      Code (inc. data)   RO Data    RW Data    ZI Data      Debug   Library Name

       444         20        133          0          0        676   mc_w.l

    ----------------------------------------------------------------------
       446         20        136          0          0        676   Library Totals

    ----------------------------------------------------------------------

==============================================================================


      Code (inc. data)   RO Data    RW Data    ZI Data      Debug   

     35604       2982       3860        376      12928    1017199   Grand Totals
     35604       2982       3860        108      12928    1017199   ELF Image Totals (compressed)
     35604       2982       3860        108          0          0   ROM Totals

==============================================================================

    Total RO  Size (Code + RO Data)                39464 (  38.54kB)
    Total RW  Size (RW Data + ZI Data)             13304 (  12.99kB)
    Total ROM Size (Code + RO Data + RW Data)      39572 (  38.64kB)

==============================================================================

